Component: ARM Compiler 5.06 update 5 (build 528) Tool: armlink [4d35e2]

==============================================================================

Section Cross References

    startup_stm32f401xe.o(STACK) refers (Special) to heapauxi.o(.text) for __use_two_region_memory
    startup_stm32f401xe.o(HEAP) refers (Special) to heapauxi.o(.text) for __use_two_region_memory
    startup_stm32f401xe.o(RESET) refers (Special) to heapauxi.o(.text) for __use_two_region_memory
    startup_stm32f401xe.o(RESET) refers to startup_stm32f401xe.o(STACK) for __initial_sp
    startup_stm32f401xe.o(RESET) refers to startup_stm32f401xe.o(.text) for Reset_Handler
    startup_stm32f401xe.o(RESET) refers to stm32f4xx_it.o(i.NMI_Handler) for NMI_Handler
    startup_stm32f401xe.o(RESET) refers to stm32f4xx_it.o(i.HardFault_Handler) for HardFault_Handler
    startup_stm32f401xe.o(RESET) refers to stm32f4xx_it.o(i.MemManage_Handler) for MemManage_Handler
    startup_stm32f401xe.o(RESET) refers to stm32f4xx_it.o(i.BusFault_Handler) for BusFault_Handler
    startup_stm32f401xe.o(RESET) refers to stm32f4xx_it.o(i.UsageFault_Handler) for UsageFault_Handler
    startup_stm32f401xe.o(RESET) refers to port.o(.emb_text) for SVC_Handler
    startup_stm32f401xe.o(RESET) refers to stm32f4xx_it.o(i.DebugMon_Handler) for DebugMon_Handler
    startup_stm32f401xe.o(RESET) refers to port.o(i.SysTick_Handler) for SysTick_Handler
    startup_stm32f401xe.o(RESET) refers to stm32f4xx_it.o(i.DMA1_Stream0_IRQHandler) for DMA1_Stream0_IRQHandler
    startup_stm32f401xe.o(RESET) refers to stm32f4xx_it.o(i.DMA1_Stream5_IRQHandler) for DMA1_Stream5_IRQHandler
    startup_stm32f401xe.o(RESET) refers to stm32f4xx_it.o(i.DMA1_Stream6_IRQHandler) for DMA1_Stream6_IRQHandler
    startup_stm32f401xe.o(RESET) refers to stm32f4xx_it.o(i.TIM1_BRK_TIM9_IRQHandler) for TIM1_BRK_TIM9_IRQHandler
    startup_stm32f401xe.o(RESET) refers to stm32f4xx_it.o(i.TIM1_UP_TIM10_IRQHandler) for TIM1_UP_TIM10_IRQHandler
    startup_stm32f401xe.o(RESET) refers to stm32f4xx_it.o(i.TIM2_IRQHandler) for TIM2_IRQHandler
    startup_stm32f401xe.o(RESET) refers to stm32f4xx_it.o(i.TIM3_IRQHandler) for TIM3_IRQHandler
    startup_stm32f401xe.o(RESET) refers to stm32f4xx_it.o(i.I2C1_EV_IRQHandler) for I2C1_EV_IRQHandler
    startup_stm32f401xe.o(RESET) refers to communication.o(i.USART2_IRQHandler) for USART2_IRQHandler
    startup_stm32f401xe.o(RESET) refers to stm32f4xx_it.o(i.EXTI15_10_IRQHandler) for EXTI15_10_IRQHandler
    startup_stm32f401xe.o(RESET) refers to stm32f4xx_it.o(i.DMA1_Stream7_IRQHandler) for DMA1_Stream7_IRQHandler
    startup_stm32f401xe.o(RESET) refers to stm32f4xx_it.o(i.TIM5_IRQHandler) for TIM5_IRQHandler
    startup_stm32f401xe.o(RESET) refers to stm32f4xx_it.o(i.DMA2_Stream1_IRQHandler) for DMA2_Stream1_IRQHandler
    startup_stm32f401xe.o(RESET) refers to stm32f4xx_it.o(i.DMA2_Stream6_IRQHandler) for DMA2_Stream6_IRQHandler
    startup_stm32f401xe.o(RESET) refers to communication.o(i.USART6_IRQHandler) for USART6_IRQHandler
    startup_stm32f401xe.o(.text) refers (Special) to heapauxi.o(.text) for __use_two_region_memory
    startup_stm32f401xe.o(.text) refers to system_stm32f4xx.o(i.SystemInit) for SystemInit
    startup_stm32f401xe.o(.text) refers to __main.o(!!!main) for __main
    startup_stm32f401xe.o(.text) refers to startup_stm32f401xe.o(HEAP) for Heap_Mem
    startup_stm32f401xe.o(.text) refers to startup_stm32f401xe.o(STACK) for Stack_Mem
    main.o(i.HAL_TIM_PeriodElapsedCallback) refers to stm32f4xx_hal.o(i.HAL_IncTick) for HAL_IncTick
    main.o(i.HAL_TIM_PeriodElapsedCallback) refers to tim.o(.bss) for htim9
    main.o(i.HAL_TIM_PeriodElapsedCallback) refers to car.o(.bss) for car
    main.o(i.SystemClock_Config) refers to rt_memclr_w.o(.text) for __aeabi_memclr4
    main.o(i.SystemClock_Config) refers to stm32f4xx_hal_rcc.o(i.HAL_RCC_OscConfig) for HAL_RCC_OscConfig
    main.o(i.SystemClock_Config) refers to stm32f4xx_hal_rcc.o(i.HAL_RCC_ClockConfig) for HAL_RCC_ClockConfig
    main.o(i.main) refers to stm32f4xx_hal.o(i.HAL_Init) for HAL_Init
    main.o(i.main) refers to main.o(i.SystemClock_Config) for SystemClock_Config
    main.o(i.main) refers to gpio.o(i.MX_GPIO_Init) for MX_GPIO_Init
    main.o(i.main) refers to dma.o(i.MX_DMA_Init) for MX_DMA_Init
    main.o(i.main) refers to usart.o(i.MX_USART2_UART_Init) for MX_USART2_UART_Init
    main.o(i.main) refers to i2c.o(i.MX_I2C1_Init) for MX_I2C1_Init
    main.o(i.main) refers to usart.o(i.MX_USART6_UART_Init) for MX_USART6_UART_Init
    main.o(i.main) refers to tim.o(i.MX_TIM3_Init) for MX_TIM3_Init
    main.o(i.main) refers to tim.o(i.MX_TIM2_Init) for MX_TIM2_Init
    main.o(i.main) refers to tim.o(i.MX_TIM1_Init) for MX_TIM1_Init
    main.o(i.main) refers to tim.o(i.MX_TIM9_Init) for MX_TIM9_Init
    main.o(i.main) refers to tim.o(i.MX_TIM10_Init) for MX_TIM10_Init
    main.o(i.main) refers to delay.o(i.delay_init) for delay_init
[...]
    HAL_UART_Receive_DMA                     0x08004561   Thumb Code    28  stm32f4xx_hal_uart.o(i.HAL_UART_Receive_DMA)
    HAL_UART_RxCpltCallback                  0x0800457d   Thumb Code     2  communication.o(i.HAL_UART_RxCpltCallback)
    HAL_UART_RxHalfCpltCallback              0x0800457f   Thumb Code     2  stm32f4xx_hal_uart.o(i.HAL_UART_RxHalfCpltCallback)
    HAL_UART_Transmit_IT                     0x08004581   Thumb Code    50  stm32f4xx_hal_uart.o(i.HAL_UART_Transmit_IT)
    HAL_UART_TxCpltCallback                  0x080045b3   Thumb Code     2  stm32f4xx_hal_uart.o(i.HAL_UART_TxCpltCallback)
    HC_trig                                  0x080045b5   Thumb Code    36  hc-sr04.o(i.HC_trig)
    HardFault_Handler                        0x080045dd   Thumb Code     2  stm32f4xx_it.o(i.HardFault_Handler)
    I2C1_EV_IRQHandler                       0x080045e1   Thumb Code     6  stm32f4xx_it.o(i.I2C1_EV_IRQHandler)
    Limit                                    0x0800549d   Thumb Code    46  car.o(i.Limit)
    MPU6500_DMP_Get_Data                     0x080054d1   Thumb Code   492  mpu6500.o(i.MPU6500_DMP_Get_Data)
    MPU_6500_Init                            0x080056d1   Thumb Code   160  mpu6500.o(i.MPU_6500_Init)
    MX_DMA_Init                              0x08005775   Thumb Code   136  dma.o(i.MX_DMA_Init)
    MX_FREERTOS_Init                         0x08005801   Thumb Code    96  freertos.o(i.MX_FREERTOS_Init)
    MX_GPIO_Init                             0x08005869   Thumb Code   248  gpio.o(i.MX_GPIO_Init)
    MX_I2C1_Init                             0x08005971   Thumb Code    50  i2c.o(i.MX_I2C1_Init)
    MX_TIM10_Init                            0x080059b1   Thumb Code    46  tim.o(i.MX_TIM10_Init)
    MX_TIM1_Init                             0x080059e9   Thumb Code   102  tim.o(i.MX_TIM1_Init)
    MX_TIM2_Init                             0x08005a59   Thumb Code   160  tim.o(i.MX_TIM2_Init)
    MX_TIM3_Init                             0x08005afd   Thumb Code   100  tim.o(i.MX_TIM3_Init)
    MX_TIM9_Init                             0x08005b69   Thumb Code    68  tim.o(i.MX_TIM9_Init)
    MX_USART2_UART_Init                      0x08005bb5   Thumb Code    48  usart.o(i.MX_USART2_UART_Init)
    MX_USART6_UART_Init                      0x08005bed   Thumb Code    48  usart.o(i.MX_USART6_UART_Init)
    MemManage_Handler                        0x08005c25   Thumb Code     2  stm32f4xx_it.o(i.MemManage_Handler)
    MotorPidCalc                             0x08005c29   Thumb Code   324  car.o(i.MotorPidCalc)
    Move                                     0x08005d85   Thumb Code   214  motor.o(i.Move)
    NMI_Handler                              0x08005e5b   Thumb Code     2  stm32f4xx_it.o(i.NMI_Handler)
    PID_init                                 0x08005e5d   Thumb Code    88  pid.o(i.PID_init)
    StartCarTask                             0x08005eb9   Thumb Code    32  cartask.o(i.StartCarTask)
    StartDefaultTask                         0x08005edd   Thumb Code     8  freertos.o(i.StartDefaultTask)
    StartMultiTask                           0x08005ee5   Thumb Code    24  multitask.o(i.StartMultiTask)
    StartOledTask                            0x08005f05   Thumb Code   116  oledtask.o(i.StartOledTask)
    SysTick_Handler                          0x08005fb1   Thumb Code    38  port.o(i.SysTick_Handler)
    SystemClock_Config                       0x08005fdd   Thumb Code   142  main.o(i.SystemClock_Config)
    SystemInit                               0x08006075   Thumb Code    12  system_stm32f4xx.o(i.SystemInit)
    TIM1_BRK_TIM9_IRQHandler                 0x08006085   Thumb Code    18  stm32f4xx_it.o(i.TIM1_BRK_TIM9_IRQHandler)
    TIM1_UP_TIM10_IRQHandler                 0x080060a1   Thumb Code    18  stm32f4xx_it.o(i.TIM1_UP_TIM10_IRQHandler)
    TIM2_IRQHandler                          0x080060bd   Thumb Code     6  stm32f4xx_it.o(i.TIM2_IRQHandler)
    TIM3_IRQHandler                          0x080060c9   Thumb Code     6  stm32f4xx_it.o(i.TIM3_IRQHandler)
    TIM5_IRQHandler                          0x080060d5   Thumb Code     6  stm32f4xx_it.o(i.TIM5_IRQHandler)
    TIM_Base_SetConfig                       0x080060e1   Thumb Code   136  stm32f4xx_hal_tim.o(i.TIM_Base_SetConfig)
    TIM_CCxChannelCmd                        0x08006185   Thumb Code    26  stm32f4xx_hal_tim.o(i.TIM_CCxChannelCmd)
    TIM_ETR_SetConfig                        0x0800619f   Thumb Code    20  stm32f4xx_hal_tim.o(i.TIM_ETR_SetConfig)
    TIM_OC2_SetConfig                        0x08006215   Thumb Code    84  stm32f4xx_hal_tim.o(i.TIM_OC2_SetConfig)
    Turn                                     0x08006351   Thumb Code    28  pid2.o(i.Turn)
    UART_IdleCallback                        0x080064d9   Thumb Code    96  communication.o(i.UART_IdleCallback)
    UART_Start_Receive_DMA                   0x08006725   Thumb Code   130  stm32f4xx_hal_uart.o(i.UART_Start_Receive_DMA)
    USART2_IRQHandler                        0x080067b5   Thumb Code    36  communication.o(i.USART2_IRQHandler)
    USART6_IRQHandler                        0x080067dd   Thumb Code    36  communication.o(i.USART6_IRQHandler)
    UsageFault_Handler                       0x08006805   Thumb Code     2  stm32f4xx_it.o(i.UsageFault_Handler)
    Velocity                                 0x08006809   Thumb Code   138  pid2.o(i.Velocity)
    Vertical                                 0x080068a1   Thumb Code    32  pid2.o(i.Vertical)
    __ARM_fpclassify                         0x080068c5   Thumb Code    48  fpclassify.o(i.__ARM_fpclassify)
    __hardfp_asin                            0x08006919   Thumb Code   770  asin.o(i.__hardfp_asin)
    __hardfp_atan                            0x08006c79   Thumb Code   622  atan.o(i.__hardfp_atan)
    __hardfp_atan2                           0x08006f51   Thumb Code   432  atan2.o(i.__hardfp_atan2)
    __kernel_poly                            0x08007141   Thumb Code   248  poly.o(i.__kernel_poly)
    __mathlib_dbl_infnan                     0x08007239   Thumb Code    20  dunder.o(i.__mathlib_dbl_infnan)
    __mathlib_dbl_infnan2                    0x0800724d   Thumb Code    20  dunder.o(i.__mathlib_dbl_infnan2)
    __mathlib_dbl_invalid                    0x08007261   Thumb Code    24  dunder.o(i.__mathlib_dbl_invalid)
    __mathlib_dbl_underflow                  0x08007281   Thumb Code    24  dunder.o(i.__mathlib_dbl_underflow)
    _is_digit                                0x080072a1   Thumb Code    14  __printf_wp.o(i._is_digit)
    atan                                     0x080072af   Thumb Code    16  atan.o(i.atan)
    calc_dis                                 0x080072c1   Thumb Code    66  hc-sr04.o(i.calc_dis)
    delay_init                               0x08007321   Thumb Code    18  delay.o(i.delay_init)
    delay_ms                                 0x0800733d   Thumb Code    48  delay.o(i.delay_ms)
    delay_us                                 0x08007375   Thumb Code    48  delay.o(i.delay_us)
    dmp_enable_6x_lp_quat                    0x080073ad   Thumb Code    58  inv_mpu_dmp_motion_driver.o(i.dmp_enable_6x_lp_quat)
    dmp_enable_feature                       0x080073e9   Thumb Code   464  inv_mpu_dmp_motion_driver.o(i.dmp_enable_feature)
    dmp_enable_gyro_cal                      0x080075c1   Thumb Code    34  inv_mpu_dmp_motion_driver.o(i.dmp_enable_gyro_cal)
    dmp_enable_lp_quat                       0x080075fd   Thumb Code    58  inv_mpu_dmp_motion_driver.o(i.dmp_enable_lp_quat)
    dmp_load_motion_driver_firmware          0x08007639   Thumb Code    16  inv_mpu_dmp_motion_driver.o(i.dmp_load_motion_driver_firmware)
    dmp_read_fifo                            0x0800764d   Thumb Code   326  inv_mpu_dmp_motion_driver.o(i.dmp_read_fifo)
    dmp_set_fifo_rate                        0x08007799   Thumb Code    82  inv_mpu_dmp_motion_driver.o(i.dmp_set_fifo_rate)
    dmp_set_orientation                      0x080077fd   Thumb Code   246  inv_mpu_dmp_motion_driver.o(i.dmp_set_orientation)
    dmp_set_shake_reject_thresh              0x08007909   Thumb Code    48  inv_mpu_dmp_motion_driver.o(i.dmp_set_shake_reject_thresh)
    dmp_set_shake_reject_time                0x08007939   Thumb Code    32  inv_mpu_dmp_motion_driver.o(i.dmp_set_shake_reject_time)
    dmp_set_shake_reject_timeout             0x08007959   Thumb Code    32  inv_mpu_dmp_motion_driver.o(i.dmp_set_shake_reject_timeout)
    dmp_set_tap_axes                         0x08007979   Thumb Code    64  inv_mpu_dmp_motion_driver.o(i.dmp_set_tap_axes)
    dmp_set_tap_count                        0x080079b9   Thumb Code    34  inv_mpu_dmp_motion_driver.o(i.dmp_set_tap_count)
    dmp_set_tap_thresh                       0x080079dd   Thumb Code   314  inv_mpu_dmp_motion_driver.o(i.dmp_set_tap_thresh)
    dmp_set_tap_time                         0x08007b3d   Thumb Code    32  inv_mpu_dmp_motion_driver.o(i.dmp_set_tap_time)
    dmp_set_tap_time_multi                   0x08007b5d   Thumb Code    32  inv_mpu_dmp_motion_driver.o(i.dmp_set_tap_time_multi)
    fabs                                     0x08007b7d   Thumb Code    24  fabs.o(i.fabs)
    main                                     0x08007bdd   Thumb Code   188  main.o(i.main)
    mpu_configure_fifo                       0x08007ccd   Thumb Code    78  inv_mpu.o(i.mpu_configure_fifo)
    mpu_get_accel_fsr                        0x08007d21   Thumb Code    54  inv_mpu.o(i.mpu_get_accel_fsr)
    mpu_init                                 0x08007d5d   Thumb Code   254  inv_mpu.o(i.mpu_init)
    mpu_load_firmware                        0x08007e65   Thumb Code   166  inv_mpu.o(i.mpu_load_firmware)
    mpu_lp_accel_mode                        0x08007f15   Thumb Code   230  inv_mpu.o(i.mpu_lp_accel_mode)
    mpu_read_fifo_stream                     0x08008005   Thumb Code   186  inv_mpu.o(i.mpu_read_fifo_stream)
    mpu_read_mem                             0x080080c9   Thumb Code   110  inv_mpu.o(i.mpu_read_mem)
    mpu_reset_fifo                           0x08008141   Thumb Code   454  inv_mpu.o(i.mpu_reset_fifo)
    mpu_set_accel_fsr                        0x08008311   Thumb Code   112  inv_mpu.o(i.mpu_set_accel_fsr)
    mpu_set_bypass                           0x08008389   Thumb Code   310  inv_mpu.o(i.mpu_set_bypass)
    mpu_set_dmp_state                        0x080084c9   Thumb Code   142  inv_mpu.o(i.mpu_set_dmp_state)
    mpu_set_gyro_fsr                         0x08008561   Thumb Code   118  inv_mpu.o(i.mpu_set_gyro_fsr)
    mpu_set_int_latched                      0x080085e1   Thumb Code   108  inv_mpu.o(i.mpu_set_int_latched)
    mpu_set_lpf                              0x08008655   Thumb Code   120  inv_mpu.o(i.mpu_set_lpf)
    mpu_set_sample_rate                      0x080086d5   Thumb Code   142  inv_mpu.o(i.mpu_set_sample_rate)
    mpu_set_sensors                          0x0800876d   Thumb Code   216  inv_mpu.o(i.mpu_set_sensors)
    mpu_write_mem                            0x0800884d   Thumb Code   110  inv_mpu.o(i.mpu_write_mem)
    newCar                                   0x080088c5   Thumb Code   288  car.o(i.newCar)
    newEncoder                               0x08008a05   Thumb Code    48  encoder.o(i.newEncoder)
    newImu                                   0x08008a39   Thumb Code    24  imu.o(i.newImu)
    newMotor                                 0x08008a59   Thumb Code    62  motor.o(i.newMotor)
    osDelay                                  0x08008aa1   Thumb Code    14  cmsis_os.o(i.osDelay)
    osKernelStart                            0x08008aaf   Thumb Code    10  cmsis_os.o(i.osKernelStart)
    osThreadCreate                           0x08008ab9   Thumb Code    84  cmsis_os.o(i.osThreadCreate)
    pvPortMalloc                             0x08008e59   Thumb Code   216  heap_4.o(i.pvPortMalloc)
    pxPortInitialiseStack                    0x08008f35   Thumb Code    40  port.o(i.pxPortInitialiseStack)
    sqrt                                     0x08008fdd   Thumb Code   110  sqrt.o(i.sqrt)
    ssd1306_DrawPixel                        0x0800904d   Thumb Code    42  ssd1306.o(i.ssd1306_DrawPixel)
    ssd1306_Fill                             0x0800907d   Thumb Code    18  ssd1306.o(i.ssd1306_Fill)
    ssd1306_Init                             0x08009095   Thumb Code   194  ssd1306.o(i.ssd1306_Init)
    ssd1306_Printf                           0x0800915d   Thumb Code    46  ssd1306.o(i.ssd1306_Printf)
    ssd1306_SetContrast                      0x0800918b   Thumb Code    20  ssd1306.o(i.ssd1306_SetContrast)
    ssd1306_SetCursor                        0x080091a1   Thumb Code     8  ssd1306.o(i.ssd1306_SetCursor)
    ssd1306_SetDisplayOn                     0x080091ad   Thumb Code    20  ssd1306.o(i.ssd1306_SetDisplayOn)
    ssd1306_UpdateScreen                     0x080091c5   Thumb Code    50  ssd1306.o(i.ssd1306_UpdateScreen)
    ssd1306_WriteChar                        0x080091fd   Thumb Code   162  ssd1306.o(i.ssd1306_WriteChar)
    ssd1306_WriteCommand                     0x080092a5   Thumb Code    26  ssd1306.o(i.ssd1306_WriteCommand)
    ssd1306_WriteData                        0x080092c5   Thumb Code    22  ssd1306.o(i.ssd1306_WriteData)
    ssd1306_WriteString                      0x080092e1   Thumb Code    52  ssd1306.o(i.ssd1306_WriteString)
    ssd1306_clear_color                      0x08009315   Thumb Code    14  ssd1306.o(i.ssd1306_clear_color)
    uart_printf                              0x08009325   Thumb Code    44  communication.o(i.uart_printf)
    uxListRemove                             0x08009359   Thumb Code    38  list.o(i.uxListRemove)
    vApplicationGetIdleTaskMemory            0x08009381   Thumb Code    16  freertos.o(i.vApplicationGetIdleTaskMemory)
    vListInitialise                          0x08009395   Thumb Code    22  list.o(i.vListInitialise)
    vListInitialiseItem                      0x080093ab   Thumb Code     6  list.o(i.vListInitialiseItem)
    vListInsert                              0x080093b1   Thumb Code    48  list.o(i.vListInsert)
    vListInsertEnd                           0x080093e1   Thumb Code    24  list.o(i.vListInsertEnd)
    vPortEnterCritical                       0x080093f9   Thumb Code    54  port.o(i.vPortEnterCritical)
    vPortExitCritical                        0x08009439   Thumb Code    34  port.o(i.vPortExitCritical)
    vPortFree                                0x08009461   Thumb Code    94  heap_4.o(i.vPortFree)
    vPortSetupTimerInterrupt                 0x080094c5   Thumb Code    32  port.o(i.vPortSetupTimerInterrupt)
    vTaskDelay                               0x080094e9   Thumb Code    66  tasks.o(i.vTaskDelay)
    vTaskStartScheduler                      0x08009535   Thumb Code    90  tasks.o(i.vTaskStartScheduler)
    vTaskSuspendAll                          0x080095a1   Thumb Code    10  tasks.o(i.vTaskSuspendAll)
    vTaskSwitchContext                       0x080095b1   Thumb Code    82  tasks.o(i.vTaskSwitchContext)
    xPortStartScheduler                      0x0800960d   Thumb Code   222  port.o(i.xPortStartScheduler)
    xTaskCreate                              0x08009701   Thumb Code    90  tasks.o(i.xTaskCreate)
    xTaskCreateStatic                        0x0800975b   Thumb Code    86  tasks.o(i.xTaskCreateStatic)
    xTaskIncrementTick                       0x080097b1   Thumb Code   194  tasks.o(i.xTaskIncrementTick)
    xTaskResumeAll                           0x0800987d   Thumb Code   182  tasks.o(i.xTaskResumeAll)
    _get_lc_numeric                          0x08009941   Thumb Code    44  lc_numeric_c.o(locale$$code)
    _get_lc_ctype                            0x0800996d   Thumb Code    44  lc_ctype_c.o(locale$$code)
    __aeabi_dneg                             0x08009999   Thumb Code     0  basic.o(x$fpl$basic)
    _dneg                                    0x08009999   Thumb Code     6  basic.o(x$fpl$basic)
    __aeabi_fneg                             0x0800999f   Thumb Code     0  basic.o(x$fpl$basic)
    _fneg                                    0x0800999f   Thumb Code     6  basic.o(x$fpl$basic)
    _dabs                                    0x080099a5   Thumb Code     6  basic.o(x$fpl$basic)
    _fabs                                    0x080099ab   Thumb Code     6  basic.o(x$fpl$basic)
    __aeabi_d2f                              0x080099b1   Thumb Code     0  d2f.o(x$fpl$d2f)
    _d2f                                     0x080099b1   Thumb Code    98  d2f.o(x$fpl$d2f)
    __aeabi_dadd                             0x08009a15   Thumb Code     0  daddsub_clz.o(x$fpl$dadd)
    _dadd                                    0x08009a15   Thumb Code   332  daddsub_clz.o(x$fpl$dadd)
    __aeabi_ddiv                             0x08009b65   Thumb Code     0  ddiv.o(x$fpl$ddiv)
    _ddiv                                    0x08009b65   Thumb Code   552  ddiv.o(x$fpl$ddiv)
    __aeabi_d2iz                             0x08009e15   Thumb Code     0  dfix.o(x$fpl$dfix)
    _dfix                                    0x08009e15   Thumb Code    94  dfix.o(x$fpl$dfix)
    __aeabi_d2uiz                            0x08009e75   Thumb Code     0  dfixu.o(x$fpl$dfixu)
    _dfixu                                   0x08009e75   Thumb Code    90  dfixu.o(x$fpl$dfixu)
    __aeabi_i2d                              0x08009ecf   Thumb Code     0  dflt_clz.o(x$fpl$dflt)
    _dflt                                    0x08009ecf   Thumb Code    46  dflt_clz.o(x$fpl$dflt)
    __aeabi_dmul                             0x08009efd   Thumb Code     0  dmul.o(x$fpl$dmul)
    _dmul                                    0x08009efd   Thumb Code   332  dmul.o(x$fpl$dmul)
    __fpl_dnaninf                            0x0800a051   Thumb Code   156  dnaninf.o(x$fpl$dnaninf)
    __fpl_dretinf                            0x0800a0ed   Thumb Code    12  dretinf.o(x$fpl$dretinf)
    __aeabi_drsub                            0x0800a0f9   Thumb Code     0  daddsub_clz.o(x$fpl$drsb)
    _drsb                                    0x0800a0f9   Thumb Code    22  daddsub_clz.o(x$fpl$drsb)
    _dsqrt                                   0x0800a111   Thumb Code   404  dsqrt_umaal.o(x$fpl$dsqrt)
    __aeabi_dsub                             0x0800a2a9   Thumb Code     0  daddsub_clz.o(x$fpl$dsub)
    _dsub                                    0x0800a2a9   Thumb Code   464  daddsub_clz.o(x$fpl$dsub)
    __aeabi_f2d                              0x0800a47d   Thumb Code     0  f2d.o(x$fpl$f2d)
    _f2d                                     0x0800a47d   Thumb Code    86  f2d.o(x$fpl$f2d)
    __fpl_fnaninf                            0x0800a4d3   Thumb Code   140  fnaninf.o(x$fpl$fnaninf)
    _fp_init                                 0x0800a55f   Thumb Code    10  fpinit.o(x$fpl$fpinit)
    __fplib_config_fpu_vfp                   0x0800a567   Thumb Code     0  fpinit.o(x$fpl$fpinit)
    __fplib_config_pureend_doubles           0x0800a567   Thumb Code     0  fpinit.o(x$fpl$fpinit)
    __fpl_fretinf                            0x0800a569   Thumb Code    10  fretinf.o(x$fpl$fretinf)
    _printf_fp_dec                           0x0800a573   Thumb Code     4  printf1.o(x$fpl$printf1)
    _printf_fp_hex                           0x0800a577   Thumb Code     4  printf2.o(x$fpl$printf2)
    __I$use$fp                               0x0800a57a   Number         0  usenofp.o(x$fpl$usenofp)
    AHBPrescTable                            0x0800a5f4   Data          16  system_stm32f4xx.o(.constdata)
    APBPrescTable                            0x0800a604   Data           8  system_stm32f4xx.o(.constdata)
    reg                                      0x0800a660   Data          30  inv_mpu.o(.constdata)
    hw                                       0x0800a67e   Data          12  inv_mpu.o(.constdata)
    test                                     0x0800a68c   Data          48  inv_mpu.o(.constdata)
    Font_7x10                                0x0800ba20   Data          12  ssd1306_fonts.o(.constdata)
    __mathlib_zero                           0x0800bb58   Data           8  qnan.o(.constdata)
    Region$$Table$$Base                      0x0800bc48   Number         0  anon$$obj.o(Region$$Table)
    Region$$Table$$Limit                     0x0800bc68   Number         0  anon$$obj.o(Region$$Table)
    __ctype                                  0x0800bc91   Data           0  lc_ctype_c.o(locale$$data)
    carTaskHandle                            0x20000000   Data           4  freertos.o(.data)
    oledTaskHandle                           0x20000004   Data           4  freertos.o(.data)
    multiTaskHandle                          0x20000008   Data           4  freertos.o(.data)
    defaultTaskHandle                        0x2000000c   Data           4  freertos.o(.data)
    uwTickFreq                               0x20000010   Data           1  stm32f4xx_hal.o(.data)
    uwTickPrio                               0x20000014   Data           4  stm32f4xx_hal.o(.data)
    uwTick                                   0x20000018   Data           4  stm32f4xx_hal.o(.data)
    SystemCoreClock                          0x2000001c   Data           4  system_stm32f4xx.o(.data)
    pxCurrentTCB                             0x20000020   Data           4  tasks.o(.data)
    RUNNING                                  0x2000008c   Data           4  car.o(.data)
    PWM_MAX                                  0x20000090   Data           4  car.o(.data)
    PWM_MIN                                  0x20000094   Data           4  car.o(.data)
    Vertical_out                             0x20000098   Data           4  car.o(.data)
    Velocity_out                             0x2000009c   Data           4  car.o(.data)
    Turn_out                                 0x200000a0   Data           4  car.o(.data)
    PWM_out                                  0x200000a4   Data           4  car.o(.data)
    MOTO1                                    0x200000a8   Data           4  car.o(.data)
    MOTO2                                    0x200000ac   Data           4  car.o(.data)
    captureFlag                              0x200000b0   Data           1  hc-sr04.o(.data)
    lastCapture                              0x200000b4   Data           4  hc-sr04.o(.data)
    pulseWidth_us                            0x200000b8   Data           4  hc-sr04.o(.data)
    dis                                      0x200000bc   Data           4  hc-sr04.o(.data)
    Vertical_Kp                              0x200000c0   Data           4  pid2.o(.data)
    Vertical_Kd                              0x200000c4   Data           4  pid2.o(.data)
    Velocity_Kp                              0x200000c8   Data           4  pid2.o(.data)
    Velocity_Ki                              0x200000cc   Data           4  pid2.o(.data)
    Turn_Kp                                  0x200000d0   Data           4  pid2.o(.data)
    hi2c1                                    0x20000388   Data          84  i2c.o(.bss)
    hdma_i2c1_rx                             0x200003dc   Data          96  i2c.o(.bss)
    hdma_i2c1_tx                             0x2000043c   Data          96  i2c.o(.bss)
    htim1                                    0x2000049c   Data          72  tim.o(.bss)
    htim2                                    0x200004e4   Data          72  tim.o(.bss)
    htim3                                    0x2000052c   Data          72  tim.o(.bss)
    htim9                                    0x20000574   Data          72  tim.o(.bss)
    htim10                                   0x200005bc   Data          72  tim.o(.bss)
    huart2                                   0x20000604   Data          72  usart.o(.bss)
    huart6                                   0x2000064c   Data          72  usart.o(.bss)
    hdma_usart2_tx                           0x20000694   Data          96  usart.o(.bss)
    hdma_usart2_rx                           0x200006f4   Data          96  usart.o(.bss)
    hdma_usart6_rx                           0x20000754   Data          96  usart.o(.bss)
    hdma_usart6_tx                           0x200007b4   Data          96  usart.o(.bss)
    htim5                                    0x20000814   Data          72  stm32f4xx_hal_timebase_tim.o(.bss)
    car                                      0x2000454c   Data         396  car.o(.bss)
    rx_data_buffer2                          0x200047d8   Data          64  communication.o(.bss)
    rx_data_buffer6                          0x20004818   Data          64  communication.o(.bss)
    __libspace_start                         0x20004c68   Data          96  libspace.o(.bss)
    __temporary_stack_top$libspace           0x20004cc8   Data           0  libspace.o(.bss)



==============================================================================

Memory Map of the image

  Image Entry point : 0x08000195

  Load Region LR_IROM1 (Base: 0x08000000, Size: 0x0000bec8, Max: 0x00080000, ABSOLUTE, COMPRESSED[0x0000bdd4])

    Execution Region ER_IROM1 (Exec base: 0x08000000, Load base: 0x08000000, Size: 0x0000bd94, Max: 0x00080000, ABSOLUTE)

    Exec Addr    Load Addr    Size         Type   Attr      Idx    E Section Name        Object

    0x08000000   0x08000000   0x00000194   Data   RO            3    RESET               startup_stm32f401xe.o
    0x08000194   0x08000194   0x00000008   Code   RO         6599  * !!!main             c_w.l(__main.o)
    0x0800019c   0x0800019c   0x00000034   Code   RO         7081    !!!scatter          c_w.l(__scatter.o)
    0x080001d0   0x080001d0   0x0000003a   Code   RO         7079    !!dczerorl          c_w.l(__dczerorl.o)
    0x0800020a   0x0800020a   0x00000002   PAD
    0x0800020c   0x0800020c   0x0000001c   Code   RO         7083    !!handler_zi        c_w.l(__scatter_zi.o)
    0x08000228   0x08000228   0x00000000   Code   RO         6580    .ARM.Collect$$_printf_percent$$00000000  c_w.l(_printf_percent.o)
    0x08000228   0x08000228   0x00000006   Code   RO         6738    .ARM.Collect$$_printf_percent$$00000001  c_w.l(_printf_n.o)
    0x0800022e   0x0800022e   0x00000006   Code   RO         6740    .ARM.Collect$$_printf_percent$$00000002  c_w.l(_printf_p.o)
    0x08000234   0x08000234   0x00000006   Code   RO         6744    .ARM.Collect$$_printf_percent$$00000003  c_w.l(_printf_f.o)
    0x0800023a   0x0800023a   0x00000006   Code   RO         6745    .ARM.Collect$$_printf_percent$$00000004  c_w.l(_printf_e.o)
    0x08000240   0x08000240   0x00000006   Code   RO         6746    .ARM.Collect$$_printf_percent$$00000005  c_w.l(_printf_g.o)
    0x08000246   0x08000246   0x00000006   Code   RO         6747    .ARM.Collect$$_printf_percent$$00000006  c_w.l(_printf_a.o)
    0x0800024c   0x0800024c   0x0000000a   Code   RO         6752    .ARM.Collect$$_printf_percent$$00000007  c_w.l(_printf_ll.o)
    0x08000256   0x08000256   0x00000006   Code   RO         6742    .ARM.Collect$$_printf_percent$$00000008  c_w.l(_printf_i.o)
    0x0800025c   0x0800025c   0x00000006   Code   RO         6579    .ARM.Collect$$_printf_percent$$00000009  c_w.l(_printf_d.o)
    0x08000262   0x08000262   0x00000006   Code   RO         6743    .ARM.Collect$$_printf_percent$$0000000A  c_w.l(_printf_u.o)
    0x08000268   0x08000268   0x00000006   Code   RO         6741    .ARM.Collect$$_printf_percent$$0000000B  c_w.l(_printf_o.o)
    0x0800026e   0x0800026e   0x00000006   Code   RO         6739    .ARM.Collect$$_printf_percent$$0000000C  c_w.l(_printf_x.o)
    0x08000274   0x08000274   0x00000006   Code   RO         6749    .ARM.Collect$$_printf_percent$$0000000D  c_w.l(_printf_lli.o)
    0x0800027a   0x0800027a   0x00000006   Code   RO         6750    .ARM.Collect$$_printf_percent$$0000000E  c_w.l(_printf_lld.o)
    0x08000280   0x08000280   0x00000006   Code   RO         6751    .ARM.Collect$$_printf_percent$$0000000F  c_w.l(_printf_llu.o)
    0x08000286   0x08000286   0x00000006   Code   RO         6756    .ARM.Collect$$_printf_percent$$00000010  c_w.l(_printf_llo.o)
    0x0800028c   0x0800028c   0x00000006   Code   RO         6757    .ARM.Collect$$_printf_percent$$00000011  c_w.l(_printf_llx.o)
    0x08000292   0x08000292   0x0000000a   Code   RO         6753    .ARM.Collect$$_printf_percent$$00000012  c_w.l(_printf_l.o)
    0x0800029c   0x0800029c   0x00000006   Code   RO         6736    .ARM.Collect$$_printf_percent$$00000013  c_w.l(_printf_c.o)
    0x080002a2   0x080002a2   0x00000006   Code   RO         6737    .ARM.Collect$$_printf_percent$$00000014  c_w.l(_printf_s.o)
    0x080002a8   0x080002a8   0x00000006   Code   RO         6754    .ARM.Collect$$_printf_percent$$00000015  c_w.l(_printf_lc.o)
    0x080002ae   0x080002ae   0x00000006   Code   RO         6755    .ARM.Collect$$_printf_percent$$00000016  c_w.l(_printf_ls.o)
    0x080002b4   0x080002b4   0x00000004   Code   RO         6748    .ARM.Collect$$_printf_percent$$00000017  c_w.l(_printf_percent_end.o)
    0x080002b8   0x080002b8   0x00000002   Code   RO         6943    .ARM.Collect$$libinit$$00000000  c_w.l(libinit.o)
    0x080002ba   0x080002ba   0x00000004   Code   RO         6961    .ARM.Collect$$libinit$$00000001  c_w.l(libinit2.o)
    0x080002be   0x080002be   0x00000000   Code   RO         6964    .ARM.Collect$$libinit$$00000004  c_w.l(libinit2.o)
    0x080002be   0x080002be   0x00000000   Code   RO         6967    .ARM.Collect$$libinit$$0000000A  c_w.l(libinit2.o)
    0x080002be   0x080002be   0x00000000   Code   RO         6969    .ARM.Collect$$libinit$$0000000C  c_w.l(libinit2.o)
    0x080002be   0x080002be   0x00000000   Code   RO         6971    .ARM.Collect$$libinit$$0000000E  c_w.l(libinit2.o)
    0x080002be   0x080002be   0x00000006   Code   RO         6972    .ARM.Collect$$libinit$$0000000F  c_w.l(libinit2.o)
    0x080002c4   0x080002c4   0x00000000   Code   RO         6974    .ARM.Collect$$libinit$$00000011  c_w.l(libinit2.o)
    0x080002c4   0x080002c4   0x0000000c   Code   RO         6975    .ARM.Collect$$libinit$$00000012  c_w.l(libinit2.o)
    0x080002d0   0x080002d0   0x00000000   Code   RO         6976    .ARM.Collect$$libinit$$00000013  c_w.l(libinit2.o)
    0x080002d0   0x080002d0   0x00000000   Code   RO         6978    .ARM.Collect$$libinit$$00000015  c_w.l(libinit2.o)
    0x080002d0   0x080002d0   0x0000000a   Code   RO         6979    .ARM.Collect$$libinit$$00000016  c_w.l(libinit2.o)
    0x080002da   0x080002da   0x00000000   Code   RO         6980    .ARM.Collect$$libinit$$00000017  c_w.l(libinit2.o)
    0x080002da   0x080002da   0x00000000   Code   RO         6982    .ARM.Collect$$libinit$$00000019  c_w.l(libinit2.o)
    0x080002da   0x080002da   0x00000000   Code   RO         6984    .ARM.Collect$$libinit$$0000001B  c_w.l(libinit2.o)
    0x080002da   0x080002da   0x00000000   Code   RO         6986    .ARM.Collect$$libinit$$0000001D  c_w.l(libinit2.o)
    0x080002da   0x080002da   0x00000000   Code   RO         6988    .ARM.Collect$$libinit$$0000001F  c_w.l(libinit2.o)
    0x080002da   0x080002da   0x00000000   Code   RO         6990    .ARM.Collect$$libinit$$00000021  c_w.l(libinit2.o)
    0x080002da   0x080002da   0x00000000   Code   RO         6992    .ARM.Collect$$libinit$$00000023  c_w.l(libinit2.o)
    0x080002da   0x080002da   0x00000000   Code   RO         6994    .ARM.Collect$$libinit$$00000025  c_w.l(libinit2.o)
    0x080002da   0x080002da   0x00000000   Code   RO         6998    .ARM.Collect$$libinit$$0000002C  c_w.l(libinit2.o)
    0x080002da   0x080002da   0x00000000   Code   RO         7000    .ARM.Collect$$libinit$$0000002E  c_w.l(libinit2.o)
    0x080002da   0x080002da   0x00000000   Code   RO         7002    .ARM.Collect$$libinit$$00000030  c_w.l(libinit2.o)
    0x080002da   0x080002da   0x00000000   Code   RO         7004    .ARM.Collect$$libinit$$00000032  c_w.l(libinit2.o)
    0x080002da   0x080002da   0x00000002   Code   RO         7005    .ARM.Collect$$libinit$$00000033  c_w.l(libinit2.o)
    0x080002dc   0x080002dc   0x00000002   Code   RO         7036    .ARM.Collect$$libshutdown$$00000000  c_w.l(libshutdown.o)
    0x080002de   0x080002de   0x00000000   Code   RO         7062    .ARM.Collect$$libshutdown$$00000002  c_w.l(libshutdown2.o)
    0x080002de   0x080002de   0x00000000   Code   RO         7064    .ARM.Collect$$libshutdown$$00000004  c_w.l(libshutdown2.o)
    0x080002de   0x080002de   0x00000000   Code   RO         7067    .ARM.Collect$$libshutdown$$00000007  c_w.l(libshutdown2.o)
    0x080002de   0x080002de   0x00000000   Code   RO         7070    .ARM.Collect$$libshutdown$$0000000A  c_w.l(libshutdown2.o)
    0x080002de   0x080002de   0x00000000   Code   RO         7072    .ARM.Collect$$libshutdown$$0000000C  c_w.l(libshutdown2.o)
    0x080002de   0x080002de   0x00000000   Code   RO         7075    .ARM.Collect$$libshutdown$$0000000F  c_w.l(libshutdown2.o)
    0x080002de   0x080002de   0x00000002   Code   RO         7076    .ARM.Collect$$libshutdown$$00000010  c_w.l(libshutdown2.o)
    0x080002e0   0x080002e0   0x00000000   Code   RO         6681    .ARM.Collect$$rtentry$$00000000  c_w.l(__rtentry.o)
    0x080002e0   0x080002e0   0x00000000   Code   RO         6850    .ARM.Collect$$rtentry$$00000002  c_w.l(__rtentry2.o)
    0x080002e0   0x080002e0   0x00000006   Code   RO         6862    .ARM.Collect$$rtentry$$00000004  c_w.l(__rtentry4.o)
    0x080002e6   0x080002e6   0x00000000   Code   RO         6852    .ARM.Collect$$rtentry$$00000009  c_w.l(__rtentry2.o)
    0x080002e6   0x080002e6   0x00000004   Code   RO         6853    .ARM.Collect$$rtentry$$0000000A  c_w.l(__rtentry2.o)
    0x080002ea   0x080002ea   0x00000000   Code   RO         6855    .ARM.Collect$$rtentry$$0000000C  c_w.l(__rtentry2.o)
    0x080002ea   0x080002ea   0x00000008   Code   RO         6856    .ARM.Collect$$rtentry$$0000000D  c_w.l(__rtentry2.o)
    0x080002f2   0x080002f2   0x00000002   Code   RO         6948    .ARM.Collect$$rtexit$$00000000  c_w.l(rtexit.o)
    0x080002f4   0x080002f4   0x00000000   Code   RO         7009    .ARM.Collect$$rtexit$$00000002  c_w.l(rtexit2.o)
    0x080002f4   0x080002f4   0x00000004   Code   RO         7010    .ARM.Collect$$rtexit$$00000003  c_w.l(rtexit2.o)
    0x080002f8   0x080002f8   0x00000006   Code   RO         7011    .ARM.Collect$$rtexit$$00000004  c_w.l(rtexit2.o)
    0x080002fe   0x080002fe   0x00000002   PAD
    0x08000300   0x08000300   0x000000be   Code   RO         5007    .emb_text           port.o
    0x080003be   0x080003be   0x00000002   PAD
    0x080003c0   0x080003c0   0x00000040   Code   RO            4    .text               startup_stm32f401xe.o
    0x08000400   0x08000400   0x000000ee   Code   RO         6543    .text               c_w.l(lludivv7m.o)
    0x080004ee   0x080004ee   0x00000002   PAD
    0x080004f0   0x080004f0   0x00000024   Code   RO         6547    .text               c_w.l(vsprintf.o)
    0x08000514   0x08000514   0x00000034   Code   RO         6549    .text               c_w.l(vsnprintf.o)
    0x08000548   0x08000548   0x00000078   Code   RO         6557    .text               c_w.l(_printf_dec.o)
    0x080005c0   0x080005c0   0x00000188   Code   RO         6576    .text               c_w.l(__printf_flags_ss_wp.o)
    0x08000748   0x08000748   0x00000058   Code   RO         6581    .text               c_w.l(memcmp.o)
    0x080007a0   0x080007a0   0x00000064   Code   RO         6587    .text               c_w.l(rt_memcpy_w.o)
    0x08000804   0x08000804   0x00000010   Code   RO         6591    .text               c_w.l(aeabi_memset.o)
    0x08000814   0x08000814   0x00000044   Code   RO         6593    .text               c_w.l(rt_memclr.o)
    0x08000858   0x08000858   0x0000004e   Code   RO         6595    .text               c_w.l(rt_memclr_w.o)
    0x080008a6   0x080008a6   0x00000006   Code   RO         6597    .text               c_w.l(heapauxi.o)
    0x080008ac   0x080008ac   0x00000016   Code   RO         6686    .text               c_w.l(_rserrno.o)
    0x080008c2   0x080008c2   0x0000004e   Code   RO         6688    .text               c_w.l(_printf_pad.o)
    0x08000910   0x08000910   0x00000024   Code   RO         6690    .text               c_w.l(_printf_truncate.o)
    0x08000934   0x08000934   0x00000052   Code   RO         6692    .text               c_w.l(_printf_str.o)
    0x08000986   0x08000986   0x000000b2   Code   RO         6694    .text               c_w.l(_printf_intcommon.o)
    0x08000a38   0x08000a38   0x00000028   Code   RO         6696    .text               c_w.l(_printf_charcount.o)
    0x08000a60   0x08000a60   0x00000030   Code   RO         6698    .text               c_w.l(_printf_char_common.o)
    0x08000a90   0x08000a90   0x0000000a   Code   RO         6700    .text               c_w.l(_sputc.o)
    0x08000a9a   0x08000a9a   0x00000010   Code   RO         6702    .text               c_w.l(_snputc.o)
    0x08000aaa   0x08000aaa   0x00000002   PAD
    0x08000aac   0x08000aac   0x000000bc   Code   RO         6704    .text               c_w.l(_printf_wctomb.o)
    0x08000b68   0x08000b68   0x0000007c   Code   RO         6707    .text               c_w.l(_printf_longlong_dec.o)
    0x08000be4   0x08000be4   0x00000070   Code   RO         6713    .text               c_w.l(_printf_oct_int_ll.o)
    0x08000c54   0x08000c54   0x00000094   Code   RO         6733    .text               c_w.l(_printf_hex_int_ll_ptr.o)
    0x08000ce8   0x08000ce8   0x00000008   Code   RO         6869    .text               c_w.l(rt_errno_addr_intlibspace.o)
    0x08000cf0   0x08000cf0   0x0000008a   Code   RO         6871    .text               c_w.l(lludiv10.o)
    0x08000d7a   0x08000d7a   0x0000041e   Code   RO         6873    .text               c_w.l(_printf_fp_dec.o)
    0x08001198   0x08001198   0x000002fc   Code   RO         6875    .text               c_w.l(_printf_fp_hex.o)
    0x08001494   0x08001494   0x0000002c   Code   RO         6880    .text               c_w.l(_printf_char.o)
    0x080014c0   0x080014c0   0x0000002c   Code   RO         6882    .text               c_w.l(_printf_wchar.o)
    0x080014ec   0x080014ec   0x00000040   Code   RO         6884    .text               c_w.l(_wcrtomb.o)
    0x0800152c   0x0800152c   0x00000008   Code   RO         6890    .text               c_w.l(libspace.o)
    0x08001534   0x08001534   0x0000004a   Code   RO         6893    .text               c_w.l(sys_stackheap_outer.o)
    0x0800157e   0x0800157e   0x00000002   PAD
    0x08001580   0x08001580   0x00000010   Code   RO         6895    .text               c_w.l(rt_ctype_table.o)
    0x08001590   0x08001590   0x00000008   Code   RO         6900    .text               c_w.l(rt_locale_intlibspace.o)
    0x08001598   0x08001598   0x00000080   Code   RO         6902    .text               c_w.l(_printf_fp_infnan.o)
    0x08001618   0x08001618   0x000000e4   Code   RO         6904    .text               c_w.l(bigflt0.o)
    0x080016fc   0x080016fc   0x00000012   Code   RO         6932    .text               c_w.l(exit.o)
    0x0800170e   0x0800170e   0x00000002   PAD
    0x08001710   0x08001710   0x00000080   Code   RO         6959    .text               c_w.l(strcmpv7m.o)
    0x08001790   0x08001790   0x0000000c   Code   RO         7006    .text               c_w.l(sys_exit.o)
    0x0800179c   0x0800179c   0x00000002   Code   RO         7025    .text               c_w.l(use_no_semi.o)
    0x0800179e   0x0800179e   0x00000000   Code   RO         7027    .text               c_w.l(indicate_semi.o)
    0x0800179e   0x0800179e   0x0000003e   Code   RO         6907    CL$$btod_d2e        c_w.l(btod.o)
    0x080017dc   0x080017dc   0x00000046   Code   RO         6909    CL$$btod_d2e_denorm_low  c_w.l(btod.o)
    0x08001822   0x08001822   0x00000060   Code   RO         6908    CL$$btod_d2e_norm_op1  c_w.l(btod.o)
    0x08001882   0x08001882   0x00000338   Code   RO         6917    CL$$btod_div_common  c_w.l(btod.o)
    0x08001bba   0x08001bba   0x000000dc   Code   RO         6914    CL$$btod_e2e        c_w.l(btod.o)
    0x08001c96   0x08001c96   0x0000002a   Code   RO         6911    CL$$btod_ediv       c_w.l(btod.o)
    0x08001cc0   0x08001cc0   0x0000002a   Code   RO         6910    CL$$btod_emul       c_w.l(btod.o)
    0x08001cea   0x08001cea   0x00000244   Code   RO         6916    CL$$btod_mult_common  c_w.l(btod.o)
    0x08001f2e   0x08001f2e   0x00000002   Code   RO          552    i.BusFault_Handler  stm32f4xx_it.o
    0x08001f30   0x08001f30   0x000000a0   Code   RO         5201    i.CarMove           car.o
    0x08001fd0   0x08001fd0   0x0000000c   Code   RO          553    i.DMA1_Stream0_IRQHandler  stm32f4xx_it.o
    0x08001fdc   0x08001fdc   0x0000000c   Code   RO          554    i.DMA1_Stream5_IRQHandler  stm32f4xx_it.o
    0x08001fe8   0x08001fe8   0x0000000c   Code   RO          555    i.DMA1_Stream6_IRQHandler  stm32f4xx_it.o
    0x08001ff4   0x08001ff4   0x0000000c   Code   RO          556    i.DMA1_Stream7_IRQHandler  stm32f4xx_it.o
    0x08002000   0x08002000   0x0000000c   Code   RO          557    i.DMA2_Stream1_IRQHandler  stm32f4xx_it.o
    0x0800200c   0x0800200c   0x0000000c   Code   RO          558    i.DMA2_Stream6_IRQHandler  stm32f4xx_it.o
    0x08002018   0x08002018   0x00000028   Code   RO         2207    i.DMA_CalcBaseAndBitshift  stm32f4xx_hal_dma.o
    0x08002040   0x08002040   0x00000054   Code   RO         2208    i.DMA_CheckFifoParam  stm32f4xx_hal_dma.o
    0x08002094   0x08002094   0x00000028   Code   RO         2209    i.DMA_SetConfig     stm32f4xx_hal_dma.o
    0x080020bc   0x080020bc   0x00000002   Code   RO          559    i.DebugMon_Handler  stm32f4xx_it.o
    0x080020be   0x080020be   0x00000016   Code   RO          560    i.EXTI15_10_IRQHandler  stm32f4xx_it.o
    0x080020d4   0x080020d4   0x0000000e   Code   RO         5164    i.Enable            imu.o
    0x080020e2   0x080020e2   0x00000004   Code   RO           13    i.Error_Handler     main.o
    0x080020e6   0x080020e6   0x00000002   PAD
    0x080020e8   0x080020e8   0x00000034   Code   RO         5127    i.GetCount          encoder.o
    0x0800211c   0x0800211c   0x0000002a   Code   RO         5165    i.Get_Data          imu.o
    0x08002146   0x08002146   0x00000092   Code   RO         2210    i.HAL_DMA_Abort     stm32f4xx_hal_dma.o
    0x080021d8   0x080021d8   0x00000024   Code   RO         2211    i.HAL_DMA_Abort_IT  stm32f4xx_hal_dma.o
    0x080021fc   0x080021fc   0x00000004   Code   RO         2213    i.HAL_DMA_GetError  stm32f4xx_hal_dma.o
    0x08002200   0x08002200   0x00000006   Code   RO         2214    i.HAL_DMA_GetState  stm32f4xx_hal_dma.o
    0x08002206   0x08002206   0x00000002   PAD
    0x08002208   0x08002208   0x000001a0   Code   RO         2215    i.HAL_DMA_IRQHandler  stm32f4xx_hal_dma.o
    0x080023a8   0x080023a8   0x000000d4   Code   RO         2216    i.HAL_DMA_Init      stm32f4xx_hal_dma.o
    0x0800247c   0x0800247c   0x0000006e   Code   RO         2220    i.HAL_DMA_Start_IT  stm32f4xx_hal_dma.o
    0x080024ea   0x080024ea   0x00000002   PAD
    0x080024ec   0x080024ec   0x00000018   Code   RO         5603    i.HAL_Delay         delay.o
    0x08002504   0x08002504   0x00000074   Code   RO         5257    i.HAL_GPIO_EXTI_Callback  hc-sr04.o
    0x08002578   0x08002578   0x00000018   Code   RO         2102    i.HAL_GPIO_EXTI_IRQHandler  stm32f4xx_hal_gpio.o
    0x08002590   0x08002590   0x000001e0   Code   RO         2103    i.HAL_GPIO_Init     stm32f4xx_hal_gpio.o
    0x08002770   0x08002770   0x0000000a   Code   RO         2105    i.HAL_GPIO_ReadPin  stm32f4xx_hal_gpio.o
    0x0800277a   0x0800277a   0x0000000a   Code   RO         2107    i.HAL_GPIO_WritePin  stm32f4xx_hal_gpio.o
    0x08002784   0x08002784   0x0000000c   Code   RO         2677    i.HAL_GetTick       stm32f4xx_hal.o
    0x08002790   0x08002790   0x00000002   Code   RO         2922    i.HAL_I2C_AbortCpltCallback  stm32f4xx_hal_i2c.o
    0x08002792   0x08002792   0x00000002   Code   RO         2923    i.HAL_I2C_AddrCallback  stm32f4xx_hal_i2c.o
    0x08002794   0x08002794   0x00000230   Code   RO         2927    i.HAL_I2C_EV_IRQHandler  stm32f4xx_hal_i2c.o
    0x080029c4   0x080029c4   0x00000002   Code   RO         2929    i.HAL_I2C_ErrorCallback  stm32f4xx_hal_i2c.o
    0x080029c6   0x080029c6   0x00000002   PAD
    0x080029c8   0x080029c8   0x00000188   Code   RO         2933    i.HAL_I2C_Init      stm32f4xx_hal_i2c.o
    0x08002b50   0x08002b50   0x00000002   Code   RO         2935    i.HAL_I2C_ListenCpltCallback  stm32f4xx_hal_i2c.o
    0x08002b52   0x08002b52   0x00000002   Code   RO         2936    i.HAL_I2C_MasterRxCpltCallback  stm32f4xx_hal_i2c.o
    0x08002b54   0x08002b54   0x00000002   Code   RO         2937    i.HAL_I2C_MasterTxCpltCallback  stm32f4xx_hal_i2c.o
    0x08002b56   0x08002b56   0x00000002   Code   RO         2949    i.HAL_I2C_MemRxCpltCallback  stm32f4xx_hal_i2c.o
    0x08002b58   0x08002b58   0x00000002   Code   RO         2950    i.HAL_I2C_MemTxCpltCallback  stm32f4xx_hal_i2c.o
    0x08002b5a   0x08002b5a   0x00000002   PAD
    0x08002b5c   0x08002b5c   0x00000204   Code   RO         2951    i.HAL_I2C_Mem_Read  stm32f4xx_hal_i2c.o
    0x08002d60   0x08002d60   0x00000130   Code   RO         2954    i.HAL_I2C_Mem_Write  stm32f4xx_hal_i2c.o
    0x08002e90   0x08002e90   0x00000194   Code   RO         2955    i.HAL_I2C_Mem_Write_DMA  stm32f4xx_hal_i2c.o
    0x08003024   0x08003024   0x000000e8   Code   RO          379    i.HAL_I2C_MspInit   i2c.o
    0x0800310c   0x0800310c   0x00000002   Code   RO         2959    i.HAL_I2C_SlaveRxCpltCallback  stm32f4xx_hal_i2c.o
    0x0800310e   0x0800310e   0x00000002   Code   RO         2960    i.HAL_I2C_SlaveTxCpltCallback  stm32f4xx_hal_i2c.o
    0x08003110   0x08003110   0x00000010   Code   RO         2683    i.HAL_IncTick       stm32f4xx_hal.o
    0x08003120   0x08003120   0x00000034   Code   RO         2684    i.HAL_Init          stm32f4xx_hal.o
    0x08003154   0x08003154   0x00000098   Code   RO          712    i.HAL_InitTick      stm32f4xx_hal_timebase_tim.o
    0x080031ec   0x080031ec   0x00000038   Code   RO          688    i.HAL_MspInit       stm32f4xx_hal_msp.o
    0x08003224   0x08003224   0x0000001a   Code   RO         2519    i.HAL_NVIC_EnableIRQ  stm32f4xx_hal_cortex.o
    0x0800323e   0x0800323e   0x00000002   PAD
    0x08003240   0x08003240   0x00000040   Code   RO         2525    i.HAL_NVIC_SetPriority  stm32f4xx_hal_cortex.o
    0x08003280   0x08003280   0x00000024   Code   RO         2526    i.HAL_NVIC_SetPriorityGrouping  stm32f4xx_hal_cortex.o
    0x080032a4   0x080032a4   0x00000134   Code   RO         1725    i.HAL_RCC_ClockConfig  stm32f4xx_hal_rcc.o
    0x080033d8   0x080033d8   0x00000040   Code   RO         1729    i.HAL_RCC_GetClockConfig  stm32f4xx_hal_rcc.o
    0x08003418   0x08003418   0x00000020   Code   RO         1732    i.HAL_RCC_GetPCLK1Freq  stm32f4xx_hal_rcc.o
    0x08003438   0x08003438   0x00000020   Code   RO         1733    i.HAL_RCC_GetPCLK2Freq  stm32f4xx_hal_rcc.o
    0x08003458   0x08003458   0x00000060   Code   RO         1734    i.HAL_RCC_GetSysClockFreq  stm32f4xx_hal_rcc.o
    0x080034b8   0x080034b8   0x0000036c   Code   RO         1737    i.HAL_RCC_OscConfig  stm32f4xx_hal_rcc.o
    0x08003824   0x08003824   0x00000002   Code   RO         1457    i.HAL_TIMEx_BreakCallback  stm32f4xx_hal_tim_ex.o
    0x08003826   0x08003826   0x00000002   Code   RO         1458    i.HAL_TIMEx_CommutCallback  stm32f4xx_hal_tim_ex.o
    0x08003828   0x08003828   0x0000007c   Code   RO         1476    i.HAL_TIMEx_MasterConfigSynchronization  stm32f4xx_hal_tim_ex.o
    0x080038a4   0x080038a4   0x0000005a   Code   RO          753    i.HAL_TIM_Base_Init  stm32f4xx_hal_tim.o
    0x080038fe   0x080038fe   0x00000002   PAD
    0x08003900   0x08003900   0x0000008c   Code   RO          421    i.HAL_TIM_Base_MspInit  tim.o
    0x0800398c   0x0800398c   0x0000006c   Code   RO          758    i.HAL_TIM_Base_Start_IT  stm32f4xx_hal_tim.o
    0x080039f8   0x080039f8   0x000000dc   Code   RO          762    i.HAL_TIM_ConfigClockSource  stm32f4xx_hal_tim.o
    0x08003ad4   0x08003ad4   0x000000a4   Code   RO          774    i.HAL_TIM_Encoder_Init  stm32f4xx_hal_tim.o
    0x08003b78   0x08003b78   0x000000d8   Code   RO          423    i.HAL_TIM_Encoder_MspInit  tim.o
    0x08003c50   0x08003c50   0x0000008e   Code   RO          777    i.HAL_TIM_Encoder_Start  stm32f4xx_hal_tim.o
    0x08003cde   0x08003cde   0x00000002   Code   RO          787    i.HAL_TIM_IC_CaptureCallback  stm32f4xx_hal_tim.o
    0x08003ce0   0x08003ce0   0x00000130   Code   RO          801    i.HAL_TIM_IRQHandler  stm32f4xx_hal_tim.o
    0x08003e10   0x08003e10   0x00000050   Code   RO          424    i.HAL_TIM_MspPostInit  tim.o
    0x08003e60   0x08003e60   0x00000002   Code   RO          804    i.HAL_TIM_OC_DelayElapsedCallback  stm32f4xx_hal_tim.o
    0x08003e62   0x08003e62   0x000000cc   Code   RO          825    i.HAL_TIM_PWM_ConfigChannel  stm32f4xx_hal_tim.o
    0x08003f2e   0x08003f2e   0x0000005a   Code   RO          828    i.HAL_TIM_PWM_Init  stm32f4xx_hal_tim.o
    0x08003f88   0x08003f88   0x00000002   Code   RO          830    i.HAL_TIM_PWM_MspInit  stm32f4xx_hal_tim.o
    0x08003f8a   0x08003f8a   0x00000002   Code   RO          831    i.HAL_TIM_PWM_PulseFinishedCallback  stm32f4xx_hal_tim.o
    0x08003f8c   0x08003f8c   0x000000b0   Code   RO          833    i.HAL_TIM_PWM_Start  stm32f4xx_hal_tim.o
    0x0800403c   0x0800403c   0x0000003c   Code   RO           14    i.HAL_TIM_PeriodElapsedCallback  main.o
    0x08004078   0x08004078   0x00000002   Code   RO          844    i.HAL_TIM_TriggerCallback  stm32f4xx_hal_tim.o
    0x0800407a   0x0800407a   0x00000002   Code   RO         3401    i.HAL_UARTEx_RxEventCallback  stm32f4xx_hal_uart.o
    0x0800407c   0x0800407c   0x00000070   Code   RO         3413    i.HAL_UART_DMAStop  stm32f4xx_hal_uart.o
    0x080040ec   0x080040ec   0x00000002   Code   RO         3415    i.HAL_UART_ErrorCallback  stm32f4xx_hal_uart.o
    0x080040ee   0x080040ee   0x00000002   PAD
    0x080040f0   0x080040f0   0x00000270   Code   RO         3418    i.HAL_UART_IRQHandler  stm32f4xx_hal_uart.o
    0x08004360   0x08004360   0x00000064   Code   RO         3419    i.HAL_UART_Init     stm32f4xx_hal_uart.o
    0x080043c4   0x080043c4   0x0000019c   Code   RO          505    i.HAL_UART_MspInit  usart.o
    0x08004560   0x08004560   0x0000001c   Code   RO         3423    i.HAL_UART_Receive_DMA  stm32f4xx_hal_uart.o
    0x0800457c   0x0800457c   0x00000002   Code   RO         5530    i.HAL_UART_RxCpltCallback  communication.o
    0x0800457e   0x0800457e   0x00000002   Code   RO         3426    i.HAL_UART_RxHalfCpltCallback  stm32f4xx_hal_uart.o
    0x08004580   0x08004580   0x00000032   Code   RO         3429    i.HAL_UART_Transmit_IT  stm32f4xx_hal_uart.o
    0x080045b2   0x080045b2   0x00000002   Code   RO         3430    i.HAL_UART_TxCpltCallback  stm32f4xx_hal_uart.o
    0x080045b4   0x080045b4   0x00000028   Code   RO         5258    i.HC_trig           hc-sr04.o
    0x080045dc   0x080045dc   0x00000002   Code   RO          561    i.HardFault_Handler  stm32f4xx_it.o
    0x080045de   0x080045de   0x00000002   PAD
    0x080045e0   0x080045e0   0x0000000c   Code   RO          562    i.I2C1_EV_IRQHandler  stm32f4xx_it.o
    0x080045ec   0x080045ec   0x000000bc   Code   RO         2971    i.I2C_DMAAbort      stm32f4xx_hal_i2c.o
    0x080046a8   0x080046a8   0x00000040   Code   RO         2972    i.I2C_DMAError      stm32f4xx_hal_i2c.o
    0x080046e8   0x080046e8   0x00000112   Code   RO         2973    i.I2C_DMAXferCplt   stm32f4xx_hal_i2c.o
    0x080047fa   0x080047fa   0x00000010   Code   RO         2974    i.I2C_Flush_DR      stm32f4xx_hal_i2c.o
    0x0800480a   0x0800480a   0x00000002   PAD
    0x0800480c   0x0800480c   0x00000158   Code   RO         2975    i.I2C_ITError       stm32f4xx_hal_i2c.o
    0x08004964   0x08004964   0x0000002e   Code   RO         2976    i.I2C_IsAcknowledgeFailed  stm32f4xx_hal_i2c.o
    0x08004992   0x08004992   0x000000da   Code   RO         2977    i.I2C_MasterReceive_BTF  stm32f4xx_hal_i2c.o
    0x08004a6c   0x08004a6c   0x000000f4   Code   RO         2978    i.I2C_MasterReceive_RXNE  stm32f4xx_hal_i2c.o
    0x08004b60   0x08004b60   0x00000082   Code   RO         2981    i.I2C_MasterTransmit_BTF  stm32f4xx_hal_i2c.o
    0x08004be2   0x08004be2   0x00000002   PAD
    0x08004be4   0x08004be4   0x000000b6   Code   RO         2982    i.I2C_MasterTransmit_TXE  stm32f4xx_hal_i2c.o
    0x08004c9a   0x08004c9a   0x00000002   PAD
    0x08004c9c   0x08004c9c   0x00000118   Code   RO         2983    i.I2C_Master_ADDR   stm32f4xx_hal_i2c.o
    0x08004db4   0x08004db4   0x0000008c   Code   RO         2984    i.I2C_Master_SB     stm32f4xx_hal_i2c.o
    0x08004e40   0x08004e40   0x000000a8   Code   RO         2985    i.I2C_MemoryTransmit_TXE_BTF  stm32f4xx_hal_i2c.o
    0x08004ee8   0x08004ee8   0x000000fc   Code   RO         2986    i.I2C_RequestMemoryRead  stm32f4xx_hal_i2c.o
    0x08004fe4   0x08004fe4   0x000000a8   Code   RO         2987    i.I2C_RequestMemoryWrite  stm32f4xx_hal_i2c.o
    0x0800508c   0x0800508c   0x00000046   Code   RO         2988    i.I2C_Slave_ADDR    stm32f4xx_hal_i2c.o
    0x080050d2   0x080050d2   0x00000002   PAD
    0x080050d4   0x080050d4   0x0000015c   Code   RO         2990    i.I2C_Slave_STOPF   stm32f4xx_hal_i2c.o
    0x08005230   0x08005230   0x00000056   Code   RO         2991    i.I2C_WaitOnBTFFlagUntilTimeout  stm32f4xx_hal_i2c.o
    0x08005286   0x08005286   0x00000002   PAD
    0x08005288   0x08005288   0x00000090   Code   RO         2992    i.I2C_WaitOnFlagUntilTimeout  stm32f4xx_hal_i2c.o
    0x08005318   0x08005318   0x000000bc   Code   RO         2993    i.I2C_WaitOnMasterAddressFlagUntilTimeout  stm32f4xx_hal_i2c.o
    0x080053d4   0x080053d4   0x00000070   Code   RO         2994    i.I2C_WaitOnRXNEFlagUntilTimeout  stm32f4xx_hal_i2c.o
    0x08005444   0x08005444   0x00000056   Code   RO         2995    i.I2C_WaitOnTXEFlagUntilTimeout  stm32f4xx_hal_i2c.o
    0x0800549a   0x0800549a   0x00000002   PAD
    0x0800549c   0x0800549c   0x00000034   Code   RO         5202    i.Limit             car.o
    0x080054d0   0x080054d0   0x00000200   Code   RO         6185    i.MPU6500_DMP_Get_Data  mpu6500.o
    0x080056d0   0x080056d0   0x000000a4   Code   RO         6186    i.MPU_6500_Init     mpu6500.o
    0x08005774   0x08005774   0x0000008c   Code   RO          354    i.MX_DMA_Init       dma.o
    0x08005800   0x08005800   0x00000068   Code   RO          295    i.MX_FREERTOS_Init  freertos.o
    0x08005868   0x08005868   0x00000108   Code   RO          271    i.MX_GPIO_Init      gpio.o
    0x08005970   0x08005970   0x00000040   Code   RO          380    i.MX_I2C1_Init      i2c.o
    0x080059b0   0x080059b0   0x00000038   Code   RO          425    i.MX_TIM10_Init     tim.o
    0x080059e8   0x080059e8   0x00000070   Code   RO          426    i.MX_TIM1_Init      tim.o
    0x08005a58   0x08005a58   0x000000a4   Code   RO          427    i.MX_TIM2_Init      tim.o
    0x08005afc   0x08005afc   0x0000006c   Code   RO          428    i.MX_TIM3_Init      tim.o
    0x08005b68   0x08005b68   0x0000004c   Code   RO          429    i.MX_TIM9_Init      tim.o
    0x08005bb4   0x08005bb4   0x00000038   Code   RO          506    i.MX_USART2_UART_Init  usart.o
    0x08005bec   0x08005bec   0x00000038   Code   RO          507    i.MX_USART6_UART_Init  usart.o
    0x08005c24   0x08005c24   0x00000002   Code   RO          563    i.MemManage_Handler  stm32f4xx_it.o
    0x08005c26   0x08005c26   0x00000002   PAD
    0x08005c28   0x08005c28   0x0000015c   Code   RO         5203    i.MotorPidCalc      car.o
    0x08005d84   0x08005d84   0x000000d6   Code   RO         5087    i.Move              motor.o
    0x08005e5a   0x08005e5a   0x00000002   Code   RO          564    i.NMI_Handler       stm32f4xx_it.o
    0x08005e5c   0x08005e5c   0x0000005c   Code   RO         5368    i.PID_init          pid.o
    0x08005eb8   0x08005eb8   0x00000024   Code   RO         5443    i.StartCarTask      cartask.o
    0x08005edc   0x08005edc   0x00000008   Code   RO          296    i.StartDefaultTask  freertos.o
    0x08005ee4   0x08005ee4   0x00000020   Code   RO         5505    i.StartMultiTask    multitask.o
    0x08005f04   0x08005f04   0x000000ac   Code   RO         5476    i.StartOledTask     oledtask.o
    0x08005fb0   0x08005fb0   0x0000002c   Code   RO         5008    i.SysTick_Handler   port.o
    0x08005fdc   0x08005fdc   0x00000098   Code   RO           15    i.SystemClock_Config  main.o
    0x08006074   0x08006074   0x00000010   Code   RO         3753    i.SystemInit        system_stm32f4xx.o
    0x08006084   0x08006084   0x0000001c   Code   RO          565    i.TIM1_BRK_TIM9_IRQHandler  stm32f4xx_it.o
    0x080060a0   0x080060a0   0x0000001c   Code   RO          566    i.TIM1_UP_TIM10_IRQHandler  stm32f4xx_it.o
    0x080060bc   0x080060bc   0x0000000c   Code   RO          567    i.TIM2_IRQHandler   stm32f4xx_it.o
    0x080060c8   0x080060c8   0x0000000c   Code   RO          568    i.TIM3_IRQHandler   stm32f4xx_it.o
    0x080060d4   0x080060d4   0x0000000c   Code   RO          569    i.TIM5_IRQHandler   stm32f4xx_it.o
    0x080060e0   0x080060e0   0x000000a4   Code   RO          846    i.TIM_Base_SetConfig  stm32f4xx_hal_tim.o
    0x08006184   0x08006184   0x0000001a   Code   RO          847    i.TIM_CCxChannelCmd  stm32f4xx_hal_tim.o
    0x0800619e   0x0800619e   0x00000014   Code   RO          857    i.TIM_ETR_SetConfig  stm32f4xx_hal_tim.o
    0x080061b2   0x080061b2   0x00000010   Code   RO          858    i.TIM_ITRx_SetConfig  stm32f4xx_hal_tim.o
    0x080061c2   0x080061c2   0x00000002   PAD
    0x080061c4   0x080061c4   0x00000050   Code   RO          859    i.TIM_OC1_SetConfig  stm32f4xx_hal_tim.o
    0x08006214   0x08006214   0x00000058   Code   RO          860    i.TIM_OC2_SetConfig  stm32f4xx_hal_tim.o
    0x0800626c   0x0800626c   0x00000058   Code   RO          861    i.TIM_OC3_SetConfig  stm32f4xx_hal_tim.o
    0x080062c4   0x080062c4   0x00000044   Code   RO          862    i.TIM_OC4_SetConfig  stm32f4xx_hal_tim.o
    0x08006308   0x08006308   0x00000022   Code   RO          864    i.TIM_TI1_ConfigInputStage  stm32f4xx_hal_tim.o
    0x0800632a   0x0800632a   0x00000024   Code   RO          866    i.TIM_TI2_ConfigInputStage  stm32f4xx_hal_tim.o
    0x0800634e   0x0800634e   0x00000002   PAD
    0x08006350   0x08006350   0x00000020   Code   RO         5402    i.Turn              pid2.o
    0x08006370   0x08006370   0x00000010   Code   RO         3432    i.UART_DMAAbortOnError  stm32f4xx_hal_uart.o
    0x08006380   0x08006380   0x0000004a   Code   RO         3433    i.UART_DMAError     stm32f4xx_hal_uart.o
    0x080063ca   0x080063ca   0x00000086   Code   RO         3434    i.UART_DMAReceiveCplt  stm32f4xx_hal_uart.o
    0x08006450   0x08006450   0x0000001e   Code   RO         3436    i.UART_DMARxHalfCplt  stm32f4xx_hal_uart.o
    0x0800646e   0x0800646e   0x0000004e   Code   RO         3442    i.UART_EndRxTransfer  stm32f4xx_hal_uart.o
    0x080064bc   0x080064bc   0x0000001c   Code   RO         3443    i.UART_EndTxTransfer  stm32f4xx_hal_uart.o
    0x080064d8   0x080064d8   0x0000007c   Code   RO         5531    i.UART_IdleCallback  communication.o
    0x08006554   0x08006554   0x000000c2   Code   RO         3444    i.UART_Receive_IT   stm32f4xx_hal_uart.o
    0x08006616   0x08006616   0x00000002   PAD
    0x08006618   0x08006618   0x0000010c   Code   RO         3445    i.UART_SetConfig    stm32f4xx_hal_uart.o
    0x08006724   0x08006724   0x00000090   Code   RO         3446    i.UART_Start_Receive_DMA  stm32f4xx_hal_uart.o
    0x080067b4   0x080067b4   0x00000028   Code   RO         5532    i.USART2_IRQHandler  communication.o
    0x080067dc   0x080067dc   0x00000028   Code   RO         5533    i.USART6_IRQHandler  communication.o
    0x08006804   0x08006804   0x00000002   Code   RO          570    i.UsageFault_Handler  stm32f4xx_it.o
    0x08006806   0x08006806   0x00000002   PAD
    0x08006808   0x08006808   0x00000098   Code   RO         5403    i.Velocity          pid2.o
    0x080068a0   0x080068a0   0x00000024   Code   RO         5404    i.Vertical          pid2.o
    0x080068c4   0x080068c4   0x00000030   Code   RO         6813    i.__ARM_fpclassify  m_wm.l(fpclassify.o)
    0x080068f4   0x080068f4   0x00000020   Code   RO         2532    i.__NVIC_SetPriority  stm32f4xx_hal_cortex.o
    0x08006914   0x08006914   0x00000004   PAD
    0x08006918   0x08006918   0x00000360   Code   RO         6631    i.__hardfp_asin     m_wm.l(asin.o)
    0x08006c78   0x08006c78   0x000002d8   Code   RO         6779    i.__hardfp_atan     m_wm.l(atan.o)
    0x08006f50   0x08006f50   0x000001f0   Code   RO         6645    i.__hardfp_atan2    m_wm.l(atan2.o)
    0x08007140   0x08007140   0x000000f8   Code   RO         6831    i.__kernel_poly     m_wm.l(poly.o)
    0x08007238   0x08007238   0x00000014   Code   RO         6794    i.__mathlib_dbl_infnan  m_wm.l(dunder.o)
    0x0800724c   0x0800724c   0x00000014   Code   RO         6795    i.__mathlib_dbl_infnan2  m_wm.l(dunder.o)
    0x08007260   0x08007260   0x00000020   Code   RO         6796    i.__mathlib_dbl_invalid  m_wm.l(dunder.o)
    0x08007280   0x08007280   0x00000020   Code   RO         6799    i.__mathlib_dbl_underflow  m_wm.l(dunder.o)
    0x080072a0   0x080072a0   0x0000000e   Code   RO         6569    i._is_digit         c_w.l(__printf_wp.o)
    0x080072ae   0x080072ae   0x00000010   Code   RO         6781    i.atan              m_wm.l(atan.o)
    0x080072be   0x080072be   0x00000002   PAD
    0x080072c0   0x080072c0   0x00000060   Code   RO         5259    i.calc_dis          hc-sr04.o
    0x08007320   0x08007320   0x0000001c   Code   RO         5604    i.delay_init        delay.o
    0x0800733c   0x0800733c   0x00000038   Code   RO         5605    i.delay_ms          delay.o
    0x08007374   0x08007374   0x00000038   Code   RO         5606    i.delay_us          delay.o
    0x080073ac   0x080073ac   0x0000003a   Code   RO         5996    i.dmp_enable_6x_lp_quat  inv_mpu_dmp_motion_driver.o
    0x080073e6   0x080073e6   0x00000002   PAD
    0x080073e8   0x080073e8   0x000001d8   Code   RO         5997    i.dmp_enable_feature  inv_mpu_dmp_motion_driver.o
    0x080075c0   0x080075c0   0x0000003c   Code   RO         5998    i.dmp_enable_gyro_cal  inv_mpu_dmp_motion_driver.o
    0x080075fc   0x080075fc   0x0000003a   Code   RO         5999    i.dmp_enable_lp_quat  inv_mpu_dmp_motion_driver.o
    0x08007636   0x08007636   0x00000002   PAD
    0x08007638   0x08007638   0x00000014   Code   RO         6004    i.dmp_load_motion_driver_firmware  inv_mpu_dmp_motion_driver.o
    0x0800764c   0x0800764c   0x0000014c   Code   RO         6005    i.dmp_read_fifo     inv_mpu_dmp_motion_driver.o
    0x08007798   0x08007798   0x00000064   Code   RO         6009    i.dmp_set_fifo_rate  inv_mpu_dmp_motion_driver.o
    0x080077fc   0x080077fc   0x0000010c   Code   RO         6012    i.dmp_set_orientation  inv_mpu_dmp_motion_driver.o
    0x08007908   0x08007908   0x00000030   Code   RO         6015    i.dmp_set_shake_reject_thresh  inv_mpu_dmp_motion_driver.o
    0x08007938   0x08007938   0x00000020   Code   RO         6016    i.dmp_set_shake_reject_time  inv_mpu_dmp_motion_driver.o
    0x08007958   0x08007958   0x00000020   Code   RO         6017    i.dmp_set_shake_reject_timeout  inv_mpu_dmp_motion_driver.o
    0x08007978   0x08007978   0x00000040   Code   RO         6018    i.dmp_set_tap_axes  inv_mpu_dmp_motion_driver.o
    0x080079b8   0x080079b8   0x00000022   Code   RO         6019    i.dmp_set_tap_count  inv_mpu_dmp_motion_driver.o
    0x080079da   0x080079da   0x00000002   PAD
    0x080079dc   0x080079dc   0x00000160   Code   RO         6020    i.dmp_set_tap_thresh  inv_mpu_dmp_motion_driver.o
    0x08007b3c   0x08007b3c   0x00000020   Code   RO         6021    i.dmp_set_tap_time  inv_mpu_dmp_motion_driver.o
    0x08007b5c   0x08007b5c   0x00000020   Code   RO         6022    i.dmp_set_tap_time_multi  inv_mpu_dmp_motion_driver.o
    0x08007b7c   0x08007b7c   0x00000018   Code   RO         6809    i.fabs              m_wm.l(fabs.o)
    0x08007b94   0x08007b94   0x00000048   Code   RO         6187    i.inv_row_2_scale   mpu6500.o
    0x08007bdc   0x08007bdc   0x000000e4   Code   RO           16    i.main              main.o
    0x08007cc0   0x08007cc0   0x0000000c   Code   RO         4573    i.makeFreeRtosPriority  cmsis_os.o
    0x08007ccc   0x08007ccc   0x00000054   Code   RO         5652    i.mpu_configure_fifo  inv_mpu.o
    0x08007d20   0x08007d20   0x0000003c   Code   RO         5653    i.mpu_get_accel_fsr  inv_mpu.o
    0x08007d5c   0x08007d5c   0x00000108   Code   RO         5669    i.mpu_init          inv_mpu.o
    0x08007e64   0x08007e64   0x000000b0   Code   RO         5670    i.mpu_load_firmware  inv_mpu.o
    0x08007f14   0x08007f14   0x000000f0   Code   RO         5671    i.mpu_lp_accel_mode  inv_mpu.o
    0x08008004   0x08008004   0x000000c4   Code   RO         5677    i.mpu_read_fifo_stream  inv_mpu.o
    0x080080c8   0x080080c8   0x00000078   Code   RO         5678    i.mpu_read_mem      inv_mpu.o
    0x08008140   0x08008140   0x000001d0   Code   RO         5681    i.mpu_reset_fifo    inv_mpu.o
    0x08008310   0x08008310   0x00000078   Code   RO         5686    i.mpu_set_accel_fsr  inv_mpu.o
    0x08008388   0x08008388   0x00000140   Code   RO         5687    i.mpu_set_bypass    inv_mpu.o
    0x080084c8   0x080084c8   0x00000098   Code   RO         5689    i.mpu_set_dmp_state  inv_mpu.o
    0x08008560   0x08008560   0x00000080   Code   RO         5691    i.mpu_set_gyro_fsr  inv_mpu.o
    0x080085e0   0x080085e0   0x00000074   Code   RO         5692    i.mpu_set_int_latched  inv_mpu.o
    0x08008654   0x08008654   0x00000080   Code   RO         5694    i.mpu_set_lpf       inv_mpu.o
    0x080086d4   0x080086d4   0x00000098   Code   RO         5695    i.mpu_set_sample_rate  inv_mpu.o
    0x0800876c   0x0800876c   0x000000e0   Code   RO         5696    i.mpu_set_sensors   inv_mpu.o
    0x0800884c   0x0800884c   0x00000078   Code   RO         5697    i.mpu_write_mem     inv_mpu.o
    0x080088c4   0x080088c4   0x00000140   Code   RO         5204    i.newCar            car.o
    0x08008a04   0x08008a04   0x00000034   Code   RO         5129    i.newEncoder        encoder.o
    0x08008a38   0x08008a38   0x00000020   Code   RO         5166    i.newImu            imu.o
    0x08008a58   0x08008a58   0x00000048   Code   RO         5089    i.newMotor          motor.o
    0x08008aa0   0x08008aa0   0x0000000e   Code   RO         4575    i.osDelay           cmsis_os.o
    0x08008aae   0x08008aae   0x0000000a   Code   RO         4578    i.osKernelStart     cmsis_os.o
    0x08008ab8   0x08008ab8   0x00000054   Code   RO         4612    i.osThreadCreate    cmsis_os.o
    0x08008b0c   0x08008b0c   0x00000070   Code   RO         4255    i.prvAddCurrentTaskToDelayedList  tasks.o
    0x08008b7c   0x08008b7c   0x000000d0   Code   RO         4256    i.prvAddNewTaskToReadyList  tasks.o
    0x08008c4c   0x08008c4c   0x00000034   Code   RO         4257    i.prvDeleteTCB      tasks.o
    0x08008c80   0x08008c80   0x0000004c   Code   RO         4940    i.prvHeapInit       heap_4.o
    0x08008ccc   0x08008ccc   0x00000060   Code   RO         4258    i.prvIdleTask       tasks.o
    0x08008d2c   0x08008d2c   0x00000098   Code   RO         4259    i.prvInitialiseNewTask  tasks.o
    0x08008dc4   0x08008dc4   0x0000004c   Code   RO         4941    i.prvInsertBlockIntoFreeList  heap_4.o
    0x08008e10   0x08008e10   0x00000020   Code   RO         4260    i.prvResetNextTaskUnblockTime  tasks.o
    0x08008e30   0x08008e30   0x00000028   Code   RO         5009    i.prvTaskExitError  port.o
    0x08008e58   0x08008e58   0x000000dc   Code   RO         4942    i.pvPortMalloc      heap_4.o
    0x08008f34   0x08008f34   0x0000002c   Code   RO         5010    i.pxPortInitialiseStack  port.o
    0x08008f60   0x08008f60   0x0000007c   Code   RO         5698    i.set_int_enable    inv_mpu.o
    0x08008fdc   0x08008fdc   0x0000006e   Code   RO         6839    i.sqrt              m_wm.l(sqrt.o)
    0x0800904a   0x0800904a   0x00000002   PAD
    0x0800904c   0x0800904c   0x00000030   Code   RO         6218    i.ssd1306_DrawPixel  ssd1306.o
    0x0800907c   0x0800907c   0x00000018   Code   RO         6220    i.ssd1306_Fill      ssd1306.o
    0x08009094   0x08009094   0x000000c8   Code   RO         6225    i.ssd1306_Init      ssd1306.o
    0x0800915c   0x0800915c   0x0000002e   Code   RO         6230    i.ssd1306_Printf    ssd1306.o
    0x0800918a   0x0800918a   0x00000014   Code   RO         6232    i.ssd1306_SetContrast  ssd1306.o
    0x0800919e   0x0800919e   0x00000002   PAD
    0x080091a0   0x080091a0   0x0000000c   Code   RO         6233    i.ssd1306_SetCursor  ssd1306.o
    0x080091ac   0x080091ac   0x00000018   Code   RO         6234    i.ssd1306_SetDisplayOn  ssd1306.o
    0x080091c4   0x080091c4   0x00000038   Code   RO         6235    i.ssd1306_UpdateScreen  ssd1306.o
    0x080091fc   0x080091fc   0x000000a8   Code   RO         6236    i.ssd1306_WriteChar  ssd1306.o
    0x080092a4   0x080092a4   0x00000020   Code   RO         6237    i.ssd1306_WriteCommand  ssd1306.o
    0x080092c4   0x080092c4   0x0000001c   Code   RO         6238    i.ssd1306_WriteData  ssd1306.o
    0x080092e0   0x080092e0   0x00000034   Code   RO         6239    i.ssd1306_WriteString  ssd1306.o
    0x08009314   0x08009314   0x0000000e   Code   RO         6240    i.ssd1306_clear_color  ssd1306.o
    0x08009322   0x08009322   0x00000002   PAD
    0x08009324   0x08009324   0x00000034   Code   RO         5536    i.uart_printf       communication.o
    0x08009358   0x08009358   0x00000026   Code   RO         3891    i.uxListRemove      list.o
    0x0800937e   0x0800937e   0x00000002   PAD
    0x08009380   0x08009380   0x00000014   Code   RO          297    i.vApplicationGetIdleTaskMemory  freertos.o
    0x08009394   0x08009394   0x00000016   Code   RO         3892    i.vListInitialise   list.o
    0x080093aa   0x080093aa   0x00000006   Code   RO         3893    i.vListInitialiseItem  list.o
    0x080093b0   0x080093b0   0x00000030   Code   RO         3894    i.vListInsert       list.o
    0x080093e0   0x080093e0   0x00000018   Code   RO         3895    i.vListInsertEnd    list.o
    0x080093f8   0x080093f8   0x00000040   Code   RO         5012    i.vPortEnterCritical  port.o
    0x08009438   0x08009438   0x00000028   Code   RO         5013    i.vPortExitCritical  port.o
    0x08009460   0x08009460   0x00000064   Code   RO         4943    i.vPortFree         heap_4.o
    0x080094c4   0x080094c4   0x00000024   Code   RO         5014    i.vPortSetupTimerInterrupt  port.o
    0x080094e8   0x080094e8   0x0000004c   Code   RO         4269    i.vTaskDelay        tasks.o
    0x08009534   0x08009534   0x0000006c   Code   RO         4282    i.vTaskStartScheduler  tasks.o
    0x080095a0   0x080095a0   0x00000010   Code   RO         4284    i.vTaskSuspendAll   tasks.o
    0x080095b0   0x080095b0   0x0000005c   Code   RO         4285    i.vTaskSwitchContext  tasks.o
    0x0800960c   0x0800960c   0x000000f4   Code   RO         5016    i.xPortStartScheduler  port.o
    0x08009700   0x08009700   0x0000005a   Code   RO         4288    i.xTaskCreate       tasks.o
    0x0800975a   0x0800975a   0x00000056   Code   RO         4289    i.xTaskCreateStatic  tasks.o
    0x080097b0   0x080097b0   0x000000cc   Code   RO         4296    i.xTaskIncrementTick  tasks.o
    0x0800987c   0x0800987c   0x000000c4   Code   RO         4302    i.xTaskResumeAll    tasks.o
    0x08009940   0x08009940   0x0000002c   Code   RO         6930    locale$$code        c_w.l(lc_numeric_c.o)
    0x0800996c   0x0800996c   0x0000002c   Code   RO         6953    locale$$code        c_w.l(lc_ctype_c.o)
    0x08009998   0x08009998   0x00000018   Code   RO         6760    x$fpl$basic         fz_wm.l(basic.o)
    0x080099b0   0x080099b0   0x00000062   Code   RO         6601    x$fpl$d2f           fz_wm.l(d2f.o)
    0x08009a12   0x08009a12   0x00000002   PAD
    0x08009a14   0x08009a14   0x00000150   Code   RO         6603    x$fpl$dadd          fz_wm.l(daddsub_clz.o)
    0x08009b64   0x08009b64   0x000002b0   Code   RO         6610    x$fpl$ddiv          fz_wm.l(ddiv.o)
    0x08009e14   0x08009e14   0x0000005e   Code   RO         6613    x$fpl$dfix          fz_wm.l(dfix.o)
    0x08009e72   0x08009e72   0x00000002   PAD
    0x08009e74   0x08009e74   0x0000005a   Code   RO         6617    x$fpl$dfixu         fz_wm.l(dfixu.o)
    0x08009ece   0x08009ece   0x0000002e   Code   RO         6622    x$fpl$dflt          fz_wm.l(dflt_clz.o)
    0x08009efc   0x08009efc   0x00000154   Code   RO         6627    x$fpl$dmul          fz_wm.l(dmul.o)
    0x0800a050   0x0800a050   0x0000009c   Code   RO         6762    x$fpl$dnaninf       fz_wm.l(dnaninf.o)
    0x0800a0ec   0x0800a0ec   0x0000000c   Code   RO         6764    x$fpl$dretinf       fz_wm.l(dretinf.o)
    0x0800a0f8   0x0800a0f8   0x00000016   Code   RO         6604    x$fpl$drsb          fz_wm.l(daddsub_clz.o)
    0x0800a10e   0x0800a10e   0x00000002   PAD
    0x0800a110   0x0800a110   0x00000198   Code   RO         6888    x$fpl$dsqrt         fz_wm.l(dsqrt_umaal.o)
    0x0800a2a8   0x0800a2a8   0x000001d4   Code   RO         6605    x$fpl$dsub          fz_wm.l(daddsub_clz.o)
    0x0800a47c   0x0800a47c   0x00000056   Code   RO         6629    x$fpl$f2d           fz_wm.l(f2d.o)
    0x0800a4d2   0x0800a4d2   0x0000008c   Code   RO         6766    x$fpl$fnaninf       fz_wm.l(fnaninf.o)
    0x0800a55e   0x0800a55e   0x0000000a   Code   RO         7021    x$fpl$fpinit        fz_wm.l(fpinit.o)
    0x0800a568   0x0800a568   0x0000000a   Code   RO         6768    x$fpl$fretinf       fz_wm.l(fretinf.o)
    0x0800a572   0x0800a572   0x00000004   Code   RO         6770    x$fpl$printf1       fz_wm.l(printf1.o)
    0x0800a576   0x0800a576   0x00000004   Code   RO         6772    x$fpl$printf2       fz_wm.l(printf2.o)
    0x0800a57a   0x0800a57a   0x00000000   Code   RO         6778    x$fpl$usenofp       fz_wm.l(usenofp.o)
    0x0800a57a   0x0800a57a   0x00000002   PAD
    0x0800a57c   0x0800a57c   0x00000070   Data   RO          299    .constdata          freertos.o
    0x0800a5ec   0x0800a5ec   0x00000008   Data   RO         2222    .constdata          stm32f4xx_hal_dma.o
    0x0800a5f4   0x0800a5f4   0x00000010   Data   RO         3754    .constdata          system_stm32f4xx.o
    0x0800a604   0x0800a604   0x00000008   Data   RO         3755    .constdata          system_stm32f4xx.o
    0x0800a60c   0x0800a60c   0x00000054   Data   RO         5206    .constdata          car.o
    0x0800a660   0x0800a660   0x0000001e   Data   RO         5699    .constdata          inv_mpu.o
    0x0800a67e   0x0800a67e   0x0000000c   Data   RO         5700    .constdata          inv_mpu.o
    0x0800a68a   0x0800a68a   0x00000002   PAD
    0x0800a68c   0x0800a68c   0x00000030   Data   RO         5701    .constdata          inv_mpu.o
    0x0800a6bc   0x0800a6bc   0x00000bf6   Data   RO         6024    .constdata          inv_mpu_dmp_motion_driver.o
    0x0800b2b2   0x0800b2b2   0x0000076c   Data   RO         6397    .constdata          ssd1306_fonts.o
    0x0800ba1e   0x0800ba1e   0x00000002   PAD
    0x0800ba20   0x0800ba20   0x0000000c   Data   RO         6405    .constdata          ssd1306_fonts.o
    0x0800ba2c   0x0800ba2c   0x00000011   Data   RO         6577    .constdata          c_w.l(__printf_flags_ss_wp.o)
    0x0800ba3d   0x0800ba3d   0x00000003   PAD
    0x0800ba40   0x0800ba40   0x00000050   Data   RO         6634    .constdata          m_wm.l(asin.o)
    0x0800ba90   0x0800ba90   0x00000008   Data   RO         6705    .constdata          c_w.l(_printf_wctomb.o)
    0x0800ba98   0x0800ba98   0x00000028   Data   RO         6734    .constdata          c_w.l(_printf_hex_int_ll_ptr.o)
    0x0800bac0   0x0800bac0   0x00000098   Data   RO         6782    .constdata          m_wm.l(atan.o)
    0x0800bb58   0x0800bb58   0x00000008   Data   RO         6833    .constdata          m_wm.l(qnan.o)
    0x0800bb60   0x0800bb60   0x00000026   Data   RO         6876    .constdata          c_w.l(_printf_fp_hex.o)
    0x0800bb86   0x0800bb86   0x00000002   PAD
    0x0800bb88   0x0800bb88   0x00000094   Data   RO         6905    .constdata          c_w.l(bigflt0.o)
    0x0800bc1c   0x0800bc1c   0x0000002c   Data   RO          300    .conststring        freertos.o
    0x0800bc48   0x0800bc48   0x00000020   Data   RO         7077    Region$$Table       anon$$obj.o
    0x0800bc68   0x0800bc68   0x0000001c   Data   RO         6929    locale$$data        c_w.l(lc_numeric_c.o)
    0x0800bc84   0x0800bc84   0x00000110   Data   RO         6952    locale$$data        c_w.l(lc_ctype_c.o)


    Execution Region RW_IRAM1 (Exec base: 0x20000000, Load base: 0x0800bd94, Size: 0x000052c8, Max: 0x00018000, ABSOLUTE, COMPRESSED[0x00000040])

    Exec Addr    Load Addr    Size         Type   Attr      Idx    E Section Name        Object

    0x20000000   COMPRESSED   0x00000010   Data   RW          301    .data               freertos.o
    0x20000010   COMPRESSED   0x0000000c   Data   RW         2691    .data               stm32f4xx_hal.o
    0x2000001c   COMPRESSED   0x00000004   Data   RW         3756    .data               system_stm32f4xx.o
    0x20000020   COMPRESSED   0x0000003c   Data   RW         4305    .data               tasks.o
    0x2000005c   COMPRESSED   0x00000020   Data   RW         4949    .data               heap_4.o
    0x2000007c   COMPRESSED   0x0000000c   Data   RW         5017    .data               port.o
    0x20000088   COMPRESSED   0x00000002   Data   RW         5130    .data               encoder.o
    0x2000008a   COMPRESSED   0x00000002   PAD
    0x2000008c   COMPRESSED   0x00000024   Data   RW         5207    .data               car.o
    0x200000b0   COMPRESSED   0x00000010   Data   RW         5260    .data               hc-sr04.o
    0x200000c0   COMPRESSED   0x00000028   Data   RW         5407    .data               pid2.o
    0x200000e8   COMPRESSED   0x00000008   Data   RW         5539    .data               communication.o
    0x200000f0   COMPRESSED   0x00000008   Data   RW         5607    .data               delay.o
    0x200000f8   COMPRESSED   0x0000002c   Data   RW         5703    .data               inv_mpu.o
    0x20000124   COMPRESSED   0x00000009   Data   RW         6188    .data               mpu6500.o
    0x2000012d   COMPRESSED   0x00000001   PAD
    0x2000012e   COMPRESSED   0x00000006   Data   RW         6242    .data               ssd1306.o
    0x20000134        -       0x00000254   Zero   RW          298    .bss                freertos.o
    0x20000388        -       0x00000114   Zero   RW          381    .bss                i2c.o
    0x2000049c        -       0x00000168   Zero   RW          430    .bss                tim.o
    0x20000604        -       0x00000210   Zero   RW          508    .bss                usart.o
    0x20000814        -       0x00000048   Zero   RW          715    .bss                stm32f4xx_hal_timebase_tim.o
    0x2000085c        -       0x000000f0   Zero   RW         4304    .bss                tasks.o
    0x2000094c        -       0x00003c00   Zero   RW         4948    .bss                heap_4.o
    0x2000454c        -       0x0000018c   Zero   RW         5205    .bss                car.o
    0x200046d8        -       0x00000180   Zero   RW         5537    .bss                communication.o
    0x20004858        -       0x00000010   Zero   RW         6023    .bss                inv_mpu_dmp_motion_driver.o
    0x20004868        -       0x00000400   Zero   RW         6241    .bss                ssd1306.o
    0x20004c68        -       0x00000060   Zero   RW         6891    .bss                c_w.l(libspace.o)
    0x20004cc8        -       0x00000200   Zero   RW            2    HEAP                startup_stm32f401xe.o
    0x20004ec8        -       0x00000400   Zero   RW            1    STACK               startup_stm32f401xe.o


==============================================================================

Image component sizes


      Code (inc. data)   RO Data    RW Data    ZI Data      Debug   Object Name

       880         88         84         36        396       3535   car.o
        36          4          0          0          0       1783   cartask.o
       120          0          0          0          0      23417   cmsis_os.o
       258         44          0          8        384       4566   communication.o
       164         26          0          8          0       2647   delay.o
       140          4          0          0          0        866   dma.o
       104          8          0          2          0       1624   encoder.o
         0          0          0          0          0      17008   event_groups.o
       132         12        156         16        596       2831   freertos.o
       264         16          0          0          0       1035   gpio.o
       252         56          0         16          0       2609   hc-sr04.o
       472         24          0         32      15360       7491   heap_4.o
       296         34          0          0        276       1891   i2c.o
        88          8          0          0          0       1733   imu.o
      3188        164         90         44          0      20743   inv_mpu.o
      1994        122       3062          0         16      18873   inv_mpu_dmp_motion_driver.o
       138          0          0          0          0       3610   list.o
       444         62          0          0          0     463916   main.o
       286         10          0          0          0       1434   motor.o
       748         24          0          9          0       3823   mpu6500.o
        32          8          0          0          0        529   multitask.o
       172         56          0          0          0        548   oledtask.o
        92          4          0          0          0       1135   pid.o
       220         22          0         40          0       2454   pid2.o
       702         72          0         12          0      11064   port.o
       724         50          0          6       1024       9282   ssd1306.o
         0          0       1912          0          0        969   ssd1306_fonts.o
        64         26        404          0       1536        852   startup_stm32f401xe.o
        80         14          0         12          0       7982   stm32f4xx_hal.o
       158         14          0          0          0      33090   stm32f4xx_hal_cortex.o
      1094         16          8          0          0       8596   stm32f4xx_hal_dma.o
       524         40          0          0          0       3494   stm32f4xx_hal_gpio.o
      5944        102          0          0          0      35072   stm32f4xx_hal_i2c.o
        56          4          0          0          0        882   stm32f4xx_hal_msp.o
      1408         82          0          0          0       5945   stm32f4xx_hal_rcc.o
      2128         88          0          0          0      19005   stm32f4xx_hal_tim.o
       128         20          0          0          0       2513   stm32f4xx_hal_tim_ex.o
       152         20          0          0         72       1499   stm32f4xx_hal_timebase_tim.o
      1888         30          0          0          0      14242   stm32f4xx_hal_uart.o
       210         80          0          0          0       9213   stm32f4xx_it.o
         0          0          0          0          0        448   stream_buffer.o
        16          4         24          4          0       1151   system_stm32f4xx.o
      1520        112          0         60        240      19626   tasks.o
       952         82          0          0        360       5888   tim.o
       524         50          0          0        528       2823   usart.o

    ----------------------------------------------------------------------
     28850       1702       5776        308      20788     783737   Object Totals
         0          0         32          0          0          0   (incl. Generated)
        58          0          4          3          0          0   (incl. Padding)

    ----------------------------------------------------------------------

      Code (inc. data)   RO Data    RW Data    ZI Data      Debug   Library Member Name

        58          0          0          0          0          0   __dczerorl.o
         8          0          0          0          0         68   __main.o
       392          4         17          0          0         92   __printf_flags_ss_wp.o
        14          0          0          0          0         68   __printf_wp.o
         0          0          0          0          0          0   __rtentry.o
        12          0          0          0          0          0   __rtentry2.o
         6          0          0          0          0          0   __rtentry4.o
        52          8          0          0          0          0   __scatter.o
        28          0          0          0          0          0   __scatter_zi.o
         6          0          0          0          0          0   _printf_a.o
         6          0          0          0          0          0   _printf_c.o
        44          0          0          0          0        108   _printf_char.o
        48          6          0          0          0         96   _printf_char_common.o
        40          0          0          0          0         68   _printf_charcount.o
         6          0          0          0          0          0   _printf_d.o
       120         16          0          0          0         92   _printf_dec.o
         6          0          0          0          0          0   _printf_e.o
         6          0          0          0          0          0   _printf_f.o
      1054          0          0          0          0        216   _printf_fp_dec.o
       764          8         38          0          0        100   _printf_fp_hex.o
       128         16          0          0          0         84   _printf_fp_infnan.o
         6          0          0          0          0          0   _printf_g.o
       148          4         40          0          0        160   _printf_hex_int_ll_ptr.o
         6          0          0          0          0          0   _printf_i.o
       178          0          0          0          0         88   _printf_intcommon.o
        10          0          0          0          0          0   _printf_l.o
         6          0          0          0          0          0   _printf_lc.o
        10          0          0          0          0          0   _printf_ll.o
         6          0          0          0          0          0   _printf_lld.o
         6          0          0          0          0          0   _printf_lli.o
         6          0          0          0          0          0   _printf_llo.o
         6          0          0          0          0          0   _printf_llu.o
         6          0          0          0          0          0   _printf_llx.o
       124         16          0          0          0         92   _printf_longlong_dec.o
         6          0          0          0          0          0   _printf_ls.o
         6          0          0          0          0          0   _printf_n.o
         6          0          0          0          0          0   _printf_o.o
       112         10          0          0          0        124   _printf_oct_int_ll.o
         6          0          0          0          0          0   _printf_p.o
        78          0          0          0          0        108   _printf_pad.o
         0          0          0          0          0          0   _printf_percent.o
         4          0          0          0          0          0   _printf_percent_end.o
         6          0          0          0          0          0   _printf_s.o
        82          0          0          0          0         80   _printf_str.o
        36          0          0          0          0         84   _printf_truncate.o
         6          0          0          0          0          0   _printf_u.o
        44          0          0          0          0        108   _printf_wchar.o
       188          6          8          0          0         92   _printf_wctomb.o
         6          0          0          0          0          0   _printf_x.o
        22          0          0          0          0        100   _rserrno.o
        16          0          0          0          0         68   _snputc.o
        10          0          0          0          0         68   _sputc.o
        64          0          0          0          0         92   _wcrtomb.o
        16          0          0          0          0         68   aeabi_memset.o
       228          4        148          0          0         96   bigflt0.o
      1936        128          0          0          0        672   btod.o
        18          0          0          0          0         80   exit.o
         6          0          0          0          0        152   heapauxi.o
         0          0          0          0          0          0   indicate_semi.o
        44         10        272          0          0         76   lc_ctype_c.o
        44         10         28          0          0         76   lc_numeric_c.o
         2          0          0          0          0          0   libinit.o
        34          0          0          0          0          0   libinit2.o
         2          0          0          0          0          0   libshutdown.o
         2          0          0          0          0          0   libshutdown2.o
         8          4          0          0         96         68   libspace.o
       138          0          0          0          0         80   lludiv10.o
       238          0          0          0          0        100   lludivv7m.o
        88          0          0          0          0         76   memcmp.o
        16          4          0          0          0         76   rt_ctype_table.o
         8          4          0          0          0         68   rt_errno_addr_intlibspace.o
         8          4          0          0          0         68   rt_locale_intlibspace.o
        68          0          0          0          0         68   rt_memclr.o
        78          0          0          0          0         80   rt_memclr_w.o
       100          0          0          0          0         80   rt_memcpy_w.o
         2          0          0          0          0          0   rtexit.o
        10          0          0          0          0          0   rtexit2.o
       128          0          0          0          0         68   strcmpv7m.o
        12          4          0          0          0         68   sys_exit.o
        74          0          0          0          0         80   sys_stackheap_outer.o
         2          0          0          0          0         68   use_no_semi.o
        52          4          0          0          0         80   vsnprintf.o
        36          4          0          0          0         76   vsprintf.o
        24          0          0          0          0        164   basic.o
        98          4          0          0          0        140   d2f.o
       826         16          0          0          0        492   daddsub_clz.o
       688        140          0          0          0        256   ddiv.o
        94          4          0          0          0        140   dfix.o
        90          4          0          0          0        140   dfixu.o
        46          0          0          0          0        116   dflt_clz.o
       340         12          0          0          0        152   dmul.o
       156          4          0          0          0        140   dnaninf.o
        12          0          0          0          0        116   dretinf.o
       408         56          0          0          0        168   dsqrt_umaal.o
        86          4          0          0          0        132   f2d.o
       140          4          0          0          0        132   fnaninf.o
        10          0          0          0          0        116   fpinit.o
        10          0          0          0          0        116   fretinf.o
         4          0          0          0          0        116   printf1.o
         4          0          0          0          0        116   printf2.o
         0          0          0          0          0          0   usenofp.o
       864         94         80          0          0        280   asin.o
       744        106        152          0          0        352   atan.o
       496         64          0          0          0        192   atan2.o
       104         16          0          0          0        496   dunder.o
        24          0          0          0          0        124   fabs.o
        48          0          0          0          0        124   fpclassify.o
       248          0          0          0          0        152   poly.o
         0          0          8          0          0          0   qnan.o
       110          0          0          0          0        148   sqrt.o

    ----------------------------------------------------------------------
     13110        802        796          0         96       9300   Library Totals
        24          0          5          0          0          0   (incl. Padding)

    ----------------------------------------------------------------------

      Code (inc. data)   RO Data    RW Data    ZI Data      Debug   Library Name

      7412        274        551          0         96       4680   c_w.l
      3036        248          0          0          0       2752   fz_wm.l
      2638        280        240          0          0       1868   m_wm.l

    ----------------------------------------------------------------------
     13110        802        796          0         96       9300   Library Totals

    ----------------------------------------------------------------------

==============================================================================


      Code (inc. data)   RO Data    RW Data    ZI Data      Debug   

     41960       2504       6572        308      20884     761837   Grand Totals
     41960       2504       6572         64      20884     761837   ELF Image Totals (compressed)
     41960       2504       6572         64          0          0   ROM Totals

==============================================================================

    Total RO  Size (Code + RO Data)                48532 (  47.39kB)
    Total RW  Size (RW Data + ZI Data)             21192 (  20.70kB)
    Total ROM Size (Code + RO Data + RW Data)      48596 (  47.46kB)

==============================================================================

