Component: ARM Compiler 5.06 update 5 (build 528) Tool: armlink [4d35e2]

==============================================================================

Section Cross References

    startup_stm32f401xe.o(STACK) refers (Special) to heapauxi.o(.text) for __use_two_region_memory
    startup_stm32f401xe.o(HEAP) refers (Special) to heapauxi.o(.text) for __use_two_region_memory
    startup_stm32f401xe.o(RESET) refers (Special) to heapauxi.o(.text) for __use_two_region_memory
    startup_stm32f401xe.o(RESET) refers to startup_stm32f401xe.o(STACK) for __initial_sp
    startup_stm32f401xe.o(RESET) refers to startup_stm32f401xe.o(.text) for Reset_Handler
    startup_stm32f401xe.o(RESET) refers to stm32f4xx_it.o(i.NMI_Handler) for NMI_Handler
    startup_stm32f401xe.o(RESET) refers to stm32f4xx_it.o(i.HardFault_Handler) for HardFault_Handler
    startup_stm32f401xe.o(RESET) refers to stm32f4xx_it.o(i.MemManage_Handler) for MemManage_Handler
    startup_stm32f401xe.o(RESET) refers to stm32f4xx_it.o(i.BusFault_Handler) for BusFault_Handler
    startup_stm32f401xe.o(RESET) refers to stm32f4xx_it.o(i.UsageFault_Handler) for UsageFault_Handler
    startup_stm32f401xe.o(RESET) refers to port.o(.emb_text) for SVC_Handler
    startup_stm32f401xe.o(RESET) refers to stm32f4xx_it.o(i.DebugMon_Handler) for DebugMon_Handler
    startup_stm32f401xe.o(RESET) refers to port.o(i.SysTick_Handler) for SysTick_Handler
    startup_stm32f401xe.o(RESET) refers to stm32f4xx_it.o(i.DMA1_Stream0_IRQHandler) for DMA1_Stream0_IRQHandler
    startup_stm32f401xe.o(RESET) refers to stm32f4xx_it.o(i.DMA1_Stream5_IRQHandler) for DMA1_Stream5_IRQHandler
    startup_stm32f401xe.o(RESET) refers to stm32f4xx_it.o(i.DMA1_Stream6_IRQHandler) for DMA1_Stream6_IRQHandler
    startup_stm32f401xe.o(RESET) refers to stm32f4xx_it.o(i.TIM1_BRK_TIM9_IRQHandler) for TIM1_BRK_TIM9_IRQHandler
    startup_stm32f401xe.o(RESET) refers to stm32f4xx_it.o(i.TIM2_IRQHandler) for TIM2_IRQHandler
    startup_stm32f401xe.o(RESET) refers to stm32f4xx_it.o(i.TIM3_IRQHandler) for TIM3_IRQHandler
    startup_stm32f401xe.o(RESET) refers to stm32f4xx_it.o(i.I2C1_EV_IRQHandler) for I2C1_EV_IRQHandler
    startup_stm32f401xe.o(RESET) refers to communication.o(i.USART2_IRQHandler) for USART2_IRQHandler
    startup_stm32f401xe.o(RESET) refers to stm32f4xx_it.o(i.TIM5_IRQHandler) for TIM5_IRQHandler
    startup_stm32f401xe.o(RESET) refers to stm32f4xx_it.o(i.DMA2_Stream1_IRQHandler) for DMA2_Stream1_IRQHandler
    startup_stm32f401xe.o(RESET) refers to stm32f4xx_it.o(i.DMA2_Stream6_IRQHandler) for DMA2_Stream6_IRQHandler
    startup_stm32f401xe.o(RESET) refers to communication.o(i.USART6_IRQHandler) for USART6_IRQHandler
    startup_stm32f401xe.o(.text) refers (Special) to heapauxi.o(.text) for __use_two_region_memory
    startup_stm32f401xe.o(.text) refers to system_stm32f4xx.o(i.SystemInit) for SystemInit
    startup_stm32f401xe.o(.text) refers to __main.o(!!!main) for __main
    startup_stm32f401xe.o(.text) refers to startup_stm32f401xe.o(HEAP) for Heap_Mem
    startup_stm32f401xe.o(.text) refers to startup_stm32f401xe.o(STACK) for Stack_Mem
    main.o(i.HAL_TIM_PeriodElapsedCallback) refers to stm32f4xx_hal.o(i.HAL_IncTick) for HAL_IncTick
    main.o(i.HAL_TIM_PeriodElapsedCallback) refers to tim.o(.bss) for htim9
    main.o(i.HAL_TIM_PeriodElapsedCallback) refers to car.o(.bss) for car
    main.o(i.SystemClock_Config) refers to rt_memclr_w.o(.text) for __aeabi_memclr4
    main.o(i.SystemClock_Config) refers to stm32f4xx_hal_rcc.o(i.HAL_RCC_OscConfig) for HAL_RCC_OscConfig
    main.o(i.SystemClock_Config) refers to stm32f4xx_hal_rcc.o(i.HAL_RCC_ClockConfig) for HAL_RCC_ClockConfig
    main.o(i.main) refers to stm32f4xx_hal.o(i.HAL_Init) for HAL_Init
    main.o(i.main) refers to main.o(i.SystemClock_Config) for SystemClock_Config
    main.o(i.main) refers to gpio.o(i.MX_GPIO_Init) for MX_GPIO_Init
    main.o(i.main) refers to dma.o(i.MX_DMA_Init) for MX_DMA_Init
    main.o(i.main) refers to usart.o(i.MX_USART2_UART_Init) for MX_USART2_UART_Init
    main.o(i.main) refers to i2c.o(i.MX_I2C1_Init) for MX_I2C1_Init
    main.o(i.main) refers to usart.o(i.MX_USART6_UART_Init) for MX_USART6_UART_Init
    main.o(i.main) refers to tim.o(i.MX_TIM3_Init) for MX_TIM3_Init
    main.o(i.main) refers to tim.o(i.MX_TIM2_Init) for MX_TIM2_Init
    main.o(i.main) refers to tim.o(i.MX_TIM1_Init) for MX_TIM1_Init
    main.o(i.main) refers to tim.o(i.MX_TIM9_Init) for MX_TIM9_Init
    main.o(i.main) refers to delay.o(i.delay_init) for delay_init
    main.o(i.main) refers to ssd1306.o(i.ssd1306_Init) for ssd1306_Init
    main.o(i.main) refers to car.o(i.newCar) for newCar
    main.o(i.main) refers to rt_memcpy_w.o(.text) for __aeabi_memcpy4
    main.o(i.main) refers to stm32f4xx_hal_tim.o(i.HAL_TIM_Base_Start_IT) for HAL_TIM_Base_Start_IT
    main.o(i.main) refers to freertos.o(i.MX_FREERTOS_Init) for MX_FREERTOS_Init
    main.o(i.main) refers to cmsis_os.o(i.osKernelStart) for osKernelStart
[...]
    HAL_DMA_Init                             0x080022e9   Thumb Code   206  stm32f4xx_hal_dma.o(i.HAL_DMA_Init)
    HAL_DMA_Start_IT                         0x080023bd   Thumb Code   110  stm32f4xx_hal_dma.o(i.HAL_DMA_Start_IT)
    HAL_Delay                                0x0800242d   Thumb Code    24  delay.o(i.HAL_Delay)
    HAL_GPIO_Init                            0x08002445   Thumb Code   446  stm32f4xx_hal_gpio.o(i.HAL_GPIO_Init)
    HAL_GPIO_WritePin                        0x08002625   Thumb Code    10  stm32f4xx_hal_gpio.o(i.HAL_GPIO_WritePin)
    HAL_GetTick                              0x08002631   Thumb Code     6  stm32f4xx_hal.o(i.HAL_GetTick)
    HAL_I2C_AbortCpltCallback                0x0800263d   Thumb Code     2  stm32f4xx_hal_i2c.o(i.HAL_I2C_AbortCpltCallback)
    HAL_I2C_AddrCallback                     0x0800263f   Thumb Code     2  stm32f4xx_hal_i2c.o(i.HAL_I2C_AddrCallback)
    HAL_I2C_EV_IRQHandler                    0x08002641   Thumb Code   560  stm32f4xx_hal_i2c.o(i.HAL_I2C_EV_IRQHandler)
    HAL_I2C_ErrorCallback                    0x08002871   Thumb Code     2  stm32f4xx_hal_i2c.o(i.HAL_I2C_ErrorCallback)
    HAL_I2C_Init                             0x08002875   Thumb Code   376  stm32f4xx_hal_i2c.o(i.HAL_I2C_Init)
    HAL_I2C_ListenCpltCallback               0x080029fd   Thumb Code     2  stm32f4xx_hal_i2c.o(i.HAL_I2C_ListenCpltCallback)
    HAL_I2C_MasterRxCpltCallback             0x080029ff   Thumb Code     2  stm32f4xx_hal_i2c.o(i.HAL_I2C_MasterRxCpltCallback)
    HAL_I2C_MasterTxCpltCallback             0x08002a01   Thumb Code     2  stm32f4xx_hal_i2c.o(i.HAL_I2C_MasterTxCpltCallback)
    HAL_I2C_MemRxCpltCallback                0x08002a03   Thumb Code     2  stm32f4xx_hal_i2c.o(i.HAL_I2C_MemRxCpltCallback)
    HAL_I2C_MemTxCpltCallback                0x08002a05   Thumb Code     2  stm32f4xx_hal_i2c.o(i.HAL_I2C_MemTxCpltCallback)
    HAL_I2C_Mem_Read                         0x08002a09   Thumb Code   502  stm32f4xx_hal_i2c.o(i.HAL_I2C_Mem_Read)
    HAL_I2C_Mem_Write                        0x08002c0d   Thumb Code   294  stm32f4xx_hal_i2c.o(i.HAL_I2C_Mem_Write)
    HAL_I2C_MspInit                          0x08002d3d   Thumb Code   154  i2c.o(i.HAL_I2C_MspInit)
    HAL_I2C_SlaveRxCpltCallback              0x08002ded   Thumb Code     2  stm32f4xx_hal_i2c.o(i.HAL_I2C_SlaveRxCpltCallback)
    HAL_I2C_SlaveTxCpltCallback              0x08002def   Thumb Code     2  stm32f4xx_hal_i2c.o(i.HAL_I2C_SlaveTxCpltCallback)
    HAL_IncTick                              0x08002df1   Thumb Code    12  stm32f4xx_hal.o(i.HAL_IncTick)
    HAL_Init                                 0x08002e01   Thumb Code    48  stm32f4xx_hal.o(i.HAL_Init)
    HAL_InitTick                             0x08002e35   Thumb Code   132  stm32f4xx_hal_timebase_tim.o(i.HAL_InitTick)
    HAL_MspInit                              0x08002ecd   Thumb Code    52  stm32f4xx_hal_msp.o(i.HAL_MspInit)
    HAL_NVIC_EnableIRQ                       0x08002f05   Thumb Code    26  stm32f4xx_hal_cortex.o(i.HAL_NVIC_EnableIRQ)
    HAL_NVIC_SetPriority                     0x08002f21   Thumb Code    60  stm32f4xx_hal_cortex.o(i.HAL_NVIC_SetPriority)
    HAL_NVIC_SetPriorityGrouping             0x08002f61   Thumb Code    26  stm32f4xx_hal_cortex.o(i.HAL_NVIC_SetPriorityGrouping)
    HAL_RCC_ClockConfig                      0x08002f85   Thumb Code   288  stm32f4xx_hal_rcc.o(i.HAL_RCC_ClockConfig)
    HAL_RCC_GetClockConfig                   0x080030b9   Thumb Code    54  stm32f4xx_hal_rcc.o(i.HAL_RCC_GetClockConfig)
    HAL_RCC_GetPCLK1Freq                     0x080030f9   Thumb Code    20  stm32f4xx_hal_rcc.o(i.HAL_RCC_GetPCLK1Freq)
    HAL_RCC_GetPCLK2Freq                     0x08003119   Thumb Code    20  stm32f4xx_hal_rcc.o(i.HAL_RCC_GetPCLK2Freq)
    HAL_RCC_GetSysClockFreq                  0x08003139   Thumb Code    88  stm32f4xx_hal_rcc.o(i.HAL_RCC_GetSysClockFreq)
    HAL_RCC_OscConfig                        0x08003199   Thumb Code   856  stm32f4xx_hal_rcc.o(i.HAL_RCC_OscConfig)
    HAL_TIMEx_BreakCallback                  0x08003505   Thumb Code     2  stm32f4xx_hal_tim_ex.o(i.HAL_TIMEx_BreakCallback)
    HAL_TIMEx_CommutCallback                 0x08003507   Thumb Code     2  stm32f4xx_hal_tim_ex.o(i.HAL_TIMEx_CommutCallback)
    HAL_TIMEx_MasterConfigSynchronization    0x08003509   Thumb Code   104  stm32f4xx_hal_tim_ex.o(i.HAL_TIMEx_MasterConfigSynchronization)
    HAL_TIM_Base_Init                        0x08003585   Thumb Code    90  stm32f4xx_hal_tim.o(i.HAL_TIM_Base_Init)
    HAL_TIM_Base_MspInit                     0x080035e1   Thumb Code    90  tim.o(i.HAL_TIM_Base_MspInit)
    HAL_TIM_Base_Start_IT                    0x08003645   Thumb Code    88  stm32f4xx_hal_tim.o(i.HAL_TIM_Base_Start_IT)
    HAL_TIM_ConfigClockSource                0x080036b1   Thumb Code   220  stm32f4xx_hal_tim.o(i.HAL_TIM_ConfigClockSource)
    HAL_TIM_Encoder_Init                     0x0800378d   Thumb Code   164  stm32f4xx_hal_tim.o(i.HAL_TIM_Encoder_Init)
    HAL_TIM_Encoder_MspInit                  0x08003831   Thumb Code   182  tim.o(i.HAL_TIM_Encoder_MspInit)
    HAL_TIM_Encoder_Start                    0x080038f9   Thumb Code   142  stm32f4xx_hal_tim.o(i.HAL_TIM_Encoder_Start)
    HAL_TIM_IC_CaptureCallback               0x08003987   Thumb Code     2  stm32f4xx_hal_tim.o(i.HAL_TIM_IC_CaptureCallback)
    HAL_TIM_IRQHandler                       0x08003989   Thumb Code   304  stm32f4xx_hal_tim.o(i.HAL_TIM_IRQHandler)
    HAL_TIM_MspPostInit                      0x08003ab9   Thumb Code    70  tim.o(i.HAL_TIM_MspPostInit)
    HAL_TIM_OC_DelayElapsedCallback          0x08003b09   Thumb Code     2  stm32f4xx_hal_tim.o(i.HAL_TIM_OC_DelayElapsedCallback)
    HAL_TIM_PWM_ConfigChannel                0x08003b0b   Thumb Code   204  stm32f4xx_hal_tim.o(i.HAL_TIM_PWM_ConfigChannel)
    HAL_TIM_PWM_Init                         0x08003bd7   Thumb Code    90  stm32f4xx_hal_tim.o(i.HAL_TIM_PWM_Init)
    HAL_TIM_PWM_MspInit                      0x08003c31   Thumb Code     2  stm32f4xx_hal_tim.o(i.HAL_TIM_PWM_MspInit)
    HAL_TIM_PWM_PulseFinishedCallback        0x08003c33   Thumb Code     2  stm32f4xx_hal_tim.o(i.HAL_TIM_PWM_PulseFinishedCallback)
    HAL_TIM_PWM_Start                        0x08003c35   Thumb Code   156  stm32f4xx_hal_tim.o(i.HAL_TIM_PWM_Start)
    HAL_TIM_PeriodElapsedCallback            0x08003ce5   Thumb Code    48  main.o(i.HAL_TIM_PeriodElapsedCallback)
    HAL_TIM_TriggerCallback                  0x08003d21   Thumb Code     2  stm32f4xx_hal_tim.o(i.HAL_TIM_TriggerCallback)
    HAL_UARTEx_RxEventCallback               0x08003d23   Thumb Code     2  stm32f4xx_hal_uart.o(i.HAL_UARTEx_RxEventCallback)
    HAL_UART_DMAStop                         0x08003d25   Thumb Code   112  stm32f4xx_hal_uart.o(i.HAL_UART_DMAStop)
    HAL_UART_ErrorCallback                   0x08003d95   Thumb Code     2  stm32f4xx_hal_uart.o(i.HAL_UART_ErrorCallback)
    HAL_UART_IRQHandler                      0x08003d99   Thumb Code   618  stm32f4xx_hal_uart.o(i.HAL_UART_IRQHandler)
    HAL_UART_Init                            0x08004009   Thumb Code   100  stm32f4xx_hal_uart.o(i.HAL_UART_Init)
    HAL_UART_MspInit                         0x0800406d   Thumb Code   378  usart.o(i.HAL_UART_MspInit)
    HAL_UART_Receive_DMA                     0x08004209   Thumb Code    28  stm32f4xx_hal_uart.o(i.HAL_UART_Receive_DMA)
    HAL_UART_RxCpltCallback                  0x08004225   Thumb Code     2  stm32f4xx_hal_uart.o(i.HAL_UART_RxCpltCallback)
    HAL_UART_RxHalfCpltCallback              0x08004227   Thumb Code     2  stm32f4xx_hal_uart.o(i.HAL_UART_RxHalfCpltCallback)
    HAL_UART_Transmit_IT                     0x08004229   Thumb Code    50  stm32f4xx_hal_uart.o(i.HAL_UART_Transmit_IT)
    HAL_UART_TxCpltCallback                  0x0800425b   Thumb Code     2  stm32f4xx_hal_uart.o(i.HAL_UART_TxCpltCallback)
    HardFault_Handler                        0x0800425d   Thumb Code     2  stm32f4xx_it.o(i.HardFault_Handler)
    I2C1_EV_IRQHandler                       0x08004261   Thumb Code     6  stm32f4xx_it.o(i.I2C1_EV_IRQHandler)
    MPU6500_DMP_Get_Data                     0x08004fc9   Thumb Code   334  mpu6500.o(i.MPU6500_DMP_Get_Data)
    MPU_6500_Init                            0x08005125   Thumb Code   160  mpu6500.o(i.MPU_6500_Init)
    MX_DMA_Init                              0x080051c9   Thumb Code   120  dma.o(i.MX_DMA_Init)
    MX_FREERTOS_Init                         0x08005245   Thumb Code    74  freertos.o(i.MX_FREERTOS_Init)
    MX_GPIO_Init                             0x08005299   Thumb Code   212  gpio.o(i.MX_GPIO_Init)
    MX_I2C1_Init                             0x0800537d   Thumb Code    50  i2c.o(i.MX_I2C1_Init)
    MX_TIM1_Init                             0x080053bd   Thumb Code   102  tim.o(i.MX_TIM1_Init)
    MX_TIM2_Init                             0x0800542d   Thumb Code   160  tim.o(i.MX_TIM2_Init)
    MX_TIM3_Init                             0x080054d1   Thumb Code   100  tim.o(i.MX_TIM3_Init)
    MX_TIM9_Init                             0x0800553d   Thumb Code    68  tim.o(i.MX_TIM9_Init)
    MX_USART2_UART_Init                      0x08005589   Thumb Code    48  usart.o(i.MX_USART2_UART_Init)
    MX_USART6_UART_Init                      0x080055c1   Thumb Code    48  usart.o(i.MX_USART6_UART_Init)
    MemManage_Handler                        0x080055f9   Thumb Code     2  stm32f4xx_it.o(i.MemManage_Handler)
    MotorPidCalc                             0x080055fd   Thumb Code    54  car.o(i.MotorPidCalc)
    Move                                     0x08005639   Thumb Code   214  motor.o(i.Move)
    NMI_Handler                              0x0800570f   Thumb Code     2  stm32f4xx_it.o(i.NMI_Handler)
    PID_calc                                 0x08005711   Thumb Code   292  pid.o(i.PID_calc)
    PID_init                                 0x08005839   Thumb Code    88  pid.o(i.PID_init)
    StartCarTask                             0x08005895   Thumb Code   174  cartask.o(i.StartCarTask)
    StartDefaultTask                         0x0800596d   Thumb Code     8  freertos.o(i.StartDefaultTask)
    StartOledTask                            0x08005975   Thumb Code    56  oledtask.o(i.StartOledTask)
    SysTick_Handler                          0x080059b5   Thumb Code    38  port.o(i.SysTick_Handler)
    SystemClock_Config                       0x080059e1   Thumb Code   142  main.o(i.SystemClock_Config)
    SystemInit                               0x08005a79   Thumb Code    12  system_stm32f4xx.o(i.SystemInit)
    TIM1_BRK_TIM9_IRQHandler                 0x08005a89   Thumb Code    18  stm32f4xx_it.o(i.TIM1_BRK_TIM9_IRQHandler)
    TIM2_IRQHandler                          0x08005aa5   Thumb Code     6  stm32f4xx_it.o(i.TIM2_IRQHandler)
    TIM3_IRQHandler                          0x08005ab1   Thumb Code     6  stm32f4xx_it.o(i.TIM3_IRQHandler)
    TIM5_IRQHandler                          0x08005abd   Thumb Code     6  stm32f4xx_it.o(i.TIM5_IRQHandler)
    TIM_Base_SetConfig                       0x08005ac9   Thumb Code   136  stm32f4xx_hal_tim.o(i.TIM_Base_SetConfig)
    TIM_CCxChannelCmd                        0x08005b6d   Thumb Code    26  stm32f4xx_hal_tim.o(i.TIM_CCxChannelCmd)
    TIM_ETR_SetConfig                        0x08005b87   Thumb Code    20  stm32f4xx_hal_tim.o(i.TIM_ETR_SetConfig)
    TIM_OC2_SetConfig                        0x08005bfd   Thumb Code    84  stm32f4xx_hal_tim.o(i.TIM_OC2_SetConfig)
    UART_IdleCallback                        0x08005ea1   Thumb Code    60  communication.o(i.UART_IdleCallback)
    UART_Start_Receive_DMA                   0x080060c1   Thumb Code   130  stm32f4xx_hal_uart.o(i.UART_Start_Receive_DMA)
    USART2_IRQHandler                        0x08006151   Thumb Code    36  communication.o(i.USART2_IRQHandler)
    USART6_IRQHandler                        0x08006179   Thumb Code    36  communication.o(i.USART6_IRQHandler)
    UsageFault_Handler                       0x080061a1   Thumb Code     2  stm32f4xx_it.o(i.UsageFault_Handler)
    __ARM_fpclassify                         0x080061a3   Thumb Code    48  fpclassify.o(i.__ARM_fpclassify)
    __hardfp_asin                            0x080061f9   Thumb Code   770  asin.o(i.__hardfp_asin)
    __hardfp_atan                            0x08006559   Thumb Code   622  atan.o(i.__hardfp_atan)
    __hardfp_atan2                           0x08006831   Thumb Code   432  atan2.o(i.__hardfp_atan2)
    __kernel_poly                            0x08006a21   Thumb Code   248  poly.o(i.__kernel_poly)
    __mathlib_dbl_infnan                     0x08006b19   Thumb Code    20  dunder.o(i.__mathlib_dbl_infnan)
    __mathlib_dbl_infnan2                    0x08006b2d   Thumb Code    20  dunder.o(i.__mathlib_dbl_infnan2)
    __mathlib_dbl_invalid                    0x08006b41   Thumb Code    24  dunder.o(i.__mathlib_dbl_invalid)
    __mathlib_dbl_underflow                  0x08006b61   Thumb Code    24  dunder.o(i.__mathlib_dbl_underflow)
    _is_digit                                0x08006b81   Thumb Code    14  __printf_wp.o(i._is_digit)
    atan                                     0x08006b8f   Thumb Code    16  atan.o(i.atan)
    delay_init                               0x08006ba1   Thumb Code    18  delay.o(i.delay_init)
    delay_ms                                 0x08006bbd   Thumb Code    48  delay.o(i.delay_ms)
    dmp_enable_6x_lp_quat                    0x08006bf5   Thumb Code    58  inv_mpu_dmp_motion_driver.o(i.dmp_enable_6x_lp_quat)
    dmp_enable_feature                       0x08006c31   Thumb Code   464  inv_mpu_dmp_motion_driver.o(i.dmp_enable_feature)
    dmp_enable_gyro_cal                      0x08006e09   Thumb Code    34  inv_mpu_dmp_motion_driver.o(i.dmp_enable_gyro_cal)
    dmp_enable_lp_quat                       0x08006e45   Thumb Code    58  inv_mpu_dmp_motion_driver.o(i.dmp_enable_lp_quat)
    dmp_load_motion_driver_firmware          0x08006e81   Thumb Code    16  inv_mpu_dmp_motion_driver.o(i.dmp_load_motion_driver_firmware)
    dmp_read_fifo                            0x08006e95   Thumb Code   326  inv_mpu_dmp_motion_driver.o(i.dmp_read_fifo)
    dmp_set_fifo_rate                        0x08006fe1   Thumb Code    82  inv_mpu_dmp_motion_driver.o(i.dmp_set_fifo_rate)
    dmp_set_orientation                      0x08007045   Thumb Code   246  inv_mpu_dmp_motion_driver.o(i.dmp_set_orientation)
    dmp_set_shake_reject_thresh              0x08007151   Thumb Code    48  inv_mpu_dmp_motion_driver.o(i.dmp_set_shake_reject_thresh)
    dmp_set_shake_reject_time                0x08007181   Thumb Code    32  inv_mpu_dmp_motion_driver.o(i.dmp_set_shake_reject_time)
    dmp_set_shake_reject_timeout             0x080071a1   Thumb Code    32  inv_mpu_dmp_motion_driver.o(i.dmp_set_shake_reject_timeout)
    dmp_set_tap_axes                         0x080071c1   Thumb Code    64  inv_mpu_dmp_motion_driver.o(i.dmp_set_tap_axes)
    dmp_set_tap_count                        0x08007201   Thumb Code    34  inv_mpu_dmp_motion_driver.o(i.dmp_set_tap_count)
    dmp_set_tap_thresh                       0x08007225   Thumb Code   314  inv_mpu_dmp_motion_driver.o(i.dmp_set_tap_thresh)
    dmp_set_tap_time                         0x08007385   Thumb Code    32  inv_mpu_dmp_motion_driver.o(i.dmp_set_tap_time)
    dmp_set_tap_time_multi                   0x080073a5   Thumb Code    32  inv_mpu_dmp_motion_driver.o(i.dmp_set_tap_time_multi)
    fabs                                     0x080073c5   Thumb Code    24  fabs.o(i.fabs)
    main                                     0x08007425   Thumb Code    88  main.o(i.main)
    mpu_configure_fifo                       0x08007491   Thumb Code    78  inv_mpu.o(i.mpu_configure_fifo)
    mpu_get_accel_fsr                        0x080074e5   Thumb Code    54  inv_mpu.o(i.mpu_get_accel_fsr)
    mpu_init                                 0x08007521   Thumb Code   254  inv_mpu.o(i.mpu_init)
    mpu_load_firmware                        0x08007629   Thumb Code   166  inv_mpu.o(i.mpu_load_firmware)
    mpu_lp_accel_mode                        0x080076d9   Thumb Code   230  inv_mpu.o(i.mpu_lp_accel_mode)
    mpu_read_fifo_stream                     0x080077c9   Thumb Code   186  inv_mpu.o(i.mpu_read_fifo_stream)
    mpu_read_mem                             0x0800788d   Thumb Code   110  inv_mpu.o(i.mpu_read_mem)
    mpu_reset_fifo                           0x08007905   Thumb Code   454  inv_mpu.o(i.mpu_reset_fifo)
    mpu_set_accel_fsr                        0x08007ad5   Thumb Code   112  inv_mpu.o(i.mpu_set_accel_fsr)
    mpu_set_bypass                           0x08007b4d   Thumb Code   310  inv_mpu.o(i.mpu_set_bypass)
    mpu_set_dmp_state                        0x08007c8d   Thumb Code   142  inv_mpu.o(i.mpu_set_dmp_state)
    mpu_set_gyro_fsr                         0x08007d25   Thumb Code   118  inv_mpu.o(i.mpu_set_gyro_fsr)
    mpu_set_int_latched                      0x08007da5   Thumb Code   108  inv_mpu.o(i.mpu_set_int_latched)
    mpu_set_lpf                              0x08007e19   Thumb Code   120  inv_mpu.o(i.mpu_set_lpf)
    mpu_set_sample_rate                      0x08007e99   Thumb Code   142  inv_mpu.o(i.mpu_set_sample_rate)
    mpu_set_sensors                          0x08007f31   Thumb Code   216  inv_mpu.o(i.mpu_set_sensors)
    mpu_write_mem                            0x08008011   Thumb Code   110  inv_mpu.o(i.mpu_write_mem)
    newCar                                   0x08008089   Thumb Code   284  car.o(i.newCar)
    newEncoder                               0x080081c1   Thumb Code    48  encoder.o(i.newEncoder)
    newImu                                   0x080081f5   Thumb Code    24  imu.o(i.newImu)
    newMotor                                 0x08008215   Thumb Code    62  motor.o(i.newMotor)
    osDelay                                  0x0800825d   Thumb Code    14  cmsis_os.o(i.osDelay)
    osKernelStart                            0x0800826b   Thumb Code    10  cmsis_os.o(i.osKernelStart)
    osThreadCreate                           0x08008275   Thumb Code    84  cmsis_os.o(i.osThreadCreate)
    pvPortMalloc                             0x08008615   Thumb Code   216  heap_4.o(i.pvPortMalloc)
    pxPortInitialiseStack                    0x080086f1   Thumb Code    40  port.o(i.pxPortInitialiseStack)
    sqrt                                     0x08008799   Thumb Code   110  sqrt.o(i.sqrt)
    ssd1306_Fill                             0x08008809   Thumb Code    18  ssd1306.o(i.ssd1306_Fill)
    ssd1306_Init                             0x08008821   Thumb Code   194  ssd1306.o(i.ssd1306_Init)
    ssd1306_SetContrast                      0x080088e9   Thumb Code    20  ssd1306.o(i.ssd1306_SetContrast)
    ssd1306_SetDisplayOn                     0x080088fd   Thumb Code    20  ssd1306.o(i.ssd1306_SetDisplayOn)
    ssd1306_UpdateScreen                     0x08008915   Thumb Code    50  ssd1306.o(i.ssd1306_UpdateScreen)
    ssd1306_WriteCommand                     0x0800894d   Thumb Code    32  ssd1306.o(i.ssd1306_WriteCommand)
    ssd1306_WriteData                        0x08008971   Thumb Code    26  ssd1306.o(i.ssd1306_WriteData)
    uart_printf                              0x08008991   Thumb Code    44  communication.o(i.uart_printf)
    uxListRemove                             0x080089c5   Thumb Code    38  list.o(i.uxListRemove)
    vApplicationGetIdleTaskMemory            0x080089ed   Thumb Code    16  freertos.o(i.vApplicationGetIdleTaskMemory)
    vListInitialise                          0x08008a01   Thumb Code    22  list.o(i.vListInitialise)
    vListInitialiseItem                      0x08008a17   Thumb Code     6  list.o(i.vListInitialiseItem)
    vListInsert                              0x08008a1d   Thumb Code    48  list.o(i.vListInsert)
    vListInsertEnd                           0x08008a4d   Thumb Code    24  list.o(i.vListInsertEnd)
    vPortEnterCritical                       0x08008a65   Thumb Code    54  port.o(i.vPortEnterCritical)
    vPortExitCritical                        0x08008aa5   Thumb Code    34  port.o(i.vPortExitCritical)
    vPortFree                                0x08008acd   Thumb Code    94  heap_4.o(i.vPortFree)
    vPortSetupTimerInterrupt                 0x08008b31   Thumb Code    32  port.o(i.vPortSetupTimerInterrupt)
    vTaskDelay                               0x08008b55   Thumb Code    66  tasks.o(i.vTaskDelay)
    vTaskStartScheduler                      0x08008ba1   Thumb Code    90  tasks.o(i.vTaskStartScheduler)
    vTaskSuspendAll                          0x08008c0d   Thumb Code    10  tasks.o(i.vTaskSuspendAll)
    vTaskSwitchContext                       0x08008c1d   Thumb Code    82  tasks.o(i.vTaskSwitchContext)
    xPortStartScheduler                      0x08008c79   Thumb Code   222  port.o(i.xPortStartScheduler)
    xTaskCreate                              0x08008d6d   Thumb Code    90  tasks.o(i.xTaskCreate)
    xTaskCreateStatic                        0x08008dc7   Thumb Code    86  tasks.o(i.xTaskCreateStatic)
    xTaskIncrementTick                       0x08008e1d   Thumb Code   194  tasks.o(i.xTaskIncrementTick)
    xTaskResumeAll                           0x08008ee9   Thumb Code   182  tasks.o(i.xTaskResumeAll)
    _get_lc_numeric                          0x08008fad   Thumb Code    44  lc_numeric_c.o(locale$$code)
    _get_lc_ctype                            0x08008fd9   Thumb Code    44  lc_ctype_c.o(locale$$code)
    __aeabi_dneg                             0x08009005   Thumb Code     0  basic.o(x$fpl$basic)
    _dneg                                    0x08009005   Thumb Code     6  basic.o(x$fpl$basic)
    __aeabi_fneg                             0x0800900b   Thumb Code     0  basic.o(x$fpl$basic)
    _fneg                                    0x0800900b   Thumb Code     6  basic.o(x$fpl$basic)
    _dabs                                    0x08009011   Thumb Code     6  basic.o(x$fpl$basic)
    _fabs                                    0x08009017   Thumb Code     6  basic.o(x$fpl$basic)
    __aeabi_d2f                              0x0800901d   Thumb Code     0  d2f.o(x$fpl$d2f)
    _d2f                                     0x0800901d   Thumb Code    98  d2f.o(x$fpl$d2f)
    __aeabi_dadd                             0x08009081   Thumb Code     0  daddsub_clz.o(x$fpl$dadd)
    _dadd                                    0x08009081   Thumb Code   332  daddsub_clz.o(x$fpl$dadd)
    __aeabi_ddiv                             0x080091d1   Thumb Code     0  ddiv.o(x$fpl$ddiv)
    _ddiv                                    0x080091d1   Thumb Code   552  ddiv.o(x$fpl$ddiv)
    __aeabi_d2iz                             0x08009481   Thumb Code     0  dfix.o(x$fpl$dfix)
    _dfix                                    0x08009481   Thumb Code    94  dfix.o(x$fpl$dfix)
    __aeabi_d2uiz                            0x080094e1   Thumb Code     0  dfixu.o(x$fpl$dfixu)
    _dfixu                                   0x080094e1   Thumb Code    90  dfixu.o(x$fpl$dfixu)
    __aeabi_i2d                              0x0800953b   Thumb Code     0  dflt_clz.o(x$fpl$dflt)
    _dflt                                    0x0800953b   Thumb Code    46  dflt_clz.o(x$fpl$dflt)
    __aeabi_dmul                             0x08009569   Thumb Code     0  dmul.o(x$fpl$dmul)
    _dmul                                    0x08009569   Thumb Code   332  dmul.o(x$fpl$dmul)
    __fpl_dnaninf                            0x080096bd   Thumb Code   156  dnaninf.o(x$fpl$dnaninf)
    __fpl_dretinf                            0x08009759   Thumb Code    12  dretinf.o(x$fpl$dretinf)
    __aeabi_drsub                            0x08009765   Thumb Code     0  daddsub_clz.o(x$fpl$drsb)
    _drsb                                    0x08009765   Thumb Code    22  daddsub_clz.o(x$fpl$drsb)
    _dsqrt                                   0x0800977d   Thumb Code   404  dsqrt_umaal.o(x$fpl$dsqrt)
    __aeabi_dsub                             0x08009915   Thumb Code     0  daddsub_clz.o(x$fpl$dsub)
    _dsub                                    0x08009915   Thumb Code   464  daddsub_clz.o(x$fpl$dsub)
    __aeabi_f2d                              0x08009ae9   Thumb Code     0  f2d.o(x$fpl$f2d)
    _f2d                                     0x08009ae9   Thumb Code    86  f2d.o(x$fpl$f2d)
    __fpl_fnaninf                            0x08009b3f   Thumb Code   140  fnaninf.o(x$fpl$fnaninf)
    _fp_init                                 0x08009bcb   Thumb Code    10  fpinit.o(x$fpl$fpinit)
    __fplib_config_fpu_vfp                   0x08009bd3   Thumb Code     0  fpinit.o(x$fpl$fpinit)
    __fplib_config_pureend_doubles           0x08009bd3   Thumb Code     0  fpinit.o(x$fpl$fpinit)
    __fpl_fretinf                            0x08009bd5   Thumb Code    10  fretinf.o(x$fpl$fretinf)
    _printf_fp_dec                           0x08009bdf   Thumb Code     4  printf1.o(x$fpl$printf1)
    _printf_fp_hex                           0x08009be3   Thumb Code     4  printf2.o(x$fpl$printf2)
    __I$use$fp                               0x08009be6   Number         0  usenofp.o(x$fpl$usenofp)
    AHBPrescTable                            0x08009c44   Data          16  system_stm32f4xx.o(.constdata)
    APBPrescTable                            0x08009c54   Data           8  system_stm32f4xx.o(.constdata)
    reg                                      0x08009cb0   Data          30  inv_mpu.o(.constdata)
    hw                                       0x08009cce   Data          12  inv_mpu.o(.constdata)
    test                                     0x08009cdc   Data          48  inv_mpu.o(.constdata)
    __mathlib_zero                           0x0800aa30   Data           8  qnan.o(.constdata)
    Region$$Table$$Base                      0x0800ab14   Number         0  anon$$obj.o(Region$$Table)
    Region$$Table$$Limit                     0x0800ab34   Number         0  anon$$obj.o(Region$$Table)
    __ctype                                  0x0800ab5d   Data           0  lc_ctype_c.o(locale$$data)
    carTaskHandle                            0x20000000   Data           4  freertos.o(.data)
    oledTaskHandle                           0x20000004   Data           4  freertos.o(.data)
    defaultTaskHandle                        0x20000008   Data           4  freertos.o(.data)
    uwTickFreq                               0x2000000c   Data           1  stm32f4xx_hal.o(.data)
    uwTickPrio                               0x20000010   Data           4  stm32f4xx_hal.o(.data)
    uwTick                                   0x20000014   Data           4  stm32f4xx_hal.o(.data)
    SystemCoreClock                          0x20000018   Data           4  system_stm32f4xx.o(.data)
    pxCurrentTCB                             0x2000001c   Data           4  tasks.o(.data)
    hi2c1                                    0x20000328   Data          84  i2c.o(.bss)
    hdma_i2c1_rx                             0x2000037c   Data          96  i2c.o(.bss)
    htim1                                    0x200003dc   Data          72  tim.o(.bss)
    htim2                                    0x20000424   Data          72  tim.o(.bss)
    htim3                                    0x2000046c   Data          72  tim.o(.bss)
    htim9                                    0x200004b4   Data          72  tim.o(.bss)
    huart2                                   0x200004fc   Data          72  usart.o(.bss)
    huart6                                   0x20000544   Data          72  usart.o(.bss)
    hdma_usart2_tx                           0x2000058c   Data          96  usart.o(.bss)
    hdma_usart2_rx                           0x200005ec   Data          96  usart.o(.bss)
    hdma_usart6_rx                           0x2000064c   Data          96  usart.o(.bss)
    hdma_usart6_tx                           0x200006ac   Data          96  usart.o(.bss)
    htim5                                    0x2000070c   Data          72  stm32f4xx_hal_timebase_tim.o(.bss)
    car                                      0x20004444   Data         360  car.o(.bss)
    rx_data_buffer2                          0x200046ac   Data          64  communication.o(.bss)
    rx_data_buffer6                          0x200046ec   Data          64  communication.o(.bss)
    __libspace_start                         0x20004b3c   Data          96  libspace.o(.bss)
    __temporary_stack_top$libspace           0x20004b9c   Data           0  libspace.o(.bss)



==============================================================================

Memory Map of the image

  Image Entry point : 0x08000195

  Load Region LR_IROM1 (Base: 0x08000000, Size: 0x0000ad34, Max: 0x00080000, ABSOLUTE)

    Execution Region ER_IROM1 (Exec base: 0x08000000, Load base: 0x08000000, Size: 0x0000ac60, Max: 0x00080000, ABSOLUTE)

    Exec Addr    Load Addr    Size         Type   Attr      Idx    E Section Name        Object

    0x08000000   0x08000000   0x00000194   Data   RO            3    RESET               startup_stm32f401xe.o
    0x08000194   0x08000194   0x00000008   Code   RO         6429  * !!!main             c_w.l(__main.o)
    0x0800019c   0x0800019c   0x00000034   Code   RO         6911    !!!scatter          c_w.l(__scatter.o)
    0x080001d0   0x080001d0   0x0000001a   Code   RO         6913    !!handler_copy      c_w.l(__scatter_copy.o)
    0x080001ea   0x080001ea   0x00000002   PAD
    0x080001ec   0x080001ec   0x0000001c   Code   RO         6915    !!handler_zi        c_w.l(__scatter_zi.o)
    0x08000208   0x08000208   0x00000000   Code   RO         6412    .ARM.Collect$$_printf_percent$$00000000  c_w.l(_printf_percent.o)
    0x08000208   0x08000208   0x00000006   Code   RO         6562    .ARM.Collect$$_printf_percent$$00000001  c_w.l(_printf_n.o)
    0x0800020e   0x0800020e   0x00000006   Code   RO         6564    .ARM.Collect$$_printf_percent$$00000002  c_w.l(_printf_p.o)
    0x08000214   0x08000214   0x00000006   Code   RO         6568    .ARM.Collect$$_printf_percent$$00000003  c_w.l(_printf_f.o)
    0x0800021a   0x0800021a   0x00000006   Code   RO         6569    .ARM.Collect$$_printf_percent$$00000004  c_w.l(_printf_e.o)
    0x08000220   0x08000220   0x00000006   Code   RO         6570    .ARM.Collect$$_printf_percent$$00000005  c_w.l(_printf_g.o)
    0x08000226   0x08000226   0x00000006   Code   RO         6571    .ARM.Collect$$_printf_percent$$00000006  c_w.l(_printf_a.o)
    0x0800022c   0x0800022c   0x0000000a   Code   RO         6576    .ARM.Collect$$_printf_percent$$00000007  c_w.l(_printf_ll.o)
    0x08000236   0x08000236   0x00000006   Code   RO         6566    .ARM.Collect$$_printf_percent$$00000008  c_w.l(_printf_i.o)
    0x0800023c   0x0800023c   0x00000006   Code   RO         6411    .ARM.Collect$$_printf_percent$$00000009  c_w.l(_printf_d.o)
    0x08000242   0x08000242   0x00000006   Code   RO         6567    .ARM.Collect$$_printf_percent$$0000000A  c_w.l(_printf_u.o)
    0x08000248   0x08000248   0x00000006   Code   RO         6565    .ARM.Collect$$_printf_percent$$0000000B  c_w.l(_printf_o.o)
    0x0800024e   0x0800024e   0x00000006   Code   RO         6563    .ARM.Collect$$_printf_percent$$0000000C  c_w.l(_printf_x.o)
    0x08000254   0x08000254   0x00000006   Code   RO         6573    .ARM.Collect$$_printf_percent$$0000000D  c_w.l(_printf_lli.o)
    0x0800025a   0x0800025a   0x00000006   Code   RO         6574    .ARM.Collect$$_printf_percent$$0000000E  c_w.l(_printf_lld.o)
    0x08000260   0x08000260   0x00000006   Code   RO         6575    .ARM.Collect$$_printf_percent$$0000000F  c_w.l(_printf_llu.o)
    0x08000266   0x08000266   0x00000006   Code   RO         6580    .ARM.Collect$$_printf_percent$$00000010  c_w.l(_printf_llo.o)
    0x0800026c   0x0800026c   0x00000006   Code   RO         6581    .ARM.Collect$$_printf_percent$$00000011  c_w.l(_printf_llx.o)
    0x08000272   0x08000272   0x0000000a   Code   RO         6577    .ARM.Collect$$_printf_percent$$00000012  c_w.l(_printf_l.o)
    0x0800027c   0x0800027c   0x00000006   Code   RO         6560    .ARM.Collect$$_printf_percent$$00000013  c_w.l(_printf_c.o)
    0x08000282   0x08000282   0x00000006   Code   RO         6561    .ARM.Collect$$_printf_percent$$00000014  c_w.l(_printf_s.o)
    0x08000288   0x08000288   0x00000006   Code   RO         6578    .ARM.Collect$$_printf_percent$$00000015  c_w.l(_printf_lc.o)
    0x0800028e   0x0800028e   0x00000006   Code   RO         6579    .ARM.Collect$$_printf_percent$$00000016  c_w.l(_printf_ls.o)
    0x08000294   0x08000294   0x00000004   Code   RO         6572    .ARM.Collect$$_printf_percent$$00000017  c_w.l(_printf_percent_end.o)
    0x08000298   0x08000298   0x00000002   Code   RO         6775    .ARM.Collect$$libinit$$00000000  c_w.l(libinit.o)
    0x0800029a   0x0800029a   0x00000004   Code   RO         6793    .ARM.Collect$$libinit$$00000001  c_w.l(libinit2.o)
    0x0800029e   0x0800029e   0x00000000   Code   RO         6796    .ARM.Collect$$libinit$$00000004  c_w.l(libinit2.o)
    0x0800029e   0x0800029e   0x00000000   Code   RO         6799    .ARM.Collect$$libinit$$0000000A  c_w.l(libinit2.o)
    0x0800029e   0x0800029e   0x00000000   Code   RO         6801    .ARM.Collect$$libinit$$0000000C  c_w.l(libinit2.o)
    0x0800029e   0x0800029e   0x00000000   Code   RO         6803    .ARM.Collect$$libinit$$0000000E  c_w.l(libinit2.o)
    0x0800029e   0x0800029e   0x00000006   Code   RO         6804    .ARM.Collect$$libinit$$0000000F  c_w.l(libinit2.o)
    0x080002a4   0x080002a4   0x00000000   Code   RO         6806    .ARM.Collect$$libinit$$00000011  c_w.l(libinit2.o)
    0x080002a4   0x080002a4   0x0000000c   Code   RO         6807    .ARM.Collect$$libinit$$00000012  c_w.l(libinit2.o)
    0x080002b0   0x080002b0   0x00000000   Code   RO         6808    .ARM.Collect$$libinit$$00000013  c_w.l(libinit2.o)
    0x080002b0   0x080002b0   0x00000000   Code   RO         6810    .ARM.Collect$$libinit$$00000015  c_w.l(libinit2.o)
    0x080002b0   0x080002b0   0x0000000a   Code   RO         6811    .ARM.Collect$$libinit$$00000016  c_w.l(libinit2.o)
    0x080002ba   0x080002ba   0x00000000   Code   RO         6812    .ARM.Collect$$libinit$$00000017  c_w.l(libinit2.o)
    0x080002ba   0x080002ba   0x00000000   Code   RO         6814    .ARM.Collect$$libinit$$00000019  c_w.l(libinit2.o)
    0x080002ba   0x080002ba   0x00000000   Code   RO         6816    .ARM.Collect$$libinit$$0000001B  c_w.l(libinit2.o)
    0x080002ba   0x080002ba   0x00000000   Code   RO         6818    .ARM.Collect$$libinit$$0000001D  c_w.l(libinit2.o)
    0x080002ba   0x080002ba   0x00000000   Code   RO         6820    .ARM.Collect$$libinit$$0000001F  c_w.l(libinit2.o)
    0x080002ba   0x080002ba   0x00000000   Code   RO         6822    .ARM.Collect$$libinit$$00000021  c_w.l(libinit2.o)
    0x080002ba   0x080002ba   0x00000000   Code   RO         6824    .ARM.Collect$$libinit$$00000023  c_w.l(libinit2.o)
    0x080002ba   0x080002ba   0x00000000   Code   RO         6826    .ARM.Collect$$libinit$$00000025  c_w.l(libinit2.o)
    0x080002ba   0x080002ba   0x00000000   Code   RO         6830    .ARM.Collect$$libinit$$0000002C  c_w.l(libinit2.o)
    0x080002ba   0x080002ba   0x00000000   Code   RO         6832    .ARM.Collect$$libinit$$0000002E  c_w.l(libinit2.o)
    0x080002ba   0x080002ba   0x00000000   Code   RO         6834    .ARM.Collect$$libinit$$00000030  c_w.l(libinit2.o)
    0x080002ba   0x080002ba   0x00000000   Code   RO         6836    .ARM.Collect$$libinit$$00000032  c_w.l(libinit2.o)
    0x080002ba   0x080002ba   0x00000002   Code   RO         6837    .ARM.Collect$$libinit$$00000033  c_w.l(libinit2.o)
    0x080002bc   0x080002bc   0x00000002   Code   RO         6868    .ARM.Collect$$libshutdown$$00000000  c_w.l(libshutdown.o)
    0x080002be   0x080002be   0x00000000   Code   RO         6894    .ARM.Collect$$libshutdown$$00000002  c_w.l(libshutdown2.o)
    0x080002be   0x080002be   0x00000000   Code   RO         6896    .ARM.Collect$$libshutdown$$00000004  c_w.l(libshutdown2.o)
    0x080002be   0x080002be   0x00000000   Code   RO         6899    .ARM.Collect$$libshutdown$$00000007  c_w.l(libshutdown2.o)
    0x080002be   0x080002be   0x00000000   Code   RO         6902    .ARM.Collect$$libshutdown$$0000000A  c_w.l(libshutdown2.o)
    0x080002be   0x080002be   0x00000000   Code   RO         6904    .ARM.Collect$$libshutdown$$0000000C  c_w.l(libshutdown2.o)
    0x080002be   0x080002be   0x00000000   Code   RO         6907    .ARM.Collect$$libshutdown$$0000000F  c_w.l(libshutdown2.o)
    0x080002be   0x080002be   0x00000002   Code   RO         6908    .ARM.Collect$$libshutdown$$00000010  c_w.l(libshutdown2.o)
    0x080002c0   0x080002c0   0x00000000   Code   RO         6505    .ARM.Collect$$rtentry$$00000000  c_w.l(__rtentry.o)
    0x080002c0   0x080002c0   0x00000000   Code   RO         6682    .ARM.Collect$$rtentry$$00000002  c_w.l(__rtentry2.o)
    0x080002c0   0x080002c0   0x00000006   Code   RO         6694    .ARM.Collect$$rtentry$$00000004  c_w.l(__rtentry4.o)
    0x080002c6   0x080002c6   0x00000000   Code   RO         6684    .ARM.Collect$$rtentry$$00000009  c_w.l(__rtentry2.o)
    0x080002c6   0x080002c6   0x00000004   Code   RO         6685    .ARM.Collect$$rtentry$$0000000A  c_w.l(__rtentry2.o)
    0x080002ca   0x080002ca   0x00000000   Code   RO         6687    .ARM.Collect$$rtentry$$0000000C  c_w.l(__rtentry2.o)
    0x080002ca   0x080002ca   0x00000008   Code   RO         6688    .ARM.Collect$$rtentry$$0000000D  c_w.l(__rtentry2.o)
    0x080002d2   0x080002d2   0x00000002   Code   RO         6780    .ARM.Collect$$rtexit$$00000000  c_w.l(rtexit.o)
    0x080002d4   0x080002d4   0x00000000   Code   RO         6841    .ARM.Collect$$rtexit$$00000002  c_w.l(rtexit2.o)
    0x080002d4   0x080002d4   0x00000004   Code   RO         6842    .ARM.Collect$$rtexit$$00000003  c_w.l(rtexit2.o)
    0x080002d8   0x080002d8   0x00000006   Code   RO         6843    .ARM.Collect$$rtexit$$00000004  c_w.l(rtexit2.o)
    0x080002de   0x080002de   0x00000002   PAD
    0x080002e0   0x080002e0   0x000000be   Code   RO         4980    .emb_text           port.o
    0x0800039e   0x0800039e   0x00000002   PAD
    0x080003a0   0x080003a0   0x00000040   Code   RO            4    .text               startup_stm32f401xe.o
    0x080003e0   0x080003e0   0x000000ee   Code   RO         6375    .text               c_w.l(lludivv7m.o)
    0x080004ce   0x080004ce   0x00000002   PAD
    0x080004d0   0x080004d0   0x00000024   Code   RO         6379    .text               c_w.l(vsprintf.o)
    0x080004f4   0x080004f4   0x00000078   Code   RO         6389    .text               c_w.l(_printf_dec.o)
    0x0800056c   0x0800056c   0x00000188   Code   RO         6408    .text               c_w.l(__printf_flags_ss_wp.o)
    0x080006f4   0x080006f4   0x00000058   Code   RO         6413    .text               c_w.l(memcmp.o)
    0x0800074c   0x0800074c   0x00000064   Code   RO         6419    .text               c_w.l(rt_memcpy_w.o)
    0x080007b0   0x080007b0   0x00000010   Code   RO         6423    .text               c_w.l(aeabi_memset.o)
    0x080007c0   0x080007c0   0x0000004e   Code   RO         6425    .text               c_w.l(rt_memclr_w.o)
    0x0800080e   0x0800080e   0x00000006   Code   RO         6427    .text               c_w.l(heapauxi.o)
    0x08000814   0x08000814   0x00000016   Code   RO         6510    .text               c_w.l(_rserrno.o)
    0x0800082a   0x0800082a   0x0000004e   Code   RO         6512    .text               c_w.l(_printf_pad.o)
    0x08000878   0x08000878   0x00000024   Code   RO         6514    .text               c_w.l(_printf_truncate.o)
    0x0800089c   0x0800089c   0x00000052   Code   RO         6516    .text               c_w.l(_printf_str.o)
    0x080008ee   0x080008ee   0x000000b2   Code   RO         6518    .text               c_w.l(_printf_intcommon.o)
    0x080009a0   0x080009a0   0x00000028   Code   RO         6520    .text               c_w.l(_printf_charcount.o)
    0x080009c8   0x080009c8   0x00000030   Code   RO         6522    .text               c_w.l(_printf_char_common.o)
    0x080009f8   0x080009f8   0x0000000a   Code   RO         6524    .text               c_w.l(_sputc.o)
    0x08000a02   0x08000a02   0x00000002   PAD
    0x08000a04   0x08000a04   0x000000bc   Code   RO         6528    .text               c_w.l(_printf_wctomb.o)
    0x08000ac0   0x08000ac0   0x0000007c   Code   RO         6531    .text               c_w.l(_printf_longlong_dec.o)
    0x08000b3c   0x08000b3c   0x00000070   Code   RO         6537    .text               c_w.l(_printf_oct_int_ll.o)
    0x08000bac   0x08000bac   0x00000094   Code   RO         6557    .text               c_w.l(_printf_hex_int_ll_ptr.o)
    0x08000c40   0x08000c40   0x00000044   Code   RO         6584    .text               c_w.l(rt_memclr.o)
    0x08000c84   0x08000c84   0x00000008   Code   RO         6701    .text               c_w.l(rt_errno_addr_intlibspace.o)
    0x08000c8c   0x08000c8c   0x0000008a   Code   RO         6703    .text               c_w.l(lludiv10.o)
    0x08000d16   0x08000d16   0x0000041e   Code   RO         6705    .text               c_w.l(_printf_fp_dec.o)
    0x08001134   0x08001134   0x000002fc   Code   RO         6707    .text               c_w.l(_printf_fp_hex.o)
    0x08001430   0x08001430   0x0000002c   Code   RO         6712    .text               c_w.l(_printf_char.o)
    0x0800145c   0x0800145c   0x0000002c   Code   RO         6714    .text               c_w.l(_printf_wchar.o)
    0x08001488   0x08001488   0x00000040   Code   RO         6716    .text               c_w.l(_wcrtomb.o)
    0x080014c8   0x080014c8   0x00000008   Code   RO         6722    .text               c_w.l(libspace.o)
    0x080014d0   0x080014d0   0x0000004a   Code   RO         6725    .text               c_w.l(sys_stackheap_outer.o)
    0x0800151a   0x0800151a   0x00000002   PAD
    0x0800151c   0x0800151c   0x00000010   Code   RO         6727    .text               c_w.l(rt_ctype_table.o)
    0x0800152c   0x0800152c   0x00000008   Code   RO         6732    .text               c_w.l(rt_locale_intlibspace.o)
    0x08001534   0x08001534   0x00000080   Code   RO         6734    .text               c_w.l(_printf_fp_infnan.o)
    0x080015b4   0x080015b4   0x000000e4   Code   RO         6736    .text               c_w.l(bigflt0.o)
    0x08001698   0x08001698   0x00000012   Code   RO         6764    .text               c_w.l(exit.o)
    0x080016aa   0x080016aa   0x00000002   PAD
    0x080016ac   0x080016ac   0x00000080   Code   RO         6791    .text               c_w.l(strcmpv7m.o)
    0x0800172c   0x0800172c   0x0000000c   Code   RO         6838    .text               c_w.l(sys_exit.o)
    0x08001738   0x08001738   0x00000002   Code   RO         6857    .text               c_w.l(use_no_semi.o)
    0x0800173a   0x0800173a   0x00000000   Code   RO         6859    .text               c_w.l(indicate_semi.o)
    0x0800173a   0x0800173a   0x0000003e   Code   RO         6739    CL$$btod_d2e        c_w.l(btod.o)
    0x08001778   0x08001778   0x00000046   Code   RO         6741    CL$$btod_d2e_denorm_low  c_w.l(btod.o)
    0x080017be   0x080017be   0x00000060   Code   RO         6740    CL$$btod_d2e_norm_op1  c_w.l(btod.o)
    0x0800181e   0x0800181e   0x00000338   Code   RO         6749    CL$$btod_div_common  c_w.l(btod.o)
    0x08001b56   0x08001b56   0x000000dc   Code   RO         6746    CL$$btod_e2e        c_w.l(btod.o)
    0x08001c32   0x08001c32   0x0000002a   Code   RO         6743    CL$$btod_ediv       c_w.l(btod.o)
    0x08001c5c   0x08001c5c   0x0000002a   Code   RO         6742    CL$$btod_emul       c_w.l(btod.o)
    0x08001c86   0x08001c86   0x00000244   Code   RO         6748    CL$$btod_mult_common  c_w.l(btod.o)
    0x08001eca   0x08001eca   0x00000002   Code   RO          543    i.BusFault_Handler  stm32f4xx_it.o
    0x08001ecc   0x08001ecc   0x0000008c   Code   RO         5173    i.CarMove           car.o
    0x08001f58   0x08001f58   0x0000000c   Code   RO          544    i.DMA1_Stream0_IRQHandler  stm32f4xx_it.o
    0x08001f64   0x08001f64   0x0000000c   Code   RO          545    i.DMA1_Stream5_IRQHandler  stm32f4xx_it.o
    0x08001f70   0x08001f70   0x0000000c   Code   RO          546    i.DMA1_Stream6_IRQHandler  stm32f4xx_it.o
    0x08001f7c   0x08001f7c   0x0000000c   Code   RO          547    i.DMA2_Stream1_IRQHandler  stm32f4xx_it.o
    0x08001f88   0x08001f88   0x0000000c   Code   RO          548    i.DMA2_Stream6_IRQHandler  stm32f4xx_it.o
    0x08001f94   0x08001f94   0x00000028   Code   RO         2180    i.DMA_CalcBaseAndBitshift  stm32f4xx_hal_dma.o
    0x08001fbc   0x08001fbc   0x00000054   Code   RO         2181    i.DMA_CheckFifoParam  stm32f4xx_hal_dma.o
    0x08002010   0x08002010   0x00000028   Code   RO         2182    i.DMA_SetConfig     stm32f4xx_hal_dma.o
    0x08002038   0x08002038   0x00000002   Code   RO          549    i.DebugMon_Handler  stm32f4xx_it.o
    0x0800203a   0x0800203a   0x0000000c   Code   RO         5137    i.Enable            imu.o
    0x08002046   0x08002046   0x00000004   Code   RO           13    i.Error_Handler     main.o
    0x0800204a   0x0800204a   0x00000002   PAD
    0x0800204c   0x0800204c   0x00000034   Code   RO         5100    i.GetCount          encoder.o
    0x08002080   0x08002080   0x0000000c   Code   RO         5138    i.Get_Data          imu.o
    0x0800208c   0x0800208c   0x00000092   Code   RO         2183    i.HAL_DMA_Abort     stm32f4xx_hal_dma.o
    0x0800211e   0x0800211e   0x00000024   Code   RO         2184    i.HAL_DMA_Abort_IT  stm32f4xx_hal_dma.o
    0x08002142   0x08002142   0x00000006   Code   RO         2187    i.HAL_DMA_GetState  stm32f4xx_hal_dma.o
    0x08002148   0x08002148   0x000001a0   Code   RO         2188    i.HAL_DMA_IRQHandler  stm32f4xx_hal_dma.o
    0x080022e8   0x080022e8   0x000000d4   Code   RO         2189    i.HAL_DMA_Init      stm32f4xx_hal_dma.o
    0x080023bc   0x080023bc   0x0000006e   Code   RO         2193    i.HAL_DMA_Start_IT  stm32f4xx_hal_dma.o
    0x0800242a   0x0800242a   0x00000002   PAD
    0x0800242c   0x0800242c   0x00000018   Code   RO         5435    i.HAL_Delay         delay.o
    0x08002444   0x08002444   0x000001e0   Code   RO         2076    i.HAL_GPIO_Init     stm32f4xx_hal_gpio.o
    0x08002624   0x08002624   0x0000000a   Code   RO         2080    i.HAL_GPIO_WritePin  stm32f4xx_hal_gpio.o
    0x0800262e   0x0800262e   0x00000002   PAD
    0x08002630   0x08002630   0x0000000c   Code   RO         2650    i.HAL_GetTick       stm32f4xx_hal.o
    0x0800263c   0x0800263c   0x00000002   Code   RO         2895    i.HAL_I2C_AbortCpltCallback  stm32f4xx_hal_i2c.o
    0x0800263e   0x0800263e   0x00000002   Code   RO         2896    i.HAL_I2C_AddrCallback  stm32f4xx_hal_i2c.o
    0x08002640   0x08002640   0x00000230   Code   RO         2900    i.HAL_I2C_EV_IRQHandler  stm32f4xx_hal_i2c.o
    0x08002870   0x08002870   0x00000002   Code   RO         2902    i.HAL_I2C_ErrorCallback  stm32f4xx_hal_i2c.o
    0x08002872   0x08002872   0x00000002   PAD
    0x08002874   0x08002874   0x00000188   Code   RO         2906    i.HAL_I2C_Init      stm32f4xx_hal_i2c.o
    0x080029fc   0x080029fc   0x00000002   Code   RO         2908    i.HAL_I2C_ListenCpltCallback  stm32f4xx_hal_i2c.o
    0x080029fe   0x080029fe   0x00000002   Code   RO         2909    i.HAL_I2C_MasterRxCpltCallback  stm32f4xx_hal_i2c.o
    0x08002a00   0x08002a00   0x00000002   Code   RO         2910    i.HAL_I2C_MasterTxCpltCallback  stm32f4xx_hal_i2c.o
    0x08002a02   0x08002a02   0x00000002   Code   RO         2922    i.HAL_I2C_MemRxCpltCallback  stm32f4xx_hal_i2c.o
    0x08002a04   0x08002a04   0x00000002   Code   RO         2923    i.HAL_I2C_MemTxCpltCallback  stm32f4xx_hal_i2c.o
    0x08002a06   0x08002a06   0x00000002   PAD
    0x08002a08   0x08002a08   0x00000204   Code   RO         2924    i.HAL_I2C_Mem_Read  stm32f4xx_hal_i2c.o
    0x08002c0c   0x08002c0c   0x00000130   Code   RO         2927    i.HAL_I2C_Mem_Write  stm32f4xx_hal_i2c.o
    0x08002d3c   0x08002d3c   0x000000b0   Code   RO          376    i.HAL_I2C_MspInit   i2c.o
    0x08002dec   0x08002dec   0x00000002   Code   RO         2932    i.HAL_I2C_SlaveRxCpltCallback  stm32f4xx_hal_i2c.o
    0x08002dee   0x08002dee   0x00000002   Code   RO         2933    i.HAL_I2C_SlaveTxCpltCallback  stm32f4xx_hal_i2c.o
    0x08002df0   0x08002df0   0x00000010   Code   RO         2656    i.HAL_IncTick       stm32f4xx_hal.o
    0x08002e00   0x08002e00   0x00000034   Code   RO         2657    i.HAL_Init          stm32f4xx_hal.o
    0x08002e34   0x08002e34   0x00000098   Code   RO          685    i.HAL_InitTick      stm32f4xx_hal_timebase_tim.o
    0x08002ecc   0x08002ecc   0x00000038   Code   RO          661    i.HAL_MspInit       stm32f4xx_hal_msp.o
    0x08002f04   0x08002f04   0x0000001a   Code   RO         2492    i.HAL_NVIC_EnableIRQ  stm32f4xx_hal_cortex.o
    0x08002f1e   0x08002f1e   0x00000002   PAD
    0x08002f20   0x08002f20   0x00000040   Code   RO         2498    i.HAL_NVIC_SetPriority  stm32f4xx_hal_cortex.o
    0x08002f60   0x08002f60   0x00000024   Code   RO         2499    i.HAL_NVIC_SetPriorityGrouping  stm32f4xx_hal_cortex.o
    0x08002f84   0x08002f84   0x00000134   Code   RO         1698    i.HAL_RCC_ClockConfig  stm32f4xx_hal_rcc.o
    0x080030b8   0x080030b8   0x00000040   Code   RO         1702    i.HAL_RCC_GetClockConfig  stm32f4xx_hal_rcc.o
    0x080030f8   0x080030f8   0x00000020   Code   RO         1705    i.HAL_RCC_GetPCLK1Freq  stm32f4xx_hal_rcc.o
    0x08003118   0x08003118   0x00000020   Code   RO         1706    i.HAL_RCC_GetPCLK2Freq  stm32f4xx_hal_rcc.o
    0x08003138   0x08003138   0x00000060   Code   RO         1707    i.HAL_RCC_GetSysClockFreq  stm32f4xx_hal_rcc.o
    0x08003198   0x08003198   0x0000036c   Code   RO         1710    i.HAL_RCC_OscConfig  stm32f4xx_hal_rcc.o
    0x08003504   0x08003504   0x00000002   Code   RO         1430    i.HAL_TIMEx_BreakCallback  stm32f4xx_hal_tim_ex.o
    0x08003506   0x08003506   0x00000002   Code   RO         1431    i.HAL_TIMEx_CommutCallback  stm32f4xx_hal_tim_ex.o
    0x08003508   0x08003508   0x0000007c   Code   RO         1449    i.HAL_TIMEx_MasterConfigSynchronization  stm32f4xx_hal_tim_ex.o
    0x08003584   0x08003584   0x0000005a   Code   RO          726    i.HAL_TIM_Base_Init  stm32f4xx_hal_tim.o
    0x080035de   0x080035de   0x00000002   PAD
    0x080035e0   0x080035e0   0x00000064   Code   RO          418    i.HAL_TIM_Base_MspInit  tim.o
    0x08003644   0x08003644   0x0000006c   Code   RO          731    i.HAL_TIM_Base_Start_IT  stm32f4xx_hal_tim.o
    0x080036b0   0x080036b0   0x000000dc   Code   RO          735    i.HAL_TIM_ConfigClockSource  stm32f4xx_hal_tim.o
    0x0800378c   0x0800378c   0x000000a4   Code   RO          747    i.HAL_TIM_Encoder_Init  stm32f4xx_hal_tim.o
    0x08003830   0x08003830   0x000000c8   Code   RO          420    i.HAL_TIM_Encoder_MspInit  tim.o
    0x080038f8   0x080038f8   0x0000008e   Code   RO          750    i.HAL_TIM_Encoder_Start  stm32f4xx_hal_tim.o
    0x08003986   0x08003986   0x00000002   Code   RO          760    i.HAL_TIM_IC_CaptureCallback  stm32f4xx_hal_tim.o
    0x08003988   0x08003988   0x00000130   Code   RO          774    i.HAL_TIM_IRQHandler  stm32f4xx_hal_tim.o
    0x08003ab8   0x08003ab8   0x00000050   Code   RO          421    i.HAL_TIM_MspPostInit  tim.o
    0x08003b08   0x08003b08   0x00000002   Code   RO          777    i.HAL_TIM_OC_DelayElapsedCallback  stm32f4xx_hal_tim.o
    0x08003b0a   0x08003b0a   0x000000cc   Code   RO          798    i.HAL_TIM_PWM_ConfigChannel  stm32f4xx_hal_tim.o
    0x08003bd6   0x08003bd6   0x0000005a   Code   RO          801    i.HAL_TIM_PWM_Init  stm32f4xx_hal_tim.o
    0x08003c30   0x08003c30   0x00000002   Code   RO          803    i.HAL_TIM_PWM_MspInit  stm32f4xx_hal_tim.o
    0x08003c32   0x08003c32   0x00000002   Code   RO          804    i.HAL_TIM_PWM_PulseFinishedCallback  stm32f4xx_hal_tim.o
    0x08003c34   0x08003c34   0x000000b0   Code   RO          806    i.HAL_TIM_PWM_Start  stm32f4xx_hal_tim.o
    0x08003ce4   0x08003ce4   0x0000003c   Code   RO           14    i.HAL_TIM_PeriodElapsedCallback  main.o
    0x08003d20   0x08003d20   0x00000002   Code   RO          817    i.HAL_TIM_TriggerCallback  stm32f4xx_hal_tim.o
    0x08003d22   0x08003d22   0x00000002   Code   RO         3374    i.HAL_UARTEx_RxEventCallback  stm32f4xx_hal_uart.o
    0x08003d24   0x08003d24   0x00000070   Code   RO         3386    i.HAL_UART_DMAStop  stm32f4xx_hal_uart.o
    0x08003d94   0x08003d94   0x00000002   Code   RO         3388    i.HAL_UART_ErrorCallback  stm32f4xx_hal_uart.o
    0x08003d96   0x08003d96   0x00000002   PAD
    0x08003d98   0x08003d98   0x00000270   Code   RO         3391    i.HAL_UART_IRQHandler  stm32f4xx_hal_uart.o
    0x08004008   0x08004008   0x00000064   Code   RO         3392    i.HAL_UART_Init     stm32f4xx_hal_uart.o
    0x0800406c   0x0800406c   0x0000019c   Code   RO          496    i.HAL_UART_MspInit  usart.o
    0x08004208   0x08004208   0x0000001c   Code   RO         3396    i.HAL_UART_Receive_DMA  stm32f4xx_hal_uart.o
    0x08004224   0x08004224   0x00000002   Code   RO         3398    i.HAL_UART_RxCpltCallback  stm32f4xx_hal_uart.o
    0x08004226   0x08004226   0x00000002   Code   RO         3399    i.HAL_UART_RxHalfCpltCallback  stm32f4xx_hal_uart.o
    0x08004228   0x08004228   0x00000032   Code   RO         3402    i.HAL_UART_Transmit_IT  stm32f4xx_hal_uart.o
    0x0800425a   0x0800425a   0x00000002   Code   RO         3403    i.HAL_UART_TxCpltCallback  stm32f4xx_hal_uart.o
    0x0800425c   0x0800425c   0x00000002   Code   RO          550    i.HardFault_Handler  stm32f4xx_it.o
    0x0800425e   0x0800425e   0x00000002   PAD
    0x08004260   0x08004260   0x0000000c   Code   RO          551    i.I2C1_EV_IRQHandler  stm32f4xx_it.o
    0x0800426c   0x0800426c   0x000000bc   Code   RO         2944    i.I2C_DMAAbort      stm32f4xx_hal_i2c.o
    0x08004328   0x08004328   0x00000010   Code   RO         2947    i.I2C_Flush_DR      stm32f4xx_hal_i2c.o
    0x08004338   0x08004338   0x00000158   Code   RO         2948    i.I2C_ITError       stm32f4xx_hal_i2c.o
    0x08004490   0x08004490   0x0000002e   Code   RO         2949    i.I2C_IsAcknowledgeFailed  stm32f4xx_hal_i2c.o
    0x080044be   0x080044be   0x000000da   Code   RO         2950    i.I2C_MasterReceive_BTF  stm32f4xx_hal_i2c.o
    0x08004598   0x08004598   0x000000f4   Code   RO         2951    i.I2C_MasterReceive_RXNE  stm32f4xx_hal_i2c.o
    0x0800468c   0x0800468c   0x00000082   Code   RO         2954    i.I2C_MasterTransmit_BTF  stm32f4xx_hal_i2c.o
    0x0800470e   0x0800470e   0x00000002   PAD
    0x08004710   0x08004710   0x000000b6   Code   RO         2955    i.I2C_MasterTransmit_TXE  stm32f4xx_hal_i2c.o
    0x080047c6   0x080047c6   0x00000002   PAD
    0x080047c8   0x080047c8   0x00000118   Code   RO         2956    i.I2C_Master_ADDR   stm32f4xx_hal_i2c.o
    0x080048e0   0x080048e0   0x0000008c   Code   RO         2957    i.I2C_Master_SB     stm32f4xx_hal_i2c.o
    0x0800496c   0x0800496c   0x000000a8   Code   RO         2958    i.I2C_MemoryTransmit_TXE_BTF  stm32f4xx_hal_i2c.o
    0x08004a14   0x08004a14   0x000000fc   Code   RO         2959    i.I2C_RequestMemoryRead  stm32f4xx_hal_i2c.o
    0x08004b10   0x08004b10   0x000000a8   Code   RO         2960    i.I2C_RequestMemoryWrite  stm32f4xx_hal_i2c.o
    0x08004bb8   0x08004bb8   0x00000046   Code   RO         2961    i.I2C_Slave_ADDR    stm32f4xx_hal_i2c.o
    0x08004bfe   0x08004bfe   0x00000002   PAD
    0x08004c00   0x08004c00   0x0000015c   Code   RO         2963    i.I2C_Slave_STOPF   stm32f4xx_hal_i2c.o
    0x08004d5c   0x08004d5c   0x00000056   Code   RO         2964    i.I2C_WaitOnBTFFlagUntilTimeout  stm32f4xx_hal_i2c.o
    0x08004db2   0x08004db2   0x00000002   PAD
    0x08004db4   0x08004db4   0x00000090   Code   RO         2965    i.I2C_WaitOnFlagUntilTimeout  stm32f4xx_hal_i2c.o
    0x08004e44   0x08004e44   0x000000bc   Code   RO         2966    i.I2C_WaitOnMasterAddressFlagUntilTimeout  stm32f4xx_hal_i2c.o
    0x08004f00   0x08004f00   0x00000070   Code   RO         2967    i.I2C_WaitOnRXNEFlagUntilTimeout  stm32f4xx_hal_i2c.o
    0x08004f70   0x08004f70   0x00000056   Code   RO         2968    i.I2C_WaitOnTXEFlagUntilTimeout  stm32f4xx_hal_i2c.o
    0x08004fc6   0x08004fc6   0x00000002   PAD
    0x08004fc8   0x08004fc8   0x0000015c   Code   RO         6017    i.MPU6500_DMP_Get_Data  mpu6500.o
    0x08005124   0x08005124   0x000000a4   Code   RO         6018    i.MPU_6500_Init     mpu6500.o
    0x080051c8   0x080051c8   0x0000007c   Code   RO          351    i.MX_DMA_Init       dma.o
    0x08005244   0x08005244   0x00000054   Code   RO          295    i.MX_FREERTOS_Init  freertos.o
    0x08005298   0x08005298   0x000000e4   Code   RO          271    i.MX_GPIO_Init      gpio.o
    0x0800537c   0x0800537c   0x00000040   Code   RO          377    i.MX_I2C1_Init      i2c.o
    0x080053bc   0x080053bc   0x00000070   Code   RO          422    i.MX_TIM1_Init      tim.o
    0x0800542c   0x0800542c   0x000000a4   Code   RO          423    i.MX_TIM2_Init      tim.o
    0x080054d0   0x080054d0   0x0000006c   Code   RO          424    i.MX_TIM3_Init      tim.o
    0x0800553c   0x0800553c   0x0000004c   Code   RO          425    i.MX_TIM9_Init      tim.o
    0x08005588   0x08005588   0x00000038   Code   RO          497    i.MX_USART2_UART_Init  usart.o
    0x080055c0   0x080055c0   0x00000038   Code   RO          498    i.MX_USART6_UART_Init  usart.o
    0x080055f8   0x080055f8   0x00000002   Code   RO          552    i.MemManage_Handler  stm32f4xx_it.o
    0x080055fa   0x080055fa   0x00000002   PAD
    0x080055fc   0x080055fc   0x0000003c   Code   RO         5174    i.MotorPidCalc      car.o
    0x08005638   0x08005638   0x000000d6   Code   RO         5060    i.Move              motor.o
    0x0800570e   0x0800570e   0x00000002   Code   RO          553    i.NMI_Handler       stm32f4xx_it.o
    0x08005710   0x08005710   0x00000128   Code   RO         5243    i.PID_calc          pid.o
    0x08005838   0x08005838   0x0000005c   Code   RO         5245    i.PID_init          pid.o
    0x08005894   0x08005894   0x000000d8   Code   RO         5306    i.StartCarTask      cartask.o
    0x0800596c   0x0800596c   0x00000008   Code   RO          296    i.StartDefaultTask  freertos.o
    0x08005974   0x08005974   0x00000040   Code   RO         5339    i.StartOledTask     oledtask.o
    0x080059b4   0x080059b4   0x0000002c   Code   RO         4981    i.SysTick_Handler   port.o
    0x080059e0   0x080059e0   0x00000098   Code   RO           15    i.SystemClock_Config  main.o
    0x08005a78   0x08005a78   0x00000010   Code   RO         3726    i.SystemInit        system_stm32f4xx.o
    0x08005a88   0x08005a88   0x0000001c   Code   RO          554    i.TIM1_BRK_TIM9_IRQHandler  stm32f4xx_it.o
    0x08005aa4   0x08005aa4   0x0000000c   Code   RO          555    i.TIM2_IRQHandler   stm32f4xx_it.o
    0x08005ab0   0x08005ab0   0x0000000c   Code   RO          556    i.TIM3_IRQHandler   stm32f4xx_it.o
    0x08005abc   0x08005abc   0x0000000c   Code   RO          557    i.TIM5_IRQHandler   stm32f4xx_it.o
    0x08005ac8   0x08005ac8   0x000000a4   Code   RO          819    i.TIM_Base_SetConfig  stm32f4xx_hal_tim.o
    0x08005b6c   0x08005b6c   0x0000001a   Code   RO          820    i.TIM_CCxChannelCmd  stm32f4xx_hal_tim.o
    0x08005b86   0x08005b86   0x00000014   Code   RO          830    i.TIM_ETR_SetConfig  stm32f4xx_hal_tim.o
    0x08005b9a   0x08005b9a   0x00000010   Code   RO          831    i.TIM_ITRx_SetConfig  stm32f4xx_hal_tim.o
    0x08005baa   0x08005baa   0x00000002   PAD
    0x08005bac   0x08005bac   0x00000050   Code   RO          832    i.TIM_OC1_SetConfig  stm32f4xx_hal_tim.o
    0x08005bfc   0x08005bfc   0x00000058   Code   RO          833    i.TIM_OC2_SetConfig  stm32f4xx_hal_tim.o
    0x08005c54   0x08005c54   0x00000058   Code   RO          834    i.TIM_OC3_SetConfig  stm32f4xx_hal_tim.o
    0x08005cac   0x08005cac   0x00000044   Code   RO          835    i.TIM_OC4_SetConfig  stm32f4xx_hal_tim.o
    0x08005cf0   0x08005cf0   0x00000022   Code   RO          837    i.TIM_TI1_ConfigInputStage  stm32f4xx_hal_tim.o
    0x08005d12   0x08005d12   0x00000024   Code   RO          839    i.TIM_TI2_ConfigInputStage  stm32f4xx_hal_tim.o
    0x08005d36   0x08005d36   0x00000010   Code   RO         3405    i.UART_DMAAbortOnError  stm32f4xx_hal_uart.o
    0x08005d46   0x08005d46   0x0000004a   Code   RO         3406    i.UART_DMAError     stm32f4xx_hal_uart.o
    0x08005d90   0x08005d90   0x00000086   Code   RO         3407    i.UART_DMAReceiveCplt  stm32f4xx_hal_uart.o
    0x08005e16   0x08005e16   0x0000001e   Code   RO         3409    i.UART_DMARxHalfCplt  stm32f4xx_hal_uart.o
    0x08005e34   0x08005e34   0x0000004e   Code   RO         3415    i.UART_EndRxTransfer  stm32f4xx_hal_uart.o
    0x08005e82   0x08005e82   0x0000001c   Code   RO         3416    i.UART_EndTxTransfer  stm32f4xx_hal_uart.o
    0x08005e9e   0x08005e9e   0x00000002   PAD
    0x08005ea0   0x08005ea0   0x00000050   Code   RO         5369    i.UART_IdleCallback  communication.o
    0x08005ef0   0x08005ef0   0x000000c2   Code   RO         3417    i.UART_Receive_IT   stm32f4xx_hal_uart.o
    0x08005fb2   0x08005fb2   0x00000002   PAD
    0x08005fb4   0x08005fb4   0x0000010c   Code   RO         3418    i.UART_SetConfig    stm32f4xx_hal_uart.o
    0x080060c0   0x080060c0   0x00000090   Code   RO         3419    i.UART_Start_Receive_DMA  stm32f4xx_hal_uart.o
    0x08006150   0x08006150   0x00000028   Code   RO         5370    i.USART2_IRQHandler  communication.o
    0x08006178   0x08006178   0x00000028   Code   RO         5371    i.USART6_IRQHandler  communication.o
    0x080061a0   0x080061a0   0x00000002   Code   RO          558    i.UsageFault_Handler  stm32f4xx_it.o
    0x080061a2   0x080061a2   0x00000030   Code   RO         6645    i.__ARM_fpclassify  m_wm.l(fpclassify.o)
    0x080061d2   0x080061d2   0x00000020   Code   RO         2505    i.__NVIC_SetPriority  stm32f4xx_hal_cortex.o
    0x080061f2   0x080061f2   0x00000006   PAD
    0x080061f8   0x080061f8   0x00000360   Code   RO         6455    i.__hardfp_asin     m_wm.l(asin.o)
    0x08006558   0x08006558   0x000002d8   Code   RO         6611    i.__hardfp_atan     m_wm.l(atan.o)
    0x08006830   0x08006830   0x000001f0   Code   RO         6469    i.__hardfp_atan2    m_wm.l(atan2.o)
    0x08006a20   0x08006a20   0x000000f8   Code   RO         6663    i.__kernel_poly     m_wm.l(poly.o)
    0x08006b18   0x08006b18   0x00000014   Code   RO         6626    i.__mathlib_dbl_infnan  m_wm.l(dunder.o)
    0x08006b2c   0x08006b2c   0x00000014   Code   RO         6627    i.__mathlib_dbl_infnan2  m_wm.l(dunder.o)
    0x08006b40   0x08006b40   0x00000020   Code   RO         6628    i.__mathlib_dbl_invalid  m_wm.l(dunder.o)
    0x08006b60   0x08006b60   0x00000020   Code   RO         6631    i.__mathlib_dbl_underflow  m_wm.l(dunder.o)
    0x08006b80   0x08006b80   0x0000000e   Code   RO         6401    i._is_digit         c_w.l(__printf_wp.o)
    0x08006b8e   0x08006b8e   0x00000010   Code   RO         6613    i.atan              m_wm.l(atan.o)
    0x08006b9e   0x08006b9e   0x00000002   PAD
    0x08006ba0   0x08006ba0   0x0000001c   Code   RO         5436    i.delay_init        delay.o
    0x08006bbc   0x08006bbc   0x00000038   Code   RO         5437    i.delay_ms          delay.o
    0x08006bf4   0x08006bf4   0x0000003a   Code   RO         5828    i.dmp_enable_6x_lp_quat  inv_mpu_dmp_motion_driver.o
    0x08006c2e   0x08006c2e   0x00000002   PAD
    0x08006c30   0x08006c30   0x000001d8   Code   RO         5829    i.dmp_enable_feature  inv_mpu_dmp_motion_driver.o
    0x08006e08   0x08006e08   0x0000003c   Code   RO         5830    i.dmp_enable_gyro_cal  inv_mpu_dmp_motion_driver.o
    0x08006e44   0x08006e44   0x0000003a   Code   RO         5831    i.dmp_enable_lp_quat  inv_mpu_dmp_motion_driver.o
    0x08006e7e   0x08006e7e   0x00000002   PAD
    0x08006e80   0x08006e80   0x00000014   Code   RO         5836    i.dmp_load_motion_driver_firmware  inv_mpu_dmp_motion_driver.o
    0x08006e94   0x08006e94   0x0000014c   Code   RO         5837    i.dmp_read_fifo     inv_mpu_dmp_motion_driver.o
    0x08006fe0   0x08006fe0   0x00000064   Code   RO         5841    i.dmp_set_fifo_rate  inv_mpu_dmp_motion_driver.o
    0x08007044   0x08007044   0x0000010c   Code   RO         5844    i.dmp_set_orientation  inv_mpu_dmp_motion_driver.o
    0x08007150   0x08007150   0x00000030   Code   RO         5847    i.dmp_set_shake_reject_thresh  inv_mpu_dmp_motion_driver.o
    0x08007180   0x08007180   0x00000020   Code   RO         5848    i.dmp_set_shake_reject_time  inv_mpu_dmp_motion_driver.o
    0x080071a0   0x080071a0   0x00000020   Code   RO         5849    i.dmp_set_shake_reject_timeout  inv_mpu_dmp_motion_driver.o
    0x080071c0   0x080071c0   0x00000040   Code   RO         5850    i.dmp_set_tap_axes  inv_mpu_dmp_motion_driver.o
    0x08007200   0x08007200   0x00000022   Code   RO         5851    i.dmp_set_tap_count  inv_mpu_dmp_motion_driver.o
    0x08007222   0x08007222   0x00000002   PAD
    0x08007224   0x08007224   0x00000160   Code   RO         5852    i.dmp_set_tap_thresh  inv_mpu_dmp_motion_driver.o
    0x08007384   0x08007384   0x00000020   Code   RO         5853    i.dmp_set_tap_time  inv_mpu_dmp_motion_driver.o
    0x080073a4   0x080073a4   0x00000020   Code   RO         5854    i.dmp_set_tap_time_multi  inv_mpu_dmp_motion_driver.o
    0x080073c4   0x080073c4   0x00000018   Code   RO         6641    i.fabs              m_wm.l(fabs.o)
    0x080073dc   0x080073dc   0x00000048   Code   RO         6019    i.inv_row_2_scale   mpu6500.o
    0x08007424   0x08007424   0x00000060   Code   RO           16    i.main              main.o
    0x08007484   0x08007484   0x0000000c   Code   RO         4546    i.makeFreeRtosPriority  cmsis_os.o
    0x08007490   0x08007490   0x00000054   Code   RO         5484    i.mpu_configure_fifo  inv_mpu.o
    0x080074e4   0x080074e4   0x0000003c   Code   RO         5485    i.mpu_get_accel_fsr  inv_mpu.o
    0x08007520   0x08007520   0x00000108   Code   RO         5501    i.mpu_init          inv_mpu.o
    0x08007628   0x08007628   0x000000b0   Code   RO         5502    i.mpu_load_firmware  inv_mpu.o
    0x080076d8   0x080076d8   0x000000f0   Code   RO         5503    i.mpu_lp_accel_mode  inv_mpu.o
    0x080077c8   0x080077c8   0x000000c4   Code   RO         5509    i.mpu_read_fifo_stream  inv_mpu.o
    0x0800788c   0x0800788c   0x00000078   Code   RO         5510    i.mpu_read_mem      inv_mpu.o
    0x08007904   0x08007904   0x000001d0   Code   RO         5513    i.mpu_reset_fifo    inv_mpu.o
    0x08007ad4   0x08007ad4   0x00000078   Code   RO         5518    i.mpu_set_accel_fsr  inv_mpu.o
    0x08007b4c   0x08007b4c   0x00000140   Code   RO         5519    i.mpu_set_bypass    inv_mpu.o
    0x08007c8c   0x08007c8c   0x00000098   Code   RO         5521    i.mpu_set_dmp_state  inv_mpu.o
    0x08007d24   0x08007d24   0x00000080   Code   RO         5523    i.mpu_set_gyro_fsr  inv_mpu.o
    0x08007da4   0x08007da4   0x00000074   Code   RO         5524    i.mpu_set_int_latched  inv_mpu.o
    0x08007e18   0x08007e18   0x00000080   Code   RO         5526    i.mpu_set_lpf       inv_mpu.o
    0x08007e98   0x08007e98   0x00000098   Code   RO         5527    i.mpu_set_sample_rate  inv_mpu.o
    0x08007f30   0x08007f30   0x000000e0   Code   RO         5528    i.mpu_set_sensors   inv_mpu.o
    0x08008010   0x08008010   0x00000078   Code   RO         5529    i.mpu_write_mem     inv_mpu.o
    0x08008088   0x08008088   0x00000138   Code   RO         5175    i.newCar            car.o
    0x080081c0   0x080081c0   0x00000034   Code   RO         5102    i.newEncoder        encoder.o
    0x080081f4   0x080081f4   0x00000020   Code   RO         5139    i.newImu            imu.o
    0x08008214   0x08008214   0x00000048   Code   RO         5062    i.newMotor          motor.o
    0x0800825c   0x0800825c   0x0000000e   Code   RO         4548    i.osDelay           cmsis_os.o
    0x0800826a   0x0800826a   0x0000000a   Code   RO         4551    i.osKernelStart     cmsis_os.o
    0x08008274   0x08008274   0x00000054   Code   RO         4585    i.osThreadCreate    cmsis_os.o
    0x080082c8   0x080082c8   0x00000070   Code   RO         4228    i.prvAddCurrentTaskToDelayedList  tasks.o
    0x08008338   0x08008338   0x000000d0   Code   RO         4229    i.prvAddNewTaskToReadyList  tasks.o
    0x08008408   0x08008408   0x00000034   Code   RO         4230    i.prvDeleteTCB      tasks.o
    0x0800843c   0x0800843c   0x0000004c   Code   RO         4913    i.prvHeapInit       heap_4.o
    0x08008488   0x08008488   0x00000060   Code   RO         4231    i.prvIdleTask       tasks.o
    0x080084e8   0x080084e8   0x00000098   Code   RO         4232    i.prvInitialiseNewTask  tasks.o
    0x08008580   0x08008580   0x0000004c   Code   RO         4914    i.prvInsertBlockIntoFreeList  heap_4.o
    0x080085cc   0x080085cc   0x00000020   Code   RO         4233    i.prvResetNextTaskUnblockTime  tasks.o
    0x080085ec   0x080085ec   0x00000028   Code   RO         4982    i.prvTaskExitError  port.o
    0x08008614   0x08008614   0x000000dc   Code   RO         4915    i.pvPortMalloc      heap_4.o
    0x080086f0   0x080086f0   0x0000002c   Code   RO         4983    i.pxPortInitialiseStack  port.o
    0x0800871c   0x0800871c   0x0000007c   Code   RO         5530    i.set_int_enable    inv_mpu.o
    0x08008798   0x08008798   0x0000006e   Code   RO         6671    i.sqrt              m_wm.l(sqrt.o)
    0x08008806   0x08008806   0x00000002   PAD
    0x08008808   0x08008808   0x00000018   Code   RO         6052    i.ssd1306_Fill      ssd1306.o
    0x08008820   0x08008820   0x000000c8   Code   RO         6057    i.ssd1306_Init      ssd1306.o
    0x080088e8   0x080088e8   0x00000014   Code   RO         6064    i.ssd1306_SetContrast  ssd1306.o
    0x080088fc   0x080088fc   0x00000018   Code   RO         6066    i.ssd1306_SetDisplayOn  ssd1306.o
    0x08008914   0x08008914   0x00000038   Code   RO         6067    i.ssd1306_UpdateScreen  ssd1306.o
    0x0800894c   0x0800894c   0x00000024   Code   RO         6069    i.ssd1306_WriteCommand  ssd1306.o
    0x08008970   0x08008970   0x00000020   Code   RO         6070    i.ssd1306_WriteData  ssd1306.o
    0x08008990   0x08008990   0x00000034   Code   RO         5374    i.uart_printf       communication.o
    0x080089c4   0x080089c4   0x00000026   Code   RO         3864    i.uxListRemove      list.o
    0x080089ea   0x080089ea   0x00000002   PAD
    0x080089ec   0x080089ec   0x00000014   Code   RO          297    i.vApplicationGetIdleTaskMemory  freertos.o
    0x08008a00   0x08008a00   0x00000016   Code   RO         3865    i.vListInitialise   list.o
    0x08008a16   0x08008a16   0x00000006   Code   RO         3866    i.vListInitialiseItem  list.o
    0x08008a1c   0x08008a1c   0x00000030   Code   RO         3867    i.vListInsert       list.o
    0x08008a4c   0x08008a4c   0x00000018   Code   RO         3868    i.vListInsertEnd    list.o
    0x08008a64   0x08008a64   0x00000040   Code   RO         4985    i.vPortEnterCritical  port.o
    0x08008aa4   0x08008aa4   0x00000028   Code   RO         4986    i.vPortExitCritical  port.o
    0x08008acc   0x08008acc   0x00000064   Code   RO         4916    i.vPortFree         heap_4.o
    0x08008b30   0x08008b30   0x00000024   Code   RO         4987    i.vPortSetupTimerInterrupt  port.o
    0x08008b54   0x08008b54   0x0000004c   Code   RO         4242    i.vTaskDelay        tasks.o
    0x08008ba0   0x08008ba0   0x0000006c   Code   RO         4255    i.vTaskStartScheduler  tasks.o
    0x08008c0c   0x08008c0c   0x00000010   Code   RO         4257    i.vTaskSuspendAll   tasks.o
    0x08008c1c   0x08008c1c   0x0000005c   Code   RO         4258    i.vTaskSwitchContext  tasks.o
    0x08008c78   0x08008c78   0x000000f4   Code   RO         4989    i.xPortStartScheduler  port.o
    0x08008d6c   0x08008d6c   0x0000005a   Code   RO         4261    i.xTaskCreate       tasks.o
    0x08008dc6   0x08008dc6   0x00000056   Code   RO         4262    i.xTaskCreateStatic  tasks.o
    0x08008e1c   0x08008e1c   0x000000cc   Code   RO         4269    i.xTaskIncrementTick  tasks.o
    0x08008ee8   0x08008ee8   0x000000c4   Code   RO         4275    i.xTaskResumeAll    tasks.o
    0x08008fac   0x08008fac   0x0000002c   Code   RO         6762    locale$$code        c_w.l(lc_numeric_c.o)
    0x08008fd8   0x08008fd8   0x0000002c   Code   RO         6785    locale$$code        c_w.l(lc_ctype_c.o)
    0x08009004   0x08009004   0x00000018   Code   RO         6586    x$fpl$basic         fz_wm.l(basic.o)
    0x0800901c   0x0800901c   0x00000062   Code   RO         6431    x$fpl$d2f           fz_wm.l(d2f.o)
    0x0800907e   0x0800907e   0x00000002   PAD
    0x08009080   0x08009080   0x00000150   Code   RO         6588    x$fpl$dadd          fz_wm.l(daddsub_clz.o)
    0x080091d0   0x080091d0   0x000002b0   Code   RO         6434    x$fpl$ddiv          fz_wm.l(ddiv.o)
    0x08009480   0x08009480   0x0000005e   Code   RO         6437    x$fpl$dfix          fz_wm.l(dfix.o)
    0x080094de   0x080094de   0x00000002   PAD
    0x080094e0   0x080094e0   0x0000005a   Code   RO         6441    x$fpl$dfixu         fz_wm.l(dfixu.o)
    0x0800953a   0x0800953a   0x0000002e   Code   RO         6446    x$fpl$dflt          fz_wm.l(dflt_clz.o)
    0x08009568   0x08009568   0x00000154   Code   RO         6451    x$fpl$dmul          fz_wm.l(dmul.o)
    0x080096bc   0x080096bc   0x0000009c   Code   RO         6594    x$fpl$dnaninf       fz_wm.l(dnaninf.o)
    0x08009758   0x08009758   0x0000000c   Code   RO         6596    x$fpl$dretinf       fz_wm.l(dretinf.o)
    0x08009764   0x08009764   0x00000016   Code   RO         6589    x$fpl$drsb          fz_wm.l(daddsub_clz.o)
    0x0800977a   0x0800977a   0x00000002   PAD
    0x0800977c   0x0800977c   0x00000198   Code   RO         6720    x$fpl$dsqrt         fz_wm.l(dsqrt_umaal.o)
    0x08009914   0x08009914   0x000001d4   Code   RO         6590    x$fpl$dsub          fz_wm.l(daddsub_clz.o)
    0x08009ae8   0x08009ae8   0x00000056   Code   RO         6453    x$fpl$f2d           fz_wm.l(f2d.o)
    0x08009b3e   0x08009b3e   0x0000008c   Code   RO         6598    x$fpl$fnaninf       fz_wm.l(fnaninf.o)
    0x08009bca   0x08009bca   0x0000000a   Code   RO         6853    x$fpl$fpinit        fz_wm.l(fpinit.o)
    0x08009bd4   0x08009bd4   0x0000000a   Code   RO         6600    x$fpl$fretinf       fz_wm.l(fretinf.o)
    0x08009bde   0x08009bde   0x00000004   Code   RO         6602    x$fpl$printf1       fz_wm.l(printf1.o)
    0x08009be2   0x08009be2   0x00000004   Code   RO         6604    x$fpl$printf2       fz_wm.l(printf2.o)
    0x08009be6   0x08009be6   0x00000000   Code   RO         6610    x$fpl$usenofp       fz_wm.l(usenofp.o)
    0x08009be6   0x08009be6   0x00000002   PAD
    0x08009be8   0x08009be8   0x00000054   Data   RO          299    .constdata          freertos.o
    0x08009c3c   0x08009c3c   0x00000008   Data   RO         2195    .constdata          stm32f4xx_hal_dma.o
    0x08009c44   0x08009c44   0x00000010   Data   RO         3727    .constdata          system_stm32f4xx.o
    0x08009c54   0x08009c54   0x00000008   Data   RO         3728    .constdata          system_stm32f4xx.o
    0x08009c5c   0x08009c5c   0x00000054   Data   RO         5177    .constdata          car.o
    0x08009cb0   0x08009cb0   0x0000001e   Data   RO         5531    .constdata          inv_mpu.o
    0x08009cce   0x08009cce   0x0000000c   Data   RO         5532    .constdata          inv_mpu.o
    0x08009cda   0x08009cda   0x00000002   PAD
    0x08009cdc   0x08009cdc   0x00000030   Data   RO         5533    .constdata          inv_mpu.o
    0x08009d0c   0x08009d0c   0x00000bf6   Data   RO         5856    .constdata          inv_mpu_dmp_motion_driver.o
    0x0800a902   0x0800a902   0x00000011   Data   RO         6409    .constdata          c_w.l(__printf_flags_ss_wp.o)
    0x0800a913   0x0800a913   0x00000005   PAD
    0x0800a918   0x0800a918   0x00000050   Data   RO         6458    .constdata          m_wm.l(asin.o)
    0x0800a968   0x0800a968   0x00000008   Data   RO         6529    .constdata          c_w.l(_printf_wctomb.o)
    0x0800a970   0x0800a970   0x00000028   Data   RO         6558    .constdata          c_w.l(_printf_hex_int_ll_ptr.o)
    0x0800a998   0x0800a998   0x00000098   Data   RO         6614    .constdata          m_wm.l(atan.o)
    0x0800aa30   0x0800aa30   0x00000008   Data   RO         6665    .constdata          m_wm.l(qnan.o)
    0x0800aa38   0x0800aa38   0x00000026   Data   RO         6708    .constdata          c_w.l(_printf_fp_hex.o)
    0x0800aa5e   0x0800aa5e   0x00000002   PAD
    0x0800aa60   0x0800aa60   0x00000094   Data   RO         6737    .constdata          c_w.l(bigflt0.o)
    0x0800aaf4   0x0800aaf4   0x00000020   Data   RO          300    .conststring        freertos.o
    0x0800ab14   0x0800ab14   0x00000020   Data   RO         6909    Region$$Table       anon$$obj.o
    0x0800ab34   0x0800ab34   0x0000001c   Data   RO         6761    locale$$data        c_w.l(lc_numeric_c.o)
    0x0800ab50   0x0800ab50   0x00000110   Data   RO         6784    locale$$data        c_w.l(lc_ctype_c.o)


    Execution Region RW_IRAM1 (Exec base: 0x20000000, Load base: 0x0800ac60, Size: 0x000051a0, Max: 0x00018000, ABSOLUTE)

    Exec Addr    Load Addr    Size         Type   Attr      Idx    E Section Name        Object

    0x20000000   0x0800ac60   0x0000000c   Data   RW          301    .data               freertos.o
    0x2000000c   0x0800ac6c   0x0000000c   Data   RW         2664    .data               stm32f4xx_hal.o
    0x20000018   0x0800ac78   0x00000004   Data   RW         3729    .data               system_stm32f4xx.o
    0x2000001c   0x0800ac7c   0x0000003c   Data   RW         4278    .data               tasks.o
    0x20000058   0x0800acb8   0x00000020   Data   RW         4922    .data               heap_4.o
    0x20000078   0x0800acd8   0x0000000c   Data   RW         4990    .data               port.o
    0x20000084   0x0800ace4   0x00000002   Data   RW         5103    .data               encoder.o
    0x20000086   0x0800ace6   0x00000001   Data   RW         5340    .data               oledtask.o
    0x20000087   0x0800ace7   0x00000001   PAD
    0x20000088   0x0800ace8   0x00000008   Data   RW         5377    .data               communication.o
    0x20000090   0x0800acf0   0x00000008   Data   RW         5439    .data               delay.o
    0x20000098   0x0800acf8   0x0000002c   Data   RW         5535    .data               inv_mpu.o
    0x200000c4   0x0800ad24   0x00000009   Data   RW         6020    .data               mpu6500.o
    0x200000cd   0x0800ad2d   0x00000001   PAD
    0x200000ce   0x0800ad2e   0x00000006   Data   RW         6074    .data               ssd1306.o
    0x200000d4        -       0x00000254   Zero   RW          298    .bss                freertos.o
    0x20000328        -       0x000000b4   Zero   RW          378    .bss                i2c.o
    0x200003dc        -       0x00000120   Zero   RW          426    .bss                tim.o
    0x200004fc        -       0x00000210   Zero   RW          499    .bss                usart.o
    0x2000070c        -       0x00000048   Zero   RW          688    .bss                stm32f4xx_hal_timebase_tim.o
    0x20000754        -       0x000000f0   Zero   RW         4277    .bss                tasks.o
    0x20000844        -       0x00003c00   Zero   RW         4921    .bss                heap_4.o
    0x20004444        -       0x00000168   Zero   RW         5176    .bss                car.o
    0x200045ac        -       0x00000180   Zero   RW         5375    .bss                communication.o
    0x2000472c        -       0x00000010   Zero   RW         5855    .bss                inv_mpu_dmp_motion_driver.o
    0x2000473c        -       0x00000400   Zero   RW         6073    .bss                ssd1306.o
    0x20004b3c        -       0x00000060   Zero   RW         6723    .bss                c_w.l(libspace.o)
    0x20004b9c   0x0800ad34   0x00000004   PAD
    0x20004ba0        -       0x00000200   Zero   RW            2    HEAP                startup_stm32f401xe.o
    0x20004da0        -       0x00000400   Zero   RW            1    STACK               startup_stm32f401xe.o


==============================================================================

Image component sizes


      Code (inc. data)   RO Data    RW Data    ZI Data      Debug   Object Name

       512         48         84          0        360       2404   car.o
       216         42          0          0          0       1815   cartask.o
       120          0          0          0          0      23417   cmsis_os.o
       212         36          0          8        384       3954   communication.o
       108         18          0          8          0       1964   delay.o
       124          4          0          0          0        858   dma.o
       104          8          0          2          0       1624   encoder.o
         0          0          0          0          0      17008   event_groups.o
       112         14        116         12        596       2723   freertos.o
       228         16          0          0          0       1015   gpio.o
       472         24          0         32      15360       7491   heap_4.o
       240         36          0          0        180       1794   i2c.o
        56          8          0          0          0       1665   imu.o
      3188        164         90         44          0      20743   inv_mpu.o
      1994        122       3062          0         16      18873   inv_mpu_dmp_motion_driver.o
       138          0          0          0          0       3610   list.o
       312         30          0          0          0     463640   main.o
       286         10          0          0          0       1434   motor.o
       584         18          0          9          0       3691   mpu6500.o
        64          8          0          1          0        592   oledtask.o
       388          8          0          0          0       1946   pid.o
       702         72          0         12          0      11064   port.o
       392         32          0          6       1024       5109   ssd1306.o
        64         26        404          0       1536        852   startup_stm32f401xe.o
        80         14          0         12          0       7982   stm32f4xx_hal.o
       158         14          0          0          0      33090   stm32f4xx_hal_cortex.o
      1090         16          8          0          0       8005   stm32f4xx_hal_dma.o
       490         34          0          0          0       2192   stm32f4xx_hal_gpio.o
      5202         86          0          0          0      31884   stm32f4xx_hal_i2c.o
        56          4          0          0          0        882   stm32f4xx_hal_msp.o
      1408         82          0          0          0       5945   stm32f4xx_hal_rcc.o
      2128         88          0          0          0      19005   stm32f4xx_hal_tim.o
       128         20          0          0          0       2513   stm32f4xx_hal_tim_ex.o
       152         20          0          0         72       1499   stm32f4xx_hal_timebase_tim.o
      1890         30          0          0          0      14800   stm32f4xx_hal_uart.o
       148         64          0          0          0       7673   stm32f4xx_it.o
         0          0          0          0          0        448   stream_buffer.o
        16          4         24          4          0       1151   system_stm32f4xx.o
      1520        112          0         60        240      19626   tasks.o
       840         68          0          0        288       5245   tim.o
       524         50          0          0        528       2823   usart.o

    ----------------------------------------------------------------------
     26498       1450       3822        212      20584     764049   Object Totals
         0          0         32          0          0          0   (incl. Generated)
        52          0          2          2          0          0   (incl. Padding)

    ----------------------------------------------------------------------

      Code (inc. data)   RO Data    RW Data    ZI Data      Debug   Library Member Name

         8          0          0          0          0         68   __main.o
       392          4         17          0          0         92   __printf_flags_ss_wp.o
        14          0          0          0          0         68   __printf_wp.o
         0          0          0          0          0          0   __rtentry.o
        12          0          0          0          0          0   __rtentry2.o
         6          0          0          0          0          0   __rtentry4.o
        52          8          0          0          0          0   __scatter.o
        26          0          0          0          0          0   __scatter_copy.o
        28          0          0          0          0          0   __scatter_zi.o
         6          0          0          0          0          0   _printf_a.o
         6          0          0          0          0          0   _printf_c.o
        44          0          0          0          0        108   _printf_char.o
        48          6          0          0          0         96   _printf_char_common.o
        40          0          0          0          0         68   _printf_charcount.o
         6          0          0          0          0          0   _printf_d.o
       120         16          0          0          0         92   _printf_dec.o
         6          0          0          0          0          0   _printf_e.o
         6          0          0          0          0          0   _printf_f.o
      1054          0          0          0          0        216   _printf_fp_dec.o
       764          8         38          0          0        100   _printf_fp_hex.o
       128         16          0          0          0         84   _printf_fp_infnan.o
         6          0          0          0          0          0   _printf_g.o
       148          4         40          0          0        160   _printf_hex_int_ll_ptr.o
         6          0          0          0          0          0   _printf_i.o
       178          0          0          0          0         88   _printf_intcommon.o
        10          0          0          0          0          0   _printf_l.o
         6          0          0          0          0          0   _printf_lc.o
        10          0          0          0          0          0   _printf_ll.o
         6          0          0          0          0          0   _printf_lld.o
         6          0          0          0          0          0   _printf_lli.o
         6          0          0          0          0          0   _printf_llo.o
         6          0          0          0          0          0   _printf_llu.o
         6          0          0          0          0          0   _printf_llx.o
       124         16          0          0          0         92   _printf_longlong_dec.o
         6          0          0          0          0          0   _printf_ls.o
         6          0          0          0          0          0   _printf_n.o
         6          0          0          0          0          0   _printf_o.o
       112         10          0          0          0        124   _printf_oct_int_ll.o
         6          0          0          0          0          0   _printf_p.o
        78          0          0          0          0        108   _printf_pad.o
         0          0          0          0          0          0   _printf_percent.o
         4          0          0          0          0          0   _printf_percent_end.o
         6          0          0          0          0          0   _printf_s.o
        82          0          0          0          0         80   _printf_str.o
        36          0          0          0          0         84   _printf_truncate.o
         6          0          0          0          0          0   _printf_u.o
        44          0          0          0          0        108   _printf_wchar.o
       188          6          8          0          0         92   _printf_wctomb.o
         6          0          0          0          0          0   _printf_x.o
        22          0          0          0          0        100   _rserrno.o
        10          0          0          0          0         68   _sputc.o
        64          0          0          0          0         92   _wcrtomb.o
        16          0          0          0          0         68   aeabi_memset.o
       228          4        148          0          0         96   bigflt0.o
      1936        128          0          0          0        672   btod.o
        18          0          0          0          0         80   exit.o
         6          0          0          0          0        152   heapauxi.o
         0          0          0          0          0          0   indicate_semi.o
        44         10        272          0          0         76   lc_ctype_c.o
        44         10         28          0          0         76   lc_numeric_c.o
         2          0          0          0          0          0   libinit.o
        34          0          0          0          0          0   libinit2.o
         2          0          0          0          0          0   libshutdown.o
         2          0          0          0          0          0   libshutdown2.o
         8          4          0          0         96         68   libspace.o
       138          0          0          0          0         80   lludiv10.o
       238          0          0          0          0        100   lludivv7m.o
        88          0          0          0          0         76   memcmp.o
        16          4          0          0          0         76   rt_ctype_table.o
         8          4          0          0          0         68   rt_errno_addr_intlibspace.o
         8          4          0          0          0         68   rt_locale_intlibspace.o
        68          0          0          0          0         68   rt_memclr.o
        78          0          0          0          0         80   rt_memclr_w.o
       100          0          0          0          0         80   rt_memcpy_w.o
         2          0          0          0          0          0   rtexit.o
        10          0          0          0          0          0   rtexit2.o
       128          0          0          0          0         68   strcmpv7m.o
        12          4          0          0          0         68   sys_exit.o
        74          0          0          0          0         80   sys_stackheap_outer.o
         2          0          0          0          0         68   use_no_semi.o
        36          4          0          0          0         76   vsprintf.o
        24          0          0          0          0        164   basic.o
        98          4          0          0          0        140   d2f.o
       826         16          0          0          0        492   daddsub_clz.o
       688        140          0          0          0        256   ddiv.o
        94          4          0          0          0        140   dfix.o
        90          4          0          0          0        140   dfixu.o
        46          0          0          0          0        116   dflt_clz.o
       340         12          0          0          0        152   dmul.o
       156          4          0          0          0        140   dnaninf.o
        12          0          0          0          0        116   dretinf.o
       408         56          0          0          0        168   dsqrt_umaal.o
        86          4          0          0          0        132   f2d.o
       140          4          0          0          0        132   fnaninf.o
        10          0          0          0          0        116   fpinit.o
        10          0          0          0          0        116   fretinf.o
         4          0          0          0          0        116   printf1.o
         4          0          0          0          0        116   printf2.o
         0          0          0          0          0          0   usenofp.o
       864         94         80          0          0        280   asin.o
       744        106        152          0          0        352   atan.o
       496         64          0          0          0        192   atan2.o
       104         16          0          0          0        496   dunder.o
        24          0          0          0          0        124   fabs.o
        48          0          0          0          0        124   fpclassify.o
       248          0          0          0          0        152   poly.o
         0          0          8          0          0          0   qnan.o
       110          0          0          0          0        148   sqrt.o

    ----------------------------------------------------------------------
     13010        798        798          0        100       9152   Library Totals
        24          0          7          0          4          0   (incl. Padding)

    ----------------------------------------------------------------------

      Code (inc. data)   RO Data    RW Data    ZI Data      Debug   Library Name

      7312        270        551          0         96       4532   c_w.l
      3036        248          0          0          0       2752   fz_wm.l
      2638        280        240          0          0       1868   m_wm.l

    ----------------------------------------------------------------------
     13010        798        798          0        100       9152   Library Totals

    ----------------------------------------------------------------------

==============================================================================


      Code (inc. data)   RO Data    RW Data    ZI Data      Debug   

     39508       2248       4620        212      20684     744305   Grand Totals
     39508       2248       4620        212      20684     744305   ELF Image Totals
     39508       2248       4620        212          0          0   ROM Totals

==============================================================================

    Total RO  Size (Code + RO Data)                44128 (  43.09kB)
    Total RW  Size (RW Data + ZI Data)             20896 (  20.41kB)
    Total ROM Size (Code + RO Data + RW Data)      44340 (  43.30kB)

==============================================================================

